Command line invocation:
    /Applications/Xcode.app/Contents/Developer/usr/bin/xcodebuild build -scheme FitTrackPro -destination "generic/platform=iOS Simulator"

ComputePackagePrebuildTargetDependencyGraph

Prepare packages

CreateBuildRequest

SendProjectDescription

CreateBuildOperation

ComputeTargetDependencyGraph
note: Building targets in dependency order
note: Target dependency graph (2 targets)
    Target 'FitTrackPro' in project 'FitTrackPro'
        ➜ Explicit dependency on target 'FitTrackProWidgetExtension' in project 'FitTrackPro'
    Target 'FitTrackProWidgetExtension' in project 'FitTrackPro' (no dependencies)

GatherProvisioningInputs

CreateBuildDescription

ExecuteExternalTool /Applications/Xcode.app/Contents/Developer/Toolchains/XcodeDefault.xctoolchain/usr/bin/clang -v -E -dM -isysroot /Applications/Xcode.app/Contents/Developer/Platforms/iPhoneSimulator.platform/Developer/SDKs/iPhoneSimulator26.5.sdk -x c -c /dev/null

ExecuteExternalTool /Applications/Xcode.app/Contents/Developer/usr/bin/actool --version --output-format xml1

ExecuteExternalTool /Applications/Xcode.app/Contents/Developer/usr/bin/ibtool --version --output-format xml1

ExecuteExternalTool /Applications/Xcode.app/Contents/Developer/usr/bin/actool --print-asset-tag-combinations --output-format xml1 /Users/p016324/.gemini/antigravity/scratch/FitTrackPro/Resources/Assets.xcassets

ExecuteExternalTool /Applications/Xcode.app/Contents/Developer/Toolchains/XcodeDefault.xctoolchain/usr/bin/swiftc --version

ExecuteExternalTool /Applications/Xcode.app/Contents/Developer/Toolchains/XcodeDefault.xctoolchain/usr/bin/ld -version_details

Build description signature: 0c3f5c6513a813e74d5641c31a2b046f
Build description path: /Users/p016324/Library/Developer/Xcode/DerivedData/FitTrackPro-dfuxzyqazqijhrdhlxwuokwbmmia/Build/Intermediates.noindex/XCBuildData/0c3f5c6513a813e74d5641c31a2b046f.xcbuilddata
ClangStatCache /Applications/Xcode.app/Contents/Developer/Toolchains/XcodeDefault.xctoolchain/usr/bin/clang-stat-cache /Applications/Xcode.app/Contents/Developer/Platforms/iPhoneSimulator.platform/Developer/SDKs/iPhoneSimulator26.5.sdk /Users/p016324/Library/Developer/Xcode/DerivedData/SDKStatCaches.noindex/iphonesimulator26.5-23F81a-6cfe768891a92b912361537c460fe42b.sdkstatcache
    cd /Users/p016324/.gemini/antigravity/scratch/FitTrackPro/FitTrackPro.xcodeproj
    /Applications/Xcode.app/Contents/Developer/Toolchains/XcodeDefault.xctoolchain/usr/bin/clang-stat-cache /Applications/Xcode.app/Contents/Developer/Platforms/iPhoneSimulator.platform/Developer/SDKs/iPhoneSimulator26.5.sdk -o /Users/p016324/Library/Developer/Xcode/DerivedData/SDKStatCaches.noindex/iphonesimulator26.5-23F81a-6cfe768891a92b912361537c460fe42b.sdkstatcache

CreateBuildDirectory /Users/p016324/Library/Developer/Xcode/DerivedData/FitTrackPro-dfuxzyqazqijhrdhlxwuokwbmmia/Build/Intermediates.noindex/EagerLinkingTBDs/Debug-iphonesimulator
    cd /Users/p016324/.gemini/antigravity/scratch/FitTrackPro/FitTrackPro.xcodeproj
    builtin-create-build-directory /Users/p016324/Library/Developer/Xcode/DerivedData/FitTrackPro-dfuxzyqazqijhrdhlxwuokwbmmia/Build/Intermediates.noindex/EagerLinkingTBDs/Debug-iphonesimulator

CreateBuildDirectory /Users/p016324/Library/Developer/Xcode/DerivedData/FitTrackPro-dfuxzyqazqijhrdhlxwuokwbmmia/Build/Products/Debug-iphonesimulator
    cd /Users/p016324/.gemini/antigravity/scratch/FitTrackPro/FitTrackPro.xcodeproj
    builtin-create-build-directory /Users/p016324/Library/Developer/Xcode/DerivedData/FitTrackPro-dfuxzyqazqijhrdhlxwuokwbmmia/Build/Products/Debug-iphonesimulator

WriteAuxiliaryFile /Users/p016324/Library/Developer/Xcode/DerivedData/FitTrackPro-dfuxzyqazqijhrdhlxwuokwbmmia/Build/Intermediates.noindex/FitTrackPro.build/Debug-iphonesimulator/FitTrackPro-702a1f48986567fdf61c90bfa089de21-VFS-iphonesimulator/all-product-headers.yaml
    cd /Users/p016324/.gemini/antigravity/scratch/FitTrackPro/FitTrackPro.xcodeproj
    write-file /Users/p016324/Library/Developer/Xcode/DerivedData/FitTrackPro-dfuxzyqazqijhrdhlxwuokwbmmia/Build/Intermediates.noindex/FitTrackPro.build/Debug-iphonesimulator/FitTrackPro-702a1f48986567fdf61c90bfa089de21-VFS-iphonesimulator/all-product-headers.yaml

WriteAuxiliaryFile /Users/p016324/Library/Developer/Xcode/DerivedData/FitTrackPro-dfuxzyqazqijhrdhlxwuokwbmmia/Build/Intermediates.noindex/FitTrackPro.build/Debug-iphonesimulator/FitTrackProWidgetExtension.build/FitTrackProWidgetExtension.hmap (in target 'FitTrackProWidgetExtension' from project 'FitTrackPro')
    cd /Users/p016324/.gemini/antigravity/scratch/FitTrackPro
    write-file /Users/p016324/Library/Developer/Xcode/DerivedData/FitTrackPro-dfuxzyqazqijhrdhlxwuokwbmmia/Build/Intermediates.noindex/FitTrackPro.build/Debug-iphonesimulator/FitTrackProWidgetExtension.build/FitTrackProWidgetExtension.hmap

WriteAuxiliaryFile /Users/p016324/Library/Developer/Xcode/DerivedData/FitTrackPro-dfuxzyqazqijhrdhlxwuokwbmmia/Build/Intermediates.noindex/FitTrackPro.build/Debug-iphonesimulator/FitTrackProWidgetExtension.build/FitTrackProWidgetExtension-DebugDylibInstallName-normal-x86_64.txt (in target 'FitTrackProWidgetExtension' from project 'FitTrackPro')
    cd /Users/p016324/.gemini/antigravity/scratch/FitTrackPro
    write-file /Users/p016324/Library/Developer/Xcode/DerivedData/FitTrackPro-dfuxzyqazqijhrdhlxwuokwbmmia/Build/Intermediates.noindex/FitTrackPro.build/Debug-iphonesimulator/FitTrackProWidgetExtension.build/FitTrackProWidgetExtension-DebugDylibInstallName-normal-x86_64.txt

WriteAuxiliaryFile /Users/p016324/Library/Developer/Xcode/DerivedData/FitTrackPro-dfuxzyqazqijhrdhlxwuokwbmmia/Build/Intermediates.noindex/FitTrackPro.build/Debug-iphonesimulator/FitTrackProWidgetExtension.build/FitTrackProWidgetExtension-DebugEntryPoint-normal-x86_64.txt (in target 'FitTrackProWidgetExtension' from project 'FitTrackPro')
    cd /Users/p016324/.gemini/antigravity/scratch/FitTrackPro
    write-file /Users/p016324/Library/Developer/Xcode/DerivedData/FitTrackPro-dfuxzyqazqijhrdhlxwuokwbmmia/Build/Intermediates.noindex/FitTrackPro.build/Debug-iphonesimulator/FitTrackProWidgetExtension.build/FitTrackProWidgetExtension-DebugEntryPoint-normal-x86_64.txt

WriteAuxiliaryFile /Users/p016324/Library/Developer/Xcode/DerivedData/FitTrackPro-dfuxzyqazqijhrdhlxwuokwbmmia/Build/Intermediates.noindex/FitTrackPro.build/Debug-iphonesimulator/FitTrackProWidgetExtension.build/FitTrackProWidgetExtension-DebugDylibPath-normal-x86_64.txt (in target 'FitTrackProWidgetExtension' from project 'FitTrackPro')
    cd /Users/p016324/.gemini/antigravity/scratch/FitTrackPro
    write-file /Users/p016324/Library/Developer/Xcode/DerivedData/FitTrackPro-dfuxzyqazqijhrdhlxwuokwbmmia/Build/Intermediates.noindex/FitTrackPro.build/Debug-iphonesimulator/FitTrackProWidgetExtension.build/FitTrackProWidgetExtension-DebugDylibPath-normal-x86_64.txt

WriteAuxiliaryFile /Users/p016324/Library/Developer/Xcode/DerivedData/FitTrackPro-dfuxzyqazqijhrdhlxwuokwbmmia/Build/Intermediates.noindex/FitTrackPro.build/Debug-iphonesimulator/FitTrackProWidgetExtension.build/FitTrackProWidgetExtension-all-non-framework-target-headers.hmap (in target 'FitTrackProWidgetExtension' from project 'FitTrackPro')
    cd /Users/p016324/.gemini/antigravity/scratch/FitTrackPro
    write-file /Users/p016324/Library/Developer/Xcode/DerivedData/FitTrackPro-dfuxzyqazqijhrdhlxwuokwbmmia/Build/Intermediates.noindex/FitTrackPro.build/Debug-iphonesimulator/FitTrackProWidgetExtension.build/FitTrackProWidgetExtension-all-non-framework-target-headers.hmap

WriteAuxiliaryFile /Users/p016324/Library/Developer/Xcode/DerivedData/FitTrackPro-dfuxzyqazqijhrdhlxwuokwbmmia/Build/Intermediates.noindex/FitTrackPro.build/Debug-iphonesimulator/FitTrackProWidgetExtension.build/Objects-normal/x86_64/FitTrackProWidgetExtension-OutputFileMap.json (in target 'FitTrackProWidgetExtension' from project 'FitTrackPro')
    cd /Users/p016324/.gemini/antigravity/scratch/FitTrackPro
    write-file /Users/p016324/Library/Developer/Xcode/DerivedData/FitTrackPro-dfuxzyqazqijhrdhlxwuokwbmmia/Build/Intermediates.noindex/FitTrackPro.build/Debug-iphonesimulator/FitTrackProWidgetExtension.build/Objects-normal/x86_64/FitTrackProWidgetExtension-OutputFileMap.json

WriteAuxiliaryFile /Users/p016324/Library/Developer/Xcode/DerivedData/FitTrackPro-dfuxzyqazqijhrdhlxwuokwbmmia/Build/Intermediates.noindex/FitTrackPro.build/Debug-iphonesimulator/FitTrackProWidgetExtension.build/Objects-normal/x86_64/FitTrackProWidgetExtension.SwiftFileList (in target 'FitTrackProWidgetExtension' from project 'FitTrackPro')
    cd /Users/p016324/.gemini/antigravity/scratch/FitTrackPro
    write-file /Users/p016324/Library/Developer/Xcode/DerivedData/FitTrackPro-dfuxzyqazqijhrdhlxwuokwbmmia/Build/Intermediates.noindex/FitTrackPro.build/Debug-iphonesimulator/FitTrackProWidgetExtension.build/Objects-normal/x86_64/FitTrackProWidgetExtension.SwiftFileList

WriteAuxiliaryFile /Users/p016324/Library/Developer/Xcode/DerivedData/FitTrackPro-dfuxzyqazqijhrdhlxwuokwbmmia/Build/Intermediates.noindex/FitTrackPro.build/Debug-iphonesimulator/FitTrackProWidgetExtension.build/Objects-normal/x86_64/FitTrackProWidgetExtension.SwiftConstValuesFileList (in target 'FitTrackProWidgetExtension' from project 'FitTrackPro')
    cd /Users/p016324/.gemini/antigravity/scratch/FitTrackPro
    write-file /Users/p016324/Library/Developer/Xcode/DerivedData/FitTrackPro-dfuxzyqazqijhrdhlxwuokwbmmia/Build/Intermediates.noindex/FitTrackPro.build/Debug-iphonesimulator/FitTrackProWidgetExtension.build/Objects-normal/x86_64/FitTrackProWidgetExtension.SwiftConstValuesFileList

WriteAuxiliaryFile /Users/p016324/Library/Developer/Xcode/DerivedData/FitTrackPro-dfuxzyqazqijhrdhlxwuokwbmmia/Build/Intermediates.noindex/FitTrackPro.build/Debug-iphonesimulator/FitTrackProWidgetExtension.build/Objects-normal/x86_64/FitTrackProWidgetExtension.LinkFileList (in target 'FitTrackProWidgetExtension' from project 'FitTrackPro')
    cd /Users/p016324/.gemini/antigravity/scratch/FitTrackPro
    write-file /Users/p016324/Library/Developer/Xcode/DerivedData/FitTrackPro-dfuxzyqazqijhrdhlxwuokwbmmia/Build/Intermediates.noindex/FitTrackPro.build/Debug-iphonesimulator/FitTrackProWidgetExtension.build/Objects-normal/x86_64/FitTrackProWidgetExtension.LinkFileList

WriteAuxiliaryFile /Users/p016324/Library/Developer/Xcode/DerivedData/FitTrackPro-dfuxzyqazqijhrdhlxwuokwbmmia/Build/Intermediates.noindex/FitTrackPro.build/Debug-iphonesimulator/FitTrackProWidgetExtension.build/Objects-normal/arm64/FitTrackProWidgetExtension_const_extract_protocols.json (in target 'FitTrackProWidgetExtension' from project 'FitTrackPro')
    cd /Users/p016324/.gemini/antigravity/scratch/FitTrackPro
    write-file /Users/p016324/Library/Developer/Xcode/DerivedData/FitTrackPro-dfuxzyqazqijhrdhlxwuokwbmmia/Build/Intermediates.noindex/FitTrackPro.build/Debug-iphonesimulator/FitTrackProWidgetExtension.build/Objects-normal/arm64/FitTrackProWidgetExtension_const_extract_protocols.json

WriteAuxiliaryFile /Users/p016324/Library/Developer/Xcode/DerivedData/FitTrackPro-dfuxzyqazqijhrdhlxwuokwbmmia/Build/Intermediates.noindex/FitTrackPro.build/Debug-iphonesimulator/FitTrackProWidgetExtension.build/Objects-normal/x86_64/FitTrackProWidgetExtension_const_extract_protocols.json (in target 'FitTrackProWidgetExtension' from project 'FitTrackPro')
    cd /Users/p016324/.gemini/antigravity/scratch/FitTrackPro
    write-file /Users/p016324/Library/Developer/Xcode/DerivedData/FitTrackPro-dfuxzyqazqijhrdhlxwuokwbmmia/Build/Intermediates.noindex/FitTrackPro.build/Debug-iphonesimulator/FitTrackProWidgetExtension.build/Objects-normal/x86_64/FitTrackProWidgetExtension_const_extract_protocols.json

WriteAuxiliaryFile /Users/p016324/Library/Developer/Xcode/DerivedData/FitTrackPro-dfuxzyqazqijhrdhlxwuokwbmmia/Build/Intermediates.noindex/FitTrackPro.build/Debug-iphonesimulator/FitTrackProWidgetExtension.build/Objects-normal/arm64/FitTrackProWidgetExtension.SwiftFileList (in target 'FitTrackProWidgetExtension' from project 'FitTrackPro')
    cd /Users/p016324/.gemini/antigravity/scratch/FitTrackPro
    write-file /Users/p016324/Library/Developer/Xcode/DerivedData/FitTrackPro-dfuxzyqazqijhrdhlxwuokwbmmia/Build/Intermediates.noindex/FitTrackPro.build/Debug-iphonesimulator/FitTrackProWidgetExtension.build/Objects-normal/arm64/FitTrackProWidgetExtension.SwiftFileList

WriteAuxiliaryFile /Users/p016324/Library/Developer/Xcode/DerivedData/FitTrackPro-dfuxzyqazqijhrdhlxwuokwbmmia/Build/Intermediates.noindex/FitTrackPro.build/Debug-iphonesimulator/FitTrackProWidgetExtension.build/Objects-normal/arm64/FitTrackProWidgetExtension.SwiftConstValuesFileList (in target 'FitTrackProWidgetExtension' from project 'FitTrackPro')
    cd /Users/p016324/.gemini/antigravity/scratch/FitTrackPro
    write-file /Users/p016324/Library/Developer/Xcode/DerivedData/FitTrackPro-dfuxzyqazqijhrdhlxwuokwbmmia/Build/Intermediates.noindex/FitTrackPro.build/Debug-iphonesimulator/FitTrackProWidgetExtension.build/Objects-normal/arm64/FitTrackProWidgetExtension.SwiftConstValuesFileList

WriteAuxiliaryFile /Users/p016324/Library/Developer/Xcode/DerivedData/FitTrackPro-dfuxzyqazqijhrdhlxwuokwbmmia/Build/Intermediates.noindex/FitTrackPro.build/Debug-iphonesimulator/FitTrackProWidgetExtension.build/Objects-normal/arm64/FitTrackProWidgetExtension.LinkFileList (in target 'FitTrackProWidgetExtension' from project 'FitTrackPro')
    cd /Users/p016324/.gemini/antigravity/scratch/FitTrackPro
    write-file /Users/p016324/Library/Developer/Xcode/DerivedData/FitTrackPro-dfuxzyqazqijhrdhlxwuokwbmmia/Build/Intermediates.noindex/FitTrackPro.build/Debug-iphonesimulator/FitTrackProWidgetExtension.build/Objects-normal/arm64/FitTrackProWidgetExtension.LinkFileList

WriteAuxiliaryFile /Users/p016324/Library/Developer/Xcode/DerivedData/FitTrackPro-dfuxzyqazqijhrdhlxwuokwbmmia/Build/Intermediates.noindex/FitTrackPro.build/Debug-iphonesimulator/FitTrackProWidgetExtension.build/FitTrackProWidgetExtension.DependencyStaticMetadataFileList (in target 'FitTrackProWidgetExtension' from project 'FitTrackPro')
    cd /Users/p016324/.gemini/antigravity/scratch/FitTrackPro
    write-file /Users/p016324/Library/Developer/Xcode/DerivedData/FitTrackPro-dfuxzyqazqijhrdhlxwuokwbmmia/Build/Intermediates.noindex/FitTrackPro.build/Debug-iphonesimulator/FitTrackProWidgetExtension.build/FitTrackProWidgetExtension.DependencyStaticMetadataFileList

WriteAuxiliaryFile /Users/p016324/Library/Developer/Xcode/DerivedData/FitTrackPro-dfuxzyqazqijhrdhlxwuokwbmmia/Build/Intermediates.noindex/FitTrackPro.build/Debug-iphonesimulator/FitTrackProWidgetExtension.build/Objects-normal/arm64/FitTrackProWidgetExtension-OutputFileMap.json (in target 'FitTrackProWidgetExtension' from project 'FitTrackPro')
    cd /Users/p016324/.gemini/antigravity/scratch/FitTrackPro
    write-file /Users/p016324/Library/Developer/Xcode/DerivedData/FitTrackPro-dfuxzyqazqijhrdhlxwuokwbmmia/Build/Intermediates.noindex/FitTrackPro.build/Debug-iphonesimulator/FitTrackProWidgetExtension.build/Objects-normal/arm64/FitTrackProWidgetExtension-OutputFileMap.json

WriteAuxiliaryFile /Users/p016324/Library/Developer/Xcode/DerivedData/FitTrackPro-dfuxzyqazqijhrdhlxwuokwbmmia/Build/Intermediates.noindex/FitTrackPro.build/Debug-iphonesimulator/FitTrackProWidgetExtension.build/FitTrackProWidgetExtension.DependencyMetadataFileList (in target 'FitTrackProWidgetExtension' from project 'FitTrackPro')
    cd /Users/p016324/.gemini/antigravity/scratch/FitTrackPro
    write-file /Users/p016324/Library/Developer/Xcode/DerivedData/FitTrackPro-dfuxzyqazqijhrdhlxwuokwbmmia/Build/Intermediates.noindex/FitTrackPro.build/Debug-iphonesimulator/FitTrackProWidgetExtension.build/FitTrackProWidgetExtension.DependencyMetadataFileList

WriteAuxiliaryFile /Users/p016324/Library/Developer/Xcode/DerivedData/FitTrackPro-dfuxzyqazqijhrdhlxwuokwbmmia/Build/Intermediates.noindex/FitTrackPro.build/Debug-iphonesimulator/FitTrackProWidgetExtension.build/FitTrackProWidgetExtension-project-headers.hmap (in target 'FitTrackProWidgetExtension' from project 'FitTrackPro')
    cd /Users/p016324/.gemini/antigravity/scratch/FitTrackPro
    write-file /Users/p016324/Library/Developer/Xcode/DerivedData/FitTrackPro-dfuxzyqazqijhrdhlxwuokwbmmia/Build/Intermediates.noindex/FitTrackPro.build/Debug-iphonesimulator/FitTrackProWidgetExtension.build/FitTrackProWidgetExtension-project-headers.hmap

WriteAuxiliaryFile /Users/p016324/Library/Developer/Xcode/DerivedData/FitTrackPro-dfuxzyqazqijhrdhlxwuokwbmmia/Build/Intermediates.noindex/FitTrackPro.build/Debug-iphonesimulator/FitTrackProWidgetExtension.build/FitTrackProWidgetExtension-own-target-headers.hmap (in target 'FitTrackProWidgetExtension' from project 'FitTrackPro')
    cd /Users/p016324/.gemini/antigravity/scratch/FitTrackPro
    write-file /Users/p016324/Library/Developer/Xcode/DerivedData/FitTrackPro-dfuxzyqazqijhrdhlxwuokwbmmia/Build/Intermediates.noindex/FitTrackPro.build/Debug-iphonesimulator/FitTrackProWidgetExtension.build/FitTrackProWidgetExtension-own-target-headers.hmap

WriteAuxiliaryFile /Users/p016324/Library/Developer/Xcode/DerivedData/FitTrackPro-dfuxzyqazqijhrdhlxwuokwbmmia/Build/Intermediates.noindex/FitTrackPro.build/Debug-iphonesimulator/FitTrackProWidgetExtension.build/FitTrackProWidgetExtension-generated-files.hmap (in target 'FitTrackProWidgetExtension' from project 'FitTrackPro')
    cd /Users/p016324/.gemini/antigravity/scratch/FitTrackPro
    write-file /Users/p016324/Library/Developer/Xcode/DerivedData/FitTrackPro-dfuxzyqazqijhrdhlxwuokwbmmia/Build/Intermediates.noindex/FitTrackPro.build/Debug-iphonesimulator/FitTrackProWidgetExtension.build/FitTrackProWidgetExtension-generated-files.hmap

WriteAuxiliaryFile /Users/p016324/Library/Developer/Xcode/DerivedData/FitTrackPro-dfuxzyqazqijhrdhlxwuokwbmmia/Build/Intermediates.noindex/FitTrackPro.build/Debug-iphonesimulator/FitTrackProWidgetExtension.build/FitTrackProWidgetExtension-all-target-headers.hmap (in target 'FitTrackProWidgetExtension' from project 'FitTrackPro')
    cd /Users/p016324/.gemini/antigravity/scratch/FitTrackPro
    write-file /Users/p016324/Library/Developer/Xcode/DerivedData/FitTrackPro-dfuxzyqazqijhrdhlxwuokwbmmia/Build/Intermediates.noindex/FitTrackPro.build/Debug-iphonesimulator/FitTrackProWidgetExtension.build/FitTrackProWidgetExtension-all-target-headers.hmap

WriteAuxiliaryFile /Users/p016324/Library/Developer/Xcode/DerivedData/FitTrackPro-dfuxzyqazqijhrdhlxwuokwbmmia/Build/Intermediates.noindex/FitTrackPro.build/Debug-iphonesimulator/FitTrackProWidgetExtension.build/FitTrackProWidgetExtension-DebugEntryPoint-normal-arm64.txt (in target 'FitTrackProWidgetExtension' from project 'FitTrackPro')
    cd /Users/p016324/.gemini/antigravity/scratch/FitTrackPro
    write-file /Users/p016324/Library/Developer/Xcode/DerivedData/FitTrackPro-dfuxzyqazqijhrdhlxwuokwbmmia/Build/Intermediates.noindex/FitTrackPro.build/Debug-iphonesimulator/FitTrackProWidgetExtension.build/FitTrackProWidgetExtension-DebugEntryPoint-normal-arm64.txt

WriteAuxiliaryFile /Users/p016324/Library/Developer/Xcode/DerivedData/FitTrackPro-dfuxzyqazqijhrdhlxwuokwbmmia/Build/Intermediates.noindex/FitTrackPro.build/Debug-iphonesimulator/FitTrackProWidgetExtension.build/FitTrackProWidgetExtension-DebugDylibPath-normal-arm64.txt (in target 'FitTrackProWidgetExtension' from project 'FitTrackPro')
    cd /Users/p016324/.gemini/antigravity/scratch/FitTrackPro
    write-file /Users/p016324/Library/Developer/Xcode/DerivedData/FitTrackPro-dfuxzyqazqijhrdhlxwuokwbmmia/Build/Intermediates.noindex/FitTrackPro.build/Debug-iphonesimulator/FitTrackProWidgetExtension.build/FitTrackProWidgetExtension-DebugDylibPath-normal-arm64.txt

WriteAuxiliaryFile /Users/p016324/Library/Developer/Xcode/DerivedData/FitTrackPro-dfuxzyqazqijhrdhlxwuokwbmmia/Build/Intermediates.noindex/FitTrackPro.build/Debug-iphonesimulator/FitTrackProWidgetExtension.build/FitTrackProWidgetExtension-DebugDylibInstallName-normal-arm64.txt (in target 'FitTrackProWidgetExtension' from project 'FitTrackPro')
    cd /Users/p016324/.gemini/antigravity/scratch/FitTrackPro
    write-file /Users/p016324/Library/Developer/Xcode/DerivedData/FitTrackPro-dfuxzyqazqijhrdhlxwuokwbmmia/Build/Intermediates.noindex/FitTrackPro.build/Debug-iphonesimulator/FitTrackProWidgetExtension.build/FitTrackProWidgetExtension-DebugDylibInstallName-normal-arm64.txt

WriteAuxiliaryFile /Users/p016324/Library/Developer/Xcode/DerivedData/FitTrackPro-dfuxzyqazqijhrdhlxwuokwbmmia/Build/Intermediates.noindex/FitTrackPro.build/Debug-iphonesimulator/FitTrackPro.build/Objects-normal/x86_64/FitTrackPro_const_extract_protocols.json (in target 'FitTrackPro' from project 'FitTrackPro')
    cd /Users/p016324/.gemini/antigravity/scratch/FitTrackPro
    write-file /Users/p016324/Library/Developer/Xcode/DerivedData/FitTrackPro-dfuxzyqazqijhrdhlxwuokwbmmia/Build/Intermediates.noindex/FitTrackPro.build/Debug-iphonesimulator/FitTrackPro.build/Objects-normal/x86_64/FitTrackPro_const_extract_protocols.json

WriteAuxiliaryFile /Users/p016324/Library/Developer/Xcode/DerivedData/FitTrackPro-dfuxzyqazqijhrdhlxwuokwbmmia/Build/Intermediates.noindex/FitTrackPro.build/Debug-iphonesimulator/FitTrackPro.build/Objects-normal/x86_64/FitTrackPro.SwiftFileList (in target 'FitTrackPro' from project 'FitTrackPro')
    cd /Users/p016324/.gemini/antigravity/scratch/FitTrackPro
    write-file /Users/p016324/Library/Developer/Xcode/DerivedData/FitTrackPro-dfuxzyqazqijhrdhlxwuokwbmmia/Build/Intermediates.noindex/FitTrackPro.build/Debug-iphonesimulator/FitTrackPro.build/Objects-normal/x86_64/FitTrackPro.SwiftFileList

WriteAuxiliaryFile /Users/p016324/Library/Developer/Xcode/DerivedData/FitTrackPro-dfuxzyqazqijhrdhlxwuokwbmmia/Build/Intermediates.noindex/FitTrackPro.build/Debug-iphonesimulator/FitTrackPro.build/Objects-normal/x86_64/FitTrackPro.SwiftConstValuesFileList (in target 'FitTrackPro' from project 'FitTrackPro')
    cd /Users/p016324/.gemini/antigravity/scratch/FitTrackPro
    write-file /Users/p016324/Library/Developer/Xcode/DerivedData/FitTrackPro-dfuxzyqazqijhrdhlxwuokwbmmia/Build/Intermediates.noindex/FitTrackPro.build/Debug-iphonesimulator/FitTrackPro.build/Objects-normal/x86_64/FitTrackPro.SwiftConstValuesFileList

WriteAuxiliaryFile /Users/p016324/Library/Developer/Xcode/DerivedData/FitTrackPro-dfuxzyqazqijhrdhlxwuokwbmmia/Build/Intermediates.noindex/FitTrackPro.build/Debug-iphonesimulator/FitTrackPro.build/Objects-normal/x86_64/FitTrackPro.LinkFileList (in target 'FitTrackPro' from project 'FitTrackPro')
    cd /Users/p016324/.gemini/antigravity/scratch/FitTrackPro
    write-file /Users/p016324/Library/Developer/Xcode/DerivedData/FitTrackPro-dfuxzyqazqijhrdhlxwuokwbmmia/Build/Intermediates.noindex/FitTrackPro.build/Debug-iphonesimulator/FitTrackPro.build/Objects-normal/x86_64/FitTrackPro.LinkFileList

WriteAuxiliaryFile /Users/p016324/Library/Developer/Xcode/DerivedData/FitTrackPro-dfuxzyqazqijhrdhlxwuokwbmmia/Build/Intermediates.noindex/FitTrackPro.build/Debug-iphonesimulator/FitTrackPro.build/Objects-normal/x86_64/FitTrackPro-OutputFileMap.json (in target 'FitTrackPro' from project 'FitTrackPro')
    cd /Users/p016324/.gemini/antigravity/scratch/FitTrackPro
    write-file /Users/p016324/Library/Developer/Xcode/DerivedData/FitTrackPro-dfuxzyqazqijhrdhlxwuokwbmmia/Build/Intermediates.noindex/FitTrackPro.build/Debug-iphonesimulator/FitTrackPro.build/Objects-normal/x86_64/FitTrackPro-OutputFileMap.json

WriteAuxiliaryFile /Users/p016324/Library/Developer/Xcode/DerivedData/FitTrackPro-dfuxzyqazqijhrdhlxwuokwbmmia/Build/Intermediates.noindex/FitTrackPro.build/Debug-iphonesimulator/FitTrackPro.build/Objects-normal/arm64/FitTrackPro_const_extract_protocols.json (in target 'FitTrackPro' from project 'FitTrackPro')
    cd /Users/p016324/.gemini/antigravity/scratch/FitTrackPro
    write-file /Users/p016324/Library/Developer/Xcode/DerivedData/FitTrackPro-dfuxzyqazqijhrdhlxwuokwbmmia/Build/Intermediates.noindex/FitTrackPro.build/Debug-iphonesimulator/FitTrackPro.build/Objects-normal/arm64/FitTrackPro_const_extract_protocols.json

WriteAuxiliaryFile /Users/p016324/Library/Developer/Xcode/DerivedData/FitTrackPro-dfuxzyqazqijhrdhlxwuokwbmmia/Build/Intermediates.noindex/FitTrackPro.build/Debug-iphonesimulator/FitTrackProWidgetExtension.build/DerivedSources/Entitlements-Simulated.plist (in target 'FitTrackProWidgetExtension' from project 'FitTrackPro')
    cd /Users/p016324/.gemini/antigravity/scratch/FitTrackPro
    write-file /Users/p016324/Library/Developer/Xcode/DerivedData/FitTrackPro-dfuxzyqazqijhrdhlxwuokwbmmia/Build/Intermediates.noindex/FitTrackPro.build/Debug-iphonesimulator/FitTrackProWidgetExtension.build/DerivedSources/Entitlements-Simulated.plist

WriteAuxiliaryFile /Users/p016324/Library/Developer/Xcode/DerivedData/FitTrackPro-dfuxzyqazqijhrdhlxwuokwbmmia/Build/Intermediates.noindex/FitTrackPro.build/Debug-iphonesimulator/FitTrackPro.build/Objects-normal/arm64/FitTrackPro.SwiftFileList (in target 'FitTrackPro' from project 'FitTrackPro')
    cd /Users/p016324/.gemini/antigravity/scratch/FitTrackPro
    write-file /Users/p016324/Library/Developer/Xcode/DerivedData/FitTrackPro-dfuxzyqazqijhrdhlxwuokwbmmia/Build/Intermediates.noindex/FitTrackPro.build/Debug-iphonesimulator/FitTrackPro.build/Objects-normal/arm64/FitTrackPro.SwiftFileList

WriteAuxiliaryFile /Users/p016324/Library/Developer/Xcode/DerivedData/FitTrackPro-dfuxzyqazqijhrdhlxwuokwbmmia/Build/Intermediates.noindex/FitTrackPro.build/Debug-iphonesimulator/FitTrackPro.build/Objects-normal/arm64/FitTrackPro.SwiftConstValuesFileList (in target 'FitTrackPro' from project 'FitTrackPro')
    cd /Users/p016324/.gemini/antigravity/scratch/FitTrackPro
    write-file /Users/p016324/Library/Developer/Xcode/DerivedData/FitTrackPro-dfuxzyqazqijhrdhlxwuokwbmmia/Build/Intermediates.noindex/FitTrackPro.build/Debug-iphonesimulator/FitTrackPro.build/Objects-normal/arm64/FitTrackPro.SwiftConstValuesFileList

WriteAuxiliaryFile /Users/p016324/Library/Developer/Xcode/DerivedData/FitTrackPro-dfuxzyqazqijhrdhlxwuokwbmmia/Build/Intermediates.noindex/FitTrackPro.build/Debug-iphonesimulator/FitTrackPro.build/Objects-normal/arm64/FitTrackPro.LinkFileList (in target 'FitTrackPro' from project 'FitTrackPro')
    cd /Users/p016324/.gemini/antigravity/scratch/FitTrackPro
    write-file /Users/p016324/Library/Developer/Xcode/DerivedData/FitTrackPro-dfuxzyqazqijhrdhlxwuokwbmmia/Build/Intermediates.noindex/FitTrackPro.build/Debug-iphonesimulator/FitTrackPro.build/Objects-normal/arm64/FitTrackPro.LinkFileList

WriteAuxiliaryFile /Users/p016324/Library/Developer/Xcode/DerivedData/FitTrackPro-dfuxzyqazqijhrdhlxwuokwbmmia/Build/Intermediates.noindex/FitTrackPro.build/Debug-iphonesimulator/FitTrackPro.build/Objects-normal/arm64/FitTrackPro-OutputFileMap.json (in target 'FitTrackPro' from project 'FitTrackPro')
    cd /Users/p016324/.gemini/antigravity/scratch/FitTrackPro
    write-file /Users/p016324/Library/Developer/Xcode/DerivedData/FitTrackPro-dfuxzyqazqijhrdhlxwuokwbmmia/Build/Intermediates.noindex/FitTrackPro.build/Debug-iphonesimulator/FitTrackPro.build/Objects-normal/arm64/FitTrackPro-OutputFileMap.json

WriteAuxiliaryFile /Users/p016324/Library/Developer/Xcode/DerivedData/FitTrackPro-dfuxzyqazqijhrdhlxwuokwbmmia/Build/Intermediates.noindex/FitTrackPro.build/Debug-iphonesimulator/FitTrackPro.build/FitTrackPro.hmap (in target 'FitTrackPro' from project 'FitTrackPro')
    cd /Users/p016324/.gemini/antigravity/scratch/FitTrackPro
    write-file /Users/p016324/Library/Developer/Xcode/DerivedData/FitTrackPro-dfuxzyqazqijhrdhlxwuokwbmmia/Build/Intermediates.noindex/FitTrackPro.build/Debug-iphonesimulator/FitTrackPro.build/FitTrackPro.hmap

WriteAuxiliaryFile /Users/p016324/Library/Developer/Xcode/DerivedData/FitTrackPro-dfuxzyqazqijhrdhlxwuokwbmmia/Build/Intermediates.noindex/FitTrackPro.build/Debug-iphonesimulator/FitTrackPro.build/FitTrackPro.DependencyStaticMetadataFileList (in target 'FitTrackPro' from project 'FitTrackPro')
    cd /Users/p016324/.gemini/antigravity/scratch/FitTrackPro
    write-file /Users/p016324/Library/Developer/Xcode/DerivedData/FitTrackPro-dfuxzyqazqijhrdhlxwuokwbmmia/Build/Intermediates.noindex/FitTrackPro.build/Debug-iphonesimulator/FitTrackPro.build/FitTrackPro.DependencyStaticMetadataFileList

WriteAuxiliaryFile /Users/p016324/Library/Developer/Xcode/DerivedData/FitTrackPro-dfuxzyqazqijhrdhlxwuokwbmmia/Build/Intermediates.noindex/FitTrackPro.build/Debug-iphonesimulator/FitTrackPro.build/FitTrackPro.DependencyMetadataFileList (in target 'FitTrackPro' from project 'FitTrackPro')
    cd /Users/p016324/.gemini/antigravity/scratch/FitTrackPro
    write-file /Users/p016324/Library/Developer/Xcode/DerivedData/FitTrackPro-dfuxzyqazqijhrdhlxwuokwbmmia/Build/Intermediates.noindex/FitTrackPro.build/Debug-iphonesimulator/FitTrackPro.build/FitTrackPro.DependencyMetadataFileList

WriteAuxiliaryFile /Users/p016324/Library/Developer/Xcode/DerivedData/FitTrackPro-dfuxzyqazqijhrdhlxwuokwbmmia/Build/Intermediates.noindex/FitTrackPro.build/Debug-iphonesimulator/FitTrackPro.build/FitTrackPro-project-headers.hmap (in target 'FitTrackPro' from project 'FitTrackPro')
    cd /Users/p016324/.gemini/antigravity/scratch/FitTrackPro
    write-file /Users/p016324/Library/Developer/Xcode/DerivedData/FitTrackPro-dfuxzyqazqijhrdhlxwuokwbmmia/Build/Intermediates.noindex/FitTrackPro.build/Debug-iphonesimulator/FitTrackPro.build/FitTrackPro-project-headers.hmap

WriteAuxiliaryFile /Users/p016324/Library/Developer/Xcode/DerivedData/FitTrackPro-dfuxzyqazqijhrdhlxwuokwbmmia/Build/Intermediates.noindex/FitTrackPro.build/Debug-iphonesimulator/FitTrackPro.build/FitTrackPro-own-target-headers.hmap (in target 'FitTrackPro' from project 'FitTrackPro')
    cd /Users/p016324/.gemini/antigravity/scratch/FitTrackPro
    write-file /Users/p016324/Library/Developer/Xcode/DerivedData/FitTrackPro-dfuxzyqazqijhrdhlxwuokwbmmia/Build/Intermediates.noindex/FitTrackPro.build/Debug-iphonesimulator/FitTrackPro.build/FitTrackPro-own-target-headers.hmap

WriteAuxiliaryFile /Users/p016324/Library/Developer/Xcode/DerivedData/FitTrackPro-dfuxzyqazqijhrdhlxwuokwbmmia/Build/Intermediates.noindex/FitTrackPro.build/Debug-iphonesimulator/FitTrackPro.build/FitTrackPro-generated-files.hmap (in target 'FitTrackPro' from project 'FitTrackPro')
    cd /Users/p016324/.gemini/antigravity/scratch/FitTrackPro
    write-file /Users/p016324/Library/Developer/Xcode/DerivedData/FitTrackPro-dfuxzyqazqijhrdhlxwuokwbmmia/Build/Intermediates.noindex/FitTrackPro.build/Debug-iphonesimulator/FitTrackPro.build/FitTrackPro-generated-files.hmap

WriteAuxiliaryFile /Users/p016324/Library/Developer/Xcode/DerivedData/FitTrackPro-dfuxzyqazqijhrdhlxwuokwbmmia/Build/Intermediates.noindex/FitTrackPro.build/Debug-iphonesimulator/FitTrackPro.build/FitTrackPro-all-target-headers.hmap (in target 'FitTrackPro' from project 'FitTrackPro')
    cd /Users/p016324/.gemini/antigravity/scratch/FitTrackPro
    write-file /Users/p016324/Library/Developer/Xcode/DerivedData/FitTrackPro-dfuxzyqazqijhrdhlxwuokwbmmia/Build/Intermediates.noindex/FitTrackPro.build/Debug-iphonesimulator/FitTrackPro.build/FitTrackPro-all-target-headers.hmap

WriteAuxiliaryFile /Users/p016324/Library/Developer/Xcode/DerivedData/FitTrackPro-dfuxzyqazqijhrdhlxwuokwbmmia/Build/Intermediates.noindex/FitTrackPro.build/Debug-iphonesimulator/FitTrackPro.build/FitTrackPro-all-non-framework-target-headers.hmap (in target 'FitTrackPro' from project 'FitTrackPro')
    cd /Users/p016324/.gemini/antigravity/scratch/FitTrackPro
    write-file /Users/p016324/Library/Developer/Xcode/DerivedData/FitTrackPro-dfuxzyqazqijhrdhlxwuokwbmmia/Build/Intermediates.noindex/FitTrackPro.build/Debug-iphonesimulator/FitTrackPro.build/FitTrackPro-all-non-framework-target-headers.hmap

WriteAuxiliaryFile /Users/p016324/Library/Developer/Xcode/DerivedData/FitTrackPro-dfuxzyqazqijhrdhlxwuokwbmmia/Build/Intermediates.noindex/FitTrackPro.build/Debug-iphonesimulator/FitTrackPro.build/FitTrackPro-DebugDylibPath-normal-x86_64.txt (in target 'FitTrackPro' from project 'FitTrackPro')
    cd /Users/p016324/.gemini/antigravity/scratch/FitTrackPro
    write-file /Users/p016324/Library/Developer/Xcode/DerivedData/FitTrackPro-dfuxzyqazqijhrdhlxwuokwbmmia/Build/Intermediates.noindex/FitTrackPro.build/Debug-iphonesimulator/FitTrackPro.build/FitTrackPro-DebugDylibPath-normal-x86_64.txt

WriteAuxiliaryFile /Users/p016324/Library/Developer/Xcode/DerivedData/FitTrackPro-dfuxzyqazqijhrdhlxwuokwbmmia/Build/Intermediates.noindex/FitTrackPro.build/Debug-iphonesimulator/FitTrackPro.build/FitTrackPro-DebugDylibPath-normal-arm64.txt (in target 'FitTrackPro' from project 'FitTrackPro')
    cd /Users/p016324/.gemini/antigravity/scratch/FitTrackPro
    write-file /Users/p016324/Library/Developer/Xcode/DerivedData/FitTrackPro-dfuxzyqazqijhrdhlxwuokwbmmia/Build/Intermediates.noindex/FitTrackPro.build/Debug-iphonesimulator/FitTrackPro.build/FitTrackPro-DebugDylibPath-normal-arm64.txt

WriteAuxiliaryFile /Users/p016324/Library/Developer/Xcode/DerivedData/FitTrackPro-dfuxzyqazqijhrdhlxwuokwbmmia/Build/Intermediates.noindex/FitTrackPro.build/Debug-iphonesimulator/FitTrackPro.build/FitTrackPro-DebugDylibInstallName-normal-x86_64.txt (in target 'FitTrackPro' from project 'FitTrackPro')
    cd /Users/p016324/.gemini/antigravity/scratch/FitTrackPro
    write-file /Users/p016324/Library/Developer/Xcode/DerivedData/FitTrackPro-dfuxzyqazqijhrdhlxwuokwbmmia/Build/Intermediates.noindex/FitTrackPro.build/Debug-iphonesimulator/FitTrackPro.build/FitTrackPro-DebugDylibInstallName-normal-x86_64.txt

WriteAuxiliaryFile /Users/p016324/Library/Developer/Xcode/DerivedData/FitTrackPro-dfuxzyqazqijhrdhlxwuokwbmmia/Build/Intermediates.noindex/FitTrackPro.build/Debug-iphonesimulator/FitTrackPro.build/FitTrackPro-DebugDylibInstallName-normal-arm64.txt (in target 'FitTrackPro' from project 'FitTrackPro')
    cd /Users/p016324/.gemini/antigravity/scratch/FitTrackPro
    write-file /Users/p016324/Library/Developer/Xcode/DerivedData/FitTrackPro-dfuxzyqazqijhrdhlxwuokwbmmia/Build/Intermediates.noindex/FitTrackPro.build/Debug-iphonesimulator/FitTrackPro.build/FitTrackPro-DebugDylibInstallName-normal-arm64.txt

MkDir /Users/p016324/Library/Developer/Xcode/DerivedData/FitTrackPro-dfuxzyqazqijhrdhlxwuokwbmmia/Build/Products/Debug-iphonesimulator/FitTrackProWidgetExtension.appex (in target 'FitTrackProWidgetExtension' from project 'FitTrackPro')
    cd /Users/p016324/.gemini/antigravity/scratch/FitTrackPro
    /bin/mkdir -p /Users/p016324/Library/Developer/Xcode/DerivedData/FitTrackPro-dfuxzyqazqijhrdhlxwuokwbmmia/Build/Products/Debug-iphonesimulator/FitTrackProWidgetExtension.appex

MkDir /Users/p016324/Library/Developer/Xcode/DerivedData/FitTrackPro-dfuxzyqazqijhrdhlxwuokwbmmia/Build/Products/Debug-iphonesimulator/FitTrackPro.app (in target 'FitTrackPro' from project 'FitTrackPro')
    cd /Users/p016324/.gemini/antigravity/scratch/FitTrackPro
    /bin/mkdir -p /Users/p016324/Library/Developer/Xcode/DerivedData/FitTrackPro-dfuxzyqazqijhrdhlxwuokwbmmia/Build/Products/Debug-iphonesimulator/FitTrackPro.app

WriteAuxiliaryFile /Users/p016324/Library/Developer/Xcode/DerivedData/FitTrackPro-dfuxzyqazqijhrdhlxwuokwbmmia/Build/Intermediates.noindex/FitTrackPro.build/Debug-iphonesimulator/FitTrackPro.build/DerivedSources/Entitlements-Simulated.plist (in target 'FitTrackPro' from project 'FitTrackPro')
    cd /Users/p016324/.gemini/antigravity/scratch/FitTrackPro
    write-file /Users/p016324/Library/Developer/Xcode/DerivedData/FitTrackPro-dfuxzyqazqijhrdhlxwuokwbmmia/Build/Intermediates.noindex/FitTrackPro.build/Debug-iphonesimulator/FitTrackPro.build/DerivedSources/Entitlements-Simulated.plist

ProcessProductPackaging /Users/p016324/.gemini/antigravity/scratch/FitTrackPro/FitTrackProWidgetExtension.entitlements /Users/p016324/Library/Developer/Xcode/DerivedData/FitTrackPro-dfuxzyqazqijhrdhlxwuokwbmmia/Build/Intermediates.noindex/FitTrackPro.build/Debug-iphonesimulator/FitTrackProWidgetExtension.build/FitTrackProWidgetExtension.appex.xcent (in target 'FitTrackProWidgetExtension' from project 'FitTrackPro')
    cd /Users/p016324/.gemini/antigravity/scratch/FitTrackPro
    
    Entitlements:
    
    {
}
    
    builtin-productPackagingUtility /Users/p016324/.gemini/antigravity/scratch/FitTrackPro/FitTrackProWidgetExtension.entitlements -entitlements -format xml -o /Users/p016324/Library/Developer/Xcode/DerivedData/FitTrackPro-dfuxzyqazqijhrdhlxwuokwbmmia/Build/Intermediates.noindex/FitTrackPro.build/Debug-iphonesimulator/FitTrackProWidgetExtension.build/FitTrackProWidgetExtension.appex.xcent

ProcessProductPackaging /Users/p016324/.gemini/antigravity/scratch/FitTrackPro/FitTrackProWidgetExtension.entitlements /Users/p016324/Library/Developer/Xcode/DerivedData/FitTrackPro-dfuxzyqazqijhrdhlxwuokwbmmia/Build/Intermediates.noindex/FitTrackPro.build/Debug-iphonesimulator/FitTrackProWidgetExtension.build/FitTrackProWidgetExtension.appex-Simulated.xcent (in target 'FitTrackProWidgetExtension' from project 'FitTrackPro')
    cd /Users/p016324/.gemini/antigravity/scratch/FitTrackPro
    
    Entitlements:
    
    {
    "application-identifier" = "2G888L5QQN.com.riccardopfeiler.FitTrackPro.FitTrackProWidget";
    "com.apple.security.application-groups" =     (
        "group.com.riccardopfeiler.FitTrackPro"
    );
}
    
    builtin-productPackagingUtility /Users/p016324/.gemini/antigravity/scratch/FitTrackPro/FitTrackProWidgetExtension.entitlements -entitlements -format xml -o /Users/p016324/Library/Developer/Xcode/DerivedData/FitTrackPro-dfuxzyqazqijhrdhlxwuokwbmmia/Build/Intermediates.noindex/FitTrackPro.build/Debug-iphonesimulator/FitTrackProWidgetExtension.build/FitTrackProWidgetExtension.appex-Simulated.xcent

ProcessProductPackagingDER /Users/p016324/Library/Developer/Xcode/DerivedData/FitTrackPro-dfuxzyqazqijhrdhlxwuokwbmmia/Build/Intermediates.noindex/FitTrackPro.build/Debug-iphonesimulator/FitTrackProWidgetExtension.build/FitTrackProWidgetExtension.appex.xcent /Users/p016324/Library/Developer/Xcode/DerivedData/FitTrackPro-dfuxzyqazqijhrdhlxwuokwbmmia/Build/Intermediates.noindex/FitTrackPro.build/Debug-iphonesimulator/FitTrackProWidgetExtension.build/FitTrackProWidgetExtension.appex.xcent.der (in target 'FitTrackProWidgetExtension' from project 'FitTrackPro')
    cd /Users/p016324/.gemini/antigravity/scratch/FitTrackPro
    /usr/bin/derq query -f xml -i /Users/p016324/Library/Developer/Xcode/DerivedData/FitTrackPro-dfuxzyqazqijhrdhlxwuokwbmmia/Build/Intermediates.noindex/FitTrackPro.build/Debug-iphonesimulator/FitTrackProWidgetExtension.build/FitTrackProWidgetExtension.appex.xcent -o /Users/p016324/Library/Developer/Xcode/DerivedData/FitTrackPro-dfuxzyqazqijhrdhlxwuokwbmmia/Build/Intermediates.noindex/FitTrackPro.build/Debug-iphonesimulator/FitTrackProWidgetExtension.build/FitTrackProWidgetExtension.appex.xcent.der --raw

ProcessProductPackagingDER /Users/p016324/Library/Developer/Xcode/DerivedData/FitTrackPro-dfuxzyqazqijhrdhlxwuokwbmmia/Build/Intermediates.noindex/FitTrackPro.build/Debug-iphonesimulator/FitTrackProWidgetExtension.build/FitTrackProWidgetExtension.appex-Simulated.xcent /Users/p016324/Library/Developer/Xcode/DerivedData/FitTrackPro-dfuxzyqazqijhrdhlxwuokwbmmia/Build/Intermediates.noindex/FitTrackPro.build/Debug-iphonesimulator/FitTrackProWidgetExtension.build/FitTrackProWidgetExtension.appex-Simulated.xcent.der (in target 'FitTrackProWidgetExtension' from project 'FitTrackPro')
    cd /Users/p016324/.gemini/antigravity/scratch/FitTrackPro
    /usr/bin/derq query -f xml -i /Users/p016324/Library/Developer/Xcode/DerivedData/FitTrackPro-dfuxzyqazqijhrdhlxwuokwbmmia/Build/Intermediates.noindex/FitTrackPro.build/Debug-iphonesimulator/FitTrackProWidgetExtension.build/FitTrackProWidgetExtension.appex-Simulated.xcent -o /Users/p016324/Library/Developer/Xcode/DerivedData/FitTrackPro-dfuxzyqazqijhrdhlxwuokwbmmia/Build/Intermediates.noindex/FitTrackPro.build/Debug-iphonesimulator/FitTrackProWidgetExtension.build/FitTrackProWidgetExtension.appex-Simulated.xcent.der --raw

GenerateAssetSymbols /Users/p016324/.gemini/antigravity/scratch/FitTrackPro/FitTrackProWidget/Assets.xcassets (in target 'FitTrackProWidgetExtension' from project 'FitTrackPro')
    cd /Users/p016324/.gemini/antigravity/scratch/FitTrackPro
    /Applications/Xcode.app/Contents/Developer/usr/bin/actool /Users/p016324/.gemini/antigravity/scratch/FitTrackPro/FitTrackProWidget/Assets.xcassets --compile /Users/p016324/Library/Developer/Xcode/DerivedData/FitTrackPro-dfuxzyqazqijhrdhlxwuokwbmmia/Build/Products/Debug-iphonesimulator/FitTrackProWidgetExtension.appex --output-format human-readable-text --notices --warnings --export-dependency-info /Users/p016324/Library/Developer/Xcode/DerivedData/FitTrackPro-dfuxzyqazqijhrdhlxwuokwbmmia/Build/Intermediates.noindex/FitTrackPro.build/Debug-iphonesimulator/FitTrackProWidgetExtension.build/assetcatalog_dependencies --output-partial-info-plist /Users/p016324/Library/Developer/Xcode/DerivedData/FitTrackPro-dfuxzyqazqijhrdhlxwuokwbmmia/Build/Intermediates.noindex/FitTrackPro.build/Debug-iphonesimulator/FitTrackProWidgetExtension.build/assetcatalog_generated_info.plist --accent-color AccentColor --widget-background-color WidgetBackground --compress-pngs --enable-on-demand-resources NO --standalone-icon-behavior all --development-region de --target-device iphone --target-device ipad --minimum-deployment-target 26.5 --platform iphonesimulator --bundle-identifier com.riccardopfeiler.FitTrackPro.FitTrackProWidget --generate-swift-asset-symbols /Users/p016324/Library/Developer/Xcode/DerivedData/FitTrackPro-dfuxzyqazqijhrdhlxwuokwbmmia/Build/Intermediates.noindex/FitTrackPro.build/Debug-iphonesimulator/FitTrackProWidgetExtension.build/DerivedSources/GeneratedAssetSymbols.swift --generate-objc-asset-symbols /Users/p016324/Library/Developer/Xcode/DerivedData/FitTrackPro-dfuxzyqazqijhrdhlxwuokwbmmia/Build/Intermediates.noindex/FitTrackPro.build/Debug-iphonesimulator/FitTrackProWidgetExtension.build/DerivedSources/GeneratedAssetSymbols.h --generate-asset-symbol-index /Users/p016324/Library/Developer/Xcode/DerivedData/FitTrackPro-dfuxzyqazqijhrdhlxwuokwbmmia/Build/Intermediates.noindex/FitTrackPro.build/Debug-iphonesimulator/FitTrackProWidgetExtension.build/DerivedSources/GeneratedAssetSymbols-Index.plist
/* com.apple.actool.compilation-results */
/Users/p016324/Library/Developer/Xcode/DerivedData/FitTrackPro-dfuxzyqazqijhrdhlxwuokwbmmia/Build/Intermediates.noindex/FitTrackPro.build/Debug-iphonesimulator/FitTrackProWidgetExtension.build/DerivedSources/GeneratedAssetSymbols-Index.plist
/Users/p016324/Library/Developer/Xcode/DerivedData/FitTrackPro-dfuxzyqazqijhrdhlxwuokwbmmia/Build/Intermediates.noindex/FitTrackPro.build/Debug-iphonesimulator/FitTrackProWidgetExtension.build/DerivedSources/GeneratedAssetSymbols.h
/Users/p016324/Library/Developer/Xcode/DerivedData/FitTrackPro-dfuxzyqazqijhrdhlxwuokwbmmia/Build/Intermediates.noindex/FitTrackPro.build/Debug-iphonesimulator/FitTrackProWidgetExtension.build/DerivedSources/GeneratedAssetSymbols.swift


MkDir /Users/p016324/Library/Developer/Xcode/DerivedData/FitTrackPro-dfuxzyqazqijhrdhlxwuokwbmmia/Build/Intermediates.noindex/FitTrackPro.build/Debug-iphonesimulator/FitTrackProWidgetExtension.build/assetcatalog_output/unthinned (in target 'FitTrackProWidgetExtension' from project 'FitTrackPro')
    cd /Users/p016324/.gemini/antigravity/scratch/FitTrackPro
    /bin/mkdir -p /Users/p016324/Library/Developer/Xcode/DerivedData/FitTrackPro-dfuxzyqazqijhrdhlxwuokwbmmia/Build/Intermediates.noindex/FitTrackPro.build/Debug-iphonesimulator/FitTrackProWidgetExtension.build/assetcatalog_output/unthinned

MkDir /Users/p016324/Library/Developer/Xcode/DerivedData/FitTrackPro-dfuxzyqazqijhrdhlxwuokwbmmia/Build/Intermediates.noindex/FitTrackPro.build/Debug-iphonesimulator/FitTrackProWidgetExtension.build/assetcatalog_output/thinned (in target 'FitTrackProWidgetExtension' from project 'FitTrackPro')
    cd /Users/p016324/.gemini/antigravity/scratch/FitTrackPro
    /bin/mkdir -p /Users/p016324/Library/Developer/Xcode/DerivedData/FitTrackPro-dfuxzyqazqijhrdhlxwuokwbmmia/Build/Intermediates.noindex/FitTrackPro.build/Debug-iphonesimulator/FitTrackProWidgetExtension.build/assetcatalog_output/thinned

Ld /Users/p016324/Library/Developer/Xcode/DerivedData/FitTrackPro-dfuxzyqazqijhrdhlxwuokwbmmia/Build/Intermediates.noindex/FitTrackPro.build/Debug-iphonesimulator/FitTrackProWidgetExtension.build/Objects-normal/arm64/Binary/__preview.dylib normal arm64 (in target 'FitTrackProWidgetExtension' from project 'FitTrackPro')
    cd /Users/p016324/.gemini/antigravity/scratch/FitTrackPro
    /Applications/Xcode.app/Contents/Developer/Toolchains/XcodeDefault.xctoolchain/usr/bin/clang -Xlinker -reproducible -target arm64-apple-ios26.5-simulator -dynamiclib -isysroot /Applications/Xcode.app/Contents/Developer/Platforms/iPhoneSimulator.platform/Developer/SDKs/iPhoneSimulator26.5.sdk -O0 -L/Users/p016324/Library/Developer/Xcode/DerivedData/FitTrackPro-dfuxzyqazqijhrdhlxwuokwbmmia/Build/Products/Debug-iphonesimulator -F/Users/p016324/Library/Developer/Xcode/DerivedData/FitTrackPro-dfuxzyqazqijhrdhlxwuokwbmmia/Build/Products/Debug-iphonesimulator -install_name @rpath/FitTrackProWidgetExtension.debug.dylib -Xlinker -dead_strip -rdynamic -Xlinker -no_deduplicate -Xlinker -objc_abi_version -Xlinker 2 -Xlinker -dependency_info -Xlinker /Users/p016324/Library/Developer/Xcode/DerivedData/FitTrackPro-dfuxzyqazqijhrdhlxwuokwbmmia/Build/Intermediates.noindex/FitTrackPro.build/Debug-iphonesimulator/FitTrackProWidgetExtension.build/Objects-normal/arm64/FitTrackProWidgetExtension_dependency_info.dat -Xlinker -sectcreate -Xlinker __TEXT -Xlinker __entitlements -Xlinker /Users/p016324/Library/Developer/Xcode/DerivedData/FitTrackPro-dfuxzyqazqijhrdhlxwuokwbmmia/Build/Intermediates.noindex/FitTrackPro.build/Debug-iphonesimulator/FitTrackProWidgetExtension.build/FitTrackProWidgetExtension.appex-Simulated.xcent -Xlinker -sectcreate -Xlinker __TEXT -Xlinker __ents_der -Xlinker /Users/p016324/Library/Developer/Xcode/DerivedData/FitTrackPro-dfuxzyqazqijhrdhlxwuokwbmmia/Build/Intermediates.noindex/FitTrackPro.build/Debug-iphonesimulator/FitTrackProWidgetExtension.build/FitTrackProWidgetExtension.appex-Simulated.xcent.der -Xlinker -no_adhoc_codesign -o /Users/p016324/Library/Developer/Xcode/DerivedData/FitTrackPro-dfuxzyqazqijhrdhlxwuokwbmmia/Build/Intermediates.noindex/FitTrackPro.build/Debug-iphonesimulator/FitTrackProWidgetExtension.build/Objects-normal/arm64/Binary/__preview.dylib

Ld /Users/p016324/Library/Developer/Xcode/DerivedData/FitTrackPro-dfuxzyqazqijhrdhlxwuokwbmmia/Build/Intermediates.noindex/FitTrackPro.build/Debug-iphonesimulator/FitTrackProWidgetExtension.build/Objects-normal/x86_64/Binary/__preview.dylib normal x86_64 (in target 'FitTrackProWidgetExtension' from project 'FitTrackPro')
    cd /Users/p016324/.gemini/antigravity/scratch/FitTrackPro
    /Applications/Xcode.app/Contents/Developer/Toolchains/XcodeDefault.xctoolchain/usr/bin/clang -Xlinker -reproducible -target x86_64-apple-ios26.5-simulator -dynamiclib -isysroot /Applications/Xcode.app/Contents/Developer/Platforms/iPhoneSimulator.platform/Developer/SDKs/iPhoneSimulator26.5.sdk -O0 -L/Users/p016324/Library/Developer/Xcode/DerivedData/FitTrackPro-dfuxzyqazqijhrdhlxwuokwbmmia/Build/Products/Debug-iphonesimulator -F/Users/p016324/Library/Developer/Xcode/DerivedData/FitTrackPro-dfuxzyqazqijhrdhlxwuokwbmmia/Build/Products/Debug-iphonesimulator -install_name @rpath/FitTrackProWidgetExtension.debug.dylib -Xlinker -dead_strip -rdynamic -Xlinker -no_deduplicate -Xlinker -objc_abi_version -Xlinker 2 -Xlinker -dependency_info -Xlinker /Users/p016324/Library/Developer/Xcode/DerivedData/FitTrackPro-dfuxzyqazqijhrdhlxwuokwbmmia/Build/Intermediates.noindex/FitTrackPro.build/Debug-iphonesimulator/FitTrackProWidgetExtension.build/Objects-normal/x86_64/FitTrackProWidgetExtension_dependency_info.dat -Xlinker -sectcreate -Xlinker __TEXT -Xlinker __entitlements -Xlinker /Users/p016324/Library/Developer/Xcode/DerivedData/FitTrackPro-dfuxzyqazqijhrdhlxwuokwbmmia/Build/Intermediates.noindex/FitTrackPro.build/Debug-iphonesimulator/FitTrackProWidgetExtension.build/FitTrackProWidgetExtension.appex-Simulated.xcent -Xlinker -sectcreate -Xlinker __TEXT -Xlinker __ents_der -Xlinker /Users/p016324/Library/Developer/Xcode/DerivedData/FitTrackPro-dfuxzyqazqijhrdhlxwuokwbmmia/Build/Intermediates.noindex/FitTrackPro.build/Debug-iphonesimulator/FitTrackProWidgetExtension.build/FitTrackProWidgetExtension.appex-Simulated.xcent.der -Xlinker -no_adhoc_codesign -o /Users/p016324/Library/Developer/Xcode/DerivedData/FitTrackPro-dfuxzyqazqijhrdhlxwuokwbmmia/Build/Intermediates.noindex/FitTrackPro.build/Debug-iphonesimulator/FitTrackProWidgetExtension.build/Objects-normal/x86_64/Binary/__preview.dylib

CompileAssetCatalogVariant thinned /Users/p016324/Library/Developer/Xcode/DerivedData/FitTrackPro-dfuxzyqazqijhrdhlxwuokwbmmia/Build/Products/Debug-iphonesimulator/FitTrackProWidgetExtension.appex /Users/p016324/.gemini/antigravity/scratch/FitTrackPro/FitTrackProWidget/Assets.xcassets (in target 'FitTrackProWidgetExtension' from project 'FitTrackPro')
    cd /Users/p016324/.gemini/antigravity/scratch/FitTrackPro
    /Applications/Xcode.app/Contents/Developer/usr/bin/actool /Users/p016324/.gemini/antigravity/scratch/FitTrackPro/FitTrackProWidget/Assets.xcassets --compile /Users/p016324/Library/Developer/Xcode/DerivedData/FitTrackPro-dfuxzyqazqijhrdhlxwuokwbmmia/Build/Intermediates.noindex/FitTrackPro.build/Debug-iphonesimulator/FitTrackProWidgetExtension.build/assetcatalog_output/thinned --output-format human-readable-text --notices --warnings --export-dependency-info /Users/p016324/Library/Developer/Xcode/DerivedData/FitTrackPro-dfuxzyqazqijhrdhlxwuokwbmmia/Build/Intermediates.noindex/FitTrackPro.build/Debug-iphonesimulator/FitTrackProWidgetExtension.build/assetcatalog_dependencies_thinned --output-partial-info-plist /Users/p016324/Library/Developer/Xcode/DerivedData/FitTrackPro-dfuxzyqazqijhrdhlxwuokwbmmia/Build/Intermediates.noindex/FitTrackPro.build/Debug-iphonesimulator/FitTrackProWidgetExtension.build/assetcatalog_generated_info.plist_thinned --accent-color AccentColor --widget-background-color WidgetBackground --compress-pngs --enable-on-demand-resources NO --standalone-icon-behavior all --development-region de --target-device iphone --target-device ipad --minimum-deployment-target 26.5 --platform iphonesimulator
/* com.apple.actool.compilation-results */
/Users/p016324/Library/Developer/Xcode/DerivedData/FitTrackPro-dfuxzyqazqijhrdhlxwuokwbmmia/Build/Intermediates.noindex/FitTrackPro.build/Debug-iphonesimulator/FitTrackProWidgetExtension.build/assetcatalog_generated_info.plist_thinned


LinkAssetCatalog /Users/p016324/.gemini/antigravity/scratch/FitTrackPro/FitTrackProWidget/Assets.xcassets (in target 'FitTrackProWidgetExtension' from project 'FitTrackPro')
    cd /Users/p016324/.gemini/antigravity/scratch/FitTrackPro
    builtin-linkAssetCatalog --thinned /Users/p016324/Library/Developer/Xcode/DerivedData/FitTrackPro-dfuxzyqazqijhrdhlxwuokwbmmia/Build/Intermediates.noindex/FitTrackPro.build/Debug-iphonesimulator/FitTrackProWidgetExtension.build/assetcatalog_output/thinned --thinned-dependencies /Users/p016324/Library/Developer/Xcode/DerivedData/FitTrackPro-dfuxzyqazqijhrdhlxwuokwbmmia/Build/Intermediates.noindex/FitTrackPro.build/Debug-iphonesimulator/FitTrackProWidgetExtension.build/assetcatalog_dependencies_thinned --thinned-info-plist-content /Users/p016324/Library/Developer/Xcode/DerivedData/FitTrackPro-dfuxzyqazqijhrdhlxwuokwbmmia/Build/Intermediates.noindex/FitTrackPro.build/Debug-iphonesimulator/FitTrackProWidgetExtension.build/assetcatalog_generated_info.plist_thinned --unthinned /Users/p016324/Library/Developer/Xcode/DerivedData/FitTrackPro-dfuxzyqazqijhrdhlxwuokwbmmia/Build/Intermediates.noindex/FitTrackPro.build/Debug-iphonesimulator/FitTrackProWidgetExtension.build/assetcatalog_output/unthinned --unthinned-dependencies /Users/p016324/Library/Developer/Xcode/DerivedData/FitTrackPro-dfuxzyqazqijhrdhlxwuokwbmmia/Build/Intermediates.noindex/FitTrackPro.build/Debug-iphonesimulator/FitTrackProWidgetExtension.build/assetcatalog_dependencies_unthinned --unthinned-info-plist-content /Users/p016324/Library/Developer/Xcode/DerivedData/FitTrackPro-dfuxzyqazqijhrdhlxwuokwbmmia/Build/Intermediates.noindex/FitTrackPro.build/Debug-iphonesimulator/FitTrackProWidgetExtension.build/assetcatalog_generated_info.plist_unthinned --output /Users/p016324/Library/Developer/Xcode/DerivedData/FitTrackPro-dfuxzyqazqijhrdhlxwuokwbmmia/Build/Products/Debug-iphonesimulator/FitTrackProWidgetExtension.appex --plist-output /Users/p016324/Library/Developer/Xcode/DerivedData/FitTrackPro-dfuxzyqazqijhrdhlxwuokwbmmia/Build/Intermediates.noindex/FitTrackPro.build/Debug-iphonesimulator/FitTrackProWidgetExtension.build/assetcatalog_generated_info.plist

ProcessInfoPlistFile /Users/p016324/Library/Developer/Xcode/DerivedData/FitTrackPro-dfuxzyqazqijhrdhlxwuokwbmmia/Build/Products/Debug-iphonesimulator/FitTrackProWidgetExtension.appex/Info.plist /Users/p016324/.gemini/antigravity/scratch/FitTrackPro/FitTrackProWidget/Info.plist (in target 'FitTrackProWidgetExtension' from project 'FitTrackPro')
    cd /Users/p016324/.gemini/antigravity/scratch/FitTrackPro
    builtin-infoPlistUtility /Users/p016324/.gemini/antigravity/scratch/FitTrackPro/FitTrackProWidget/Info.plist -producttype com.apple.product-type.app-extension -expandbuildsettings -format binary -platform iphonesimulator -additionalcontentfile /Users/p016324/Library/Developer/Xcode/DerivedData/FitTrackPro-dfuxzyqazqijhrdhlxwuokwbmmia/Build/Intermediates.noindex/FitTrackPro.build/Debug-iphonesimulator/FitTrackProWidgetExtension.build/assetcatalog_generated_info.plist -o /Users/p016324/Library/Developer/Xcode/DerivedData/FitTrackPro-dfuxzyqazqijhrdhlxwuokwbmmia/Build/Products/Debug-iphonesimulator/FitTrackProWidgetExtension.appex/Info.plist

CreateUniversalBinary /Users/p016324/Library/Developer/Xcode/DerivedData/FitTrackPro-dfuxzyqazqijhrdhlxwuokwbmmia/Build/Products/Debug-iphonesimulator/FitTrackProWidgetExtension.appex/__preview.dylib normal arm64\ x86_64 (in target 'FitTrackProWidgetExtension' from project 'FitTrackPro')
    cd /Users/p016324/.gemini/antigravity/scratch/FitTrackPro
    /Applications/Xcode.app/Contents/Developer/Toolchains/XcodeDefault.xctoolchain/usr/bin/lipo -create /Users/p016324/Library/Developer/Xcode/DerivedData/FitTrackPro-dfuxzyqazqijhrdhlxwuokwbmmia/Build/Intermediates.noindex/FitTrackPro.build/Debug-iphonesimulator/FitTrackProWidgetExtension.build/Objects-normal/arm64/Binary/__preview.dylib /Users/p016324/Library/Developer/Xcode/DerivedData/FitTrackPro-dfuxzyqazqijhrdhlxwuokwbmmia/Build/Intermediates.noindex/FitTrackPro.build/Debug-iphonesimulator/FitTrackProWidgetExtension.build/Objects-normal/x86_64/Binary/__preview.dylib -output /Users/p016324/Library/Developer/Xcode/DerivedData/FitTrackPro-dfuxzyqazqijhrdhlxwuokwbmmia/Build/Products/Debug-iphonesimulator/FitTrackProWidgetExtension.appex/__preview.dylib

SwiftDriver FitTrackProWidgetExtension normal x86_64 com.apple.xcode.tools.swift.compiler (in target 'FitTrackProWidgetExtension' from project 'FitTrackPro')
    cd /Users/p016324/.gemini/antigravity/scratch/FitTrackPro
    builtin-SwiftDriver -- /Applications/Xcode.app/Contents/Developer/Toolchains/XcodeDefault.xctoolchain/usr/bin/swiftc -module-name FitTrackProWidgetExtension -Onone @/Users/p016324/Library/Developer/Xcode/DerivedData/FitTrackPro-dfuxzyqazqijhrdhlxwuokwbmmia/Build/Intermediates.noindex/FitTrackPro.build/Debug-iphonesimulator/FitTrackProWidgetExtension.build/Objects-normal/x86_64/FitTrackProWidgetExtension.SwiftFileList -DDEBUG -enable-bare-slash-regex -enable-upcoming-feature DisableOutwardActorInference -enable-upcoming-feature InferSendableFromCaptures -enable-upcoming-feature GlobalActorIsolatedTypesUsability -enable-upcoming-feature MemberImportVisibility -enable-upcoming-feature InferIsolatedConformances -enable-upcoming-feature NonisolatedNonsendingByDefault -enable-experimental-feature DebugDescriptionMacro -sdk /Applications/Xcode.app/Contents/Developer/Platforms/iPhoneSimulator.platform/Developer/SDKs/iPhoneSimulator26.5.sdk -target x86_64-apple-ios26.5-simulator -g -module-cache-path /Users/p016324/Library/Developer/Xcode/DerivedData/ModuleCache.noindex -Xfrontend -serialize-debugging-options -application-extension -enable-testing -index-store-path /Users/p016324/Library/Developer/Xcode/DerivedData/FitTrackPro-dfuxzyqazqijhrdhlxwuokwbmmia/Index.noindex/DataStore -Xcc -D_LIBCPP_HARDENING_MODE\=_LIBCPP_HARDENING_MODE_DEBUG -swift-version 5 -I /Users/p016324/Library/Developer/Xcode/DerivedData/FitTrackPro-dfuxzyqazqijhrdhlxwuokwbmmia/Build/Products/Debug-iphonesimulator -F /Users/p016324/Library/Developer/Xcode/DerivedData/FitTrackPro-dfuxzyqazqijhrdhlxwuokwbmmia/Build/Products/Debug-iphonesimulator -emit-localized-strings -emit-localized-strings-path /Users/p016324/Library/Developer/Xcode/DerivedData/FitTrackPro-dfuxzyqazqijhrdhlxwuokwbmmia/Build/Intermediates.noindex/FitTrackPro.build/Debug-iphonesimulator/FitTrackProWidgetExtension.build/Objects-normal/x86_64 -c -j12 -enable-batch-mode -incremental -Xcc -ivfsstatcache -Xcc /Users/p016324/Library/Developer/Xcode/DerivedData/SDKStatCaches.noindex/iphonesimulator26.5-23F81a-6cfe768891a92b912361537c460fe42b.sdkstatcache -output-file-map /Users/p016324/Library/Developer/Xcode/DerivedData/FitTrackPro-dfuxzyqazqijhrdhlxwuokwbmmia/Build/Intermediates.noindex/FitTrackPro.build/Debug-iphonesimulator/FitTrackProWidgetExtension.build/Objects-normal/x86_64/FitTrackProWidgetExtension-OutputFileMap.json -use-frontend-parseable-output -save-temps -no-color-diagnostics -explicit-module-build -module-cache-path /Users/p016324/Library/Developer/Xcode/DerivedData/FitTrackPro-dfuxzyqazqijhrdhlxwuokwbmmia/Build/Intermediates.noindex/SwiftExplicitPrecompiledModules -clang-scanner-module-cache-path /Users/p016324/Library/Developer/Xcode/DerivedData/ModuleCache.noindex -sdk-module-cache-path /Users/p016324/Library/Developer/Xcode/DerivedData/ModuleCache.noindex -serialize-diagnostics -emit-dependencies -emit-module -emit-module-path /Users/p016324/Library/Developer/Xcode/DerivedData/FitTrackPro-dfuxzyqazqijhrdhlxwuokwbmmia/Build/Intermediates.noindex/FitTrackPro.build/Debug-iphonesimulator/FitTrackProWidgetExtension.build/Objects-normal/x86_64/FitTrackProWidgetExtension.swiftmodule -validate-clang-modules-once -clang-build-session-file /Users/p016324/Library/Developer/Xcode/DerivedData/ModuleCache.noindex/Session.modulevalidation -Xcc -I/Users/p016324/Library/Developer/Xcode/DerivedData/FitTrackPro-dfuxzyqazqijhrdhlxwuokwbmmia/Build/Intermediates.noindex/FitTrackPro.build/Debug-iphonesimulator/FitTrackProWidgetExtension.build/swift-overrides.hmap -emit-const-values -Xfrontend -const-gather-protocols-file -Xfrontend /Users/p016324/Library/Developer/Xcode/DerivedData/FitTrackPro-dfuxzyqazqijhrdhlxwuokwbmmia/Build/Intermediates.noindex/FitTrackPro.build/Debug-iphonesimulator/FitTrackProWidgetExtension.build/Objects-normal/x86_64/FitTrackProWidgetExtension_const_extract_protocols.json -Xcc -iquote -Xcc /Users/p016324/Library/Developer/Xcode/DerivedData/FitTrackPro-dfuxzyqazqijhrdhlxwuokwbmmia/Build/Intermediates.noindex/FitTrackPro.build/Debug-iphonesimulator/FitTrackProWidgetExtension.build/FitTrackProWidgetExtension-generated-files.hmap -Xcc -I/Users/p016324/Library/Developer/Xcode/DerivedData/FitTrackPro-dfuxzyqazqijhrdhlxwuokwbmmia/Build/Intermediates.noindex/FitTrackPro.build/Debug-iphonesimulator/FitTrackProWidgetExtension.build/FitTrackProWidgetExtension-own-target-headers.hmap -Xcc -I/Users/p016324/Library/Developer/Xcode/DerivedData/FitTrackPro-dfuxzyqazqijhrdhlxwuokwbmmia/Build/Intermediates.noindex/FitTrackPro.build/Debug-iphonesimulator/FitTrackProWidgetExtension.build/FitTrackProWidgetExtension-all-target-headers.hmap -Xcc -iquote -Xcc /Users/p016324/Library/Developer/Xcode/DerivedData/FitTrackPro-dfuxzyqazqijhrdhlxwuokwbmmia/Build/Intermediates.noindex/FitTrackPro.build/Debug-iphonesimulator/FitTrackProWidgetExtension.build/FitTrackProWidgetExtension-project-headers.hmap -Xcc -I/Users/p016324/Library/Developer/Xcode/DerivedData/FitTrackPro-dfuxzyqazqijhrdhlxwuokwbmmia/Build/Products/Debug-iphonesimulator/include -Xcc -I/Users/p016324/Library/Developer/Xcode/DerivedData/FitTrackPro-dfuxzyqazqijhrdhlxwuokwbmmia/Build/Intermediates.noindex/FitTrackPro.build/Debug-iphonesimulator/FitTrackProWidgetExtension.build/DerivedSources-normal/x86_64 -Xcc -I/Users/p016324/Library/Developer/Xcode/DerivedData/FitTrackPro-dfuxzyqazqijhrdhlxwuokwbmmia/Build/Intermediates.noindex/FitTrackPro.build/Debug-iphonesimulator/FitTrackProWidgetExtension.build/DerivedSources/x86_64 -Xcc -I/Users/p016324/Library/Developer/Xcode/DerivedData/FitTrackPro-dfuxzyqazqijhrdhlxwuokwbmmia/Build/Intermediates.noindex/FitTrackPro.build/Debug-iphonesimulator/FitTrackProWidgetExtension.build/DerivedSources -Xcc -DDEBUG\=1 -emit-objc-header -emit-objc-header-path /Users/p016324/Library/Developer/Xcode/DerivedData/FitTrackPro-dfuxzyqazqijhrdhlxwuokwbmmia/Build/Intermediates.noindex/FitTrackPro.build/Debug-iphonesimulator/FitTrackProWidgetExtension.build/Objects-normal/x86_64/FitTrackProWidgetExtension-Swift.h -working-directory /Users/p016324/.gemini/antigravity/scratch/FitTrackPro -experimental-emit-module-separately -disable-cmo

SwiftDriver FitTrackProWidgetExtension normal arm64 com.apple.xcode.tools.swift.compiler (in target 'FitTrackProWidgetExtension' from project 'FitTrackPro')
    cd /Users/p016324/.gemini/antigravity/scratch/FitTrackPro
    builtin-SwiftDriver -- /Applications/Xcode.app/Contents/Developer/Toolchains/XcodeDefault.xctoolchain/usr/bin/swiftc -module-name FitTrackProWidgetExtension -Onone @/Users/p016324/Library/Developer/Xcode/DerivedData/FitTrackPro-dfuxzyqazqijhrdhlxwuokwbmmia/Build/Intermediates.noindex/FitTrackPro.build/Debug-iphonesimulator/FitTrackProWidgetExtension.build/Objects-normal/arm64/FitTrackProWidgetExtension.SwiftFileList -DDEBUG -enable-bare-slash-regex -enable-upcoming-feature DisableOutwardActorInference -enable-upcoming-feature InferSendableFromCaptures -enable-upcoming-feature GlobalActorIsolatedTypesUsability -enable-upcoming-feature MemberImportVisibility -enable-upcoming-feature InferIsolatedConformances -enable-upcoming-feature NonisolatedNonsendingByDefault -enable-experimental-feature DebugDescriptionMacro -sdk /Applications/Xcode.app/Contents/Developer/Platforms/iPhoneSimulator.platform/Developer/SDKs/iPhoneSimulator26.5.sdk -target arm64-apple-ios26.5-simulator -g -module-cache-path /Users/p016324/Library/Developer/Xcode/DerivedData/ModuleCache.noindex -Xfrontend -serialize-debugging-options -application-extension -enable-testing -index-store-path /Users/p016324/Library/Developer/Xcode/DerivedData/FitTrackPro-dfuxzyqazqijhrdhlxwuokwbmmia/Index.noindex/DataStore -Xcc -D_LIBCPP_HARDENING_MODE\=_LIBCPP_HARDENING_MODE_DEBUG -swift-version 5 -I /Users/p016324/Library/Developer/Xcode/DerivedData/FitTrackPro-dfuxzyqazqijhrdhlxwuokwbmmia/Build/Products/Debug-iphonesimulator -F /Users/p016324/Library/Developer/Xcode/DerivedData/FitTrackPro-dfuxzyqazqijhrdhlxwuokwbmmia/Build/Products/Debug-iphonesimulator -emit-localized-strings -emit-localized-strings-path /Users/p016324/Library/Developer/Xcode/DerivedData/FitTrackPro-dfuxzyqazqijhrdhlxwuokwbmmia/Build/Intermediates.noindex/FitTrackPro.build/Debug-iphonesimulator/FitTrackProWidgetExtension.build/Objects-normal/arm64 -c -j12 -enable-batch-mode -incremental -Xcc -ivfsstatcache -Xcc /Users/p016324/Library/Developer/Xcode/DerivedData/SDKStatCaches.noindex/iphonesimulator26.5-23F81a-6cfe768891a92b912361537c460fe42b.sdkstatcache -output-file-map /Users/p016324/Library/Developer/Xcode/DerivedData/FitTrackPro-dfuxzyqazqijhrdhlxwuokwbmmia/Build/Intermediates.noindex/FitTrackPro.build/Debug-iphonesimulator/FitTrackProWidgetExtension.build/Objects-normal/arm64/FitTrackProWidgetExtension-OutputFileMap.json -use-frontend-parseable-output -save-temps -no-color-diagnostics -explicit-module-build -module-cache-path /Users/p016324/Library/Developer/Xcode/DerivedData/FitTrackPro-dfuxzyqazqijhrdhlxwuokwbmmia/Build/Intermediates.noindex/SwiftExplicitPrecompiledModules -clang-scanner-module-cache-path /Users/p016324/Library/Developer/Xcode/DerivedData/ModuleCache.noindex -sdk-module-cache-path /Users/p016324/Library/Developer/Xcode/DerivedData/ModuleCache.noindex -serialize-diagnostics -emit-dependencies -emit-module -emit-module-path /Users/p016324/Library/Developer/Xcode/DerivedData/FitTrackPro-dfuxzyqazqijhrdhlxwuokwbmmia/Build/Intermediates.noindex/FitTrackPro.build/Debug-iphonesimulator/FitTrackProWidgetExtension.build/Objects-normal/arm64/FitTrackProWidgetExtension.swiftmodule -validate-clang-modules-once -clang-build-session-file /Users/p016324/Library/Developer/Xcode/DerivedData/ModuleCache.noindex/Session.modulevalidation -Xcc -I/Users/p016324/Library/Developer/Xcode/DerivedData/FitTrackPro-dfuxzyqazqijhrdhlxwuokwbmmia/Build/Intermediates.noindex/FitTrackPro.build/Debug-iphonesimulator/FitTrackProWidgetExtension.build/swift-overrides.hmap -emit-const-values -Xfrontend -const-gather-protocols-file -Xfrontend /Users/p016324/Library/Developer/Xcode/DerivedData/FitTrackPro-dfuxzyqazqijhrdhlxwuokwbmmia/Build/Intermediates.noindex/FitTrackPro.build/Debug-iphonesimulator/FitTrackProWidgetExtension.build/Objects-normal/arm64/FitTrackProWidgetExtension_const_extract_protocols.json -Xcc -iquote -Xcc /Users/p016324/Library/Developer/Xcode/DerivedData/FitTrackPro-dfuxzyqazqijhrdhlxwuokwbmmia/Build/Intermediates.noindex/FitTrackPro.build/Debug-iphonesimulator/FitTrackProWidgetExtension.build/FitTrackProWidgetExtension-generated-files.hmap -Xcc -I/Users/p016324/Library/Developer/Xcode/DerivedData/FitTrackPro-dfuxzyqazqijhrdhlxwuokwbmmia/Build/Intermediates.noindex/FitTrackPro.build/Debug-iphonesimulator/FitTrackProWidgetExtension.build/FitTrackProWidgetExtension-own-target-headers.hmap -Xcc -I/Users/p016324/Library/Developer/Xcode/DerivedData/FitTrackPro-dfuxzyqazqijhrdhlxwuokwbmmia/Build/Intermediates.noindex/FitTrackPro.build/Debug-iphonesimulator/FitTrackProWidgetExtension.build/FitTrackProWidgetExtension-all-target-headers.hmap -Xcc -iquote -Xcc /Users/p016324/Library/Developer/Xcode/DerivedData/FitTrackPro-dfuxzyqazqijhrdhlxwuokwbmmia/Build/Intermediates.noindex/FitTrackPro.build/Debug-iphonesimulator/FitTrackProWidgetExtension.build/FitTrackProWidgetExtension-project-headers.hmap -Xcc -I/Users/p016324/Library/Developer/Xcode/DerivedData/FitTrackPro-dfuxzyqazqijhrdhlxwuokwbmmia/Build/Products/Debug-iphonesimulator/include -Xcc -I/Users/p016324/Library/Developer/Xcode/DerivedData/FitTrackPro-dfuxzyqazqijhrdhlxwuokwbmmia/Build/Intermediates.noindex/FitTrackPro.build/Debug-iphonesimulator/FitTrackProWidgetExtension.build/DerivedSources-normal/arm64 -Xcc -I/Users/p016324/Library/Developer/Xcode/DerivedData/FitTrackPro-dfuxzyqazqijhrdhlxwuokwbmmia/Build/Intermediates.noindex/FitTrackPro.build/Debug-iphonesimulator/FitTrackProWidgetExtension.build/DerivedSources/arm64 -Xcc -I/Users/p016324/Library/Developer/Xcode/DerivedData/FitTrackPro-dfuxzyqazqijhrdhlxwuokwbmmia/Build/Intermediates.noindex/FitTrackPro.build/Debug-iphonesimulator/FitTrackProWidgetExtension.build/DerivedSources -Xcc -DDEBUG\=1 -emit-objc-header -emit-objc-header-path /Users/p016324/Library/Developer/Xcode/DerivedData/FitTrackPro-dfuxzyqazqijhrdhlxwuokwbmmia/Build/Intermediates.noindex/FitTrackPro.build/Debug-iphonesimulator/FitTrackProWidgetExtension.build/Objects-normal/arm64/FitTrackProWidgetExtension-Swift.h -working-directory /Users/p016324/.gemini/antigravity/scratch/FitTrackPro -experimental-emit-module-separately -disable-cmo

SwiftCompile normal x86_64 Compiling\ WeightEntry.swift,\ FitTrackProWidget.swift /Users/p016324/.gemini/antigravity/scratch/FitTrackPro/Core/Models/WeightEntry.swift /Users/p016324/.gemini/antigravity/scratch/FitTrackPro/FitTrackProWidget/FitTrackProWidget.swift (in target 'FitTrackProWidgetExtension' from project 'FitTrackPro')

SwiftCompile normal x86_64 /Users/p016324/.gemini/antigravity/scratch/FitTrackPro/Core/Models/WeightEntry.swift (in target 'FitTrackProWidgetExtension' from project 'FitTrackPro')
    cd /Users/p016324/.gemini/antigravity/scratch/FitTrackPro
    

SwiftCompile normal x86_64 /Users/p016324/.gemini/antigravity/scratch/FitTrackPro/FitTrackProWidget/FitTrackProWidget.swift (in target 'FitTrackProWidgetExtension' from project 'FitTrackPro')
    cd /Users/p016324/.gemini/antigravity/scratch/FitTrackPro
    
/Users/p016324/.gemini/antigravity/scratch/FitTrackPro/FitTrackProWidget/FitTrackProWidget.swift:5:18: warning: conformance of 'Provider' to protocol 'TimelineProvider' crosses into main actor-isolated code and can cause data races; this is an error in the Swift 6 language mode
struct Provider: TimelineProvider {
                 ^
/Users/p016324/.gemini/antigravity/scratch/FitTrackPro/FitTrackProWidget/FitTrackProWidget.swift:5:18: note: isolate this conformance to the main actor with '@MainActor'
struct Provider: TimelineProvider {
                 ^
                 @MainActor 
/Users/p016324/.gemini/antigravity/scratch/FitTrackPro/FitTrackProWidget/FitTrackProWidget.swift:5:18: note: turn data races into runtime errors with '@preconcurrency'
struct Provider: TimelineProvider {
                 ^
                 @preconcurrency 
/Users/p016324/.gemini/antigravity/scratch/FitTrackPro/FitTrackProWidget/FitTrackProWidget.swift:7:10: note: main actor-isolated instance method 'placeholder(in:)' cannot satisfy nonisolated requirement
    func placeholder(in context: Context) -> DashboardEntry {
         ^
/Users/p016324/.gemini/antigravity/scratch/FitTrackPro/FitTrackProWidget/FitTrackProWidget.swift:12:10: note: main actor-isolated instance method 'getSnapshot(in:completion:)' cannot satisfy nonisolated requirement
    func getSnapshot(in context: Context, completion: @escaping (DashboardEntry) -> ()) {
         ^
/Users/p016324/.gemini/antigravity/scratch/FitTrackPro/FitTrackProWidget/FitTrackProWidget.swift:18:10: note: main actor-isolated instance method 'getTimeline(in:completion:)' cannot satisfy nonisolated requirement
    func getTimeline(in context: Context, completion: @escaping (Timeline<Entry>) -> ()) {
         ^

SwiftCompile normal x86_64 Compiling\ SharedContainer.swift,\ WorkoutSet.swift /Users/p016324/.gemini/antigravity/scratch/FitTrackPro/Core/Database/SharedContainer.swift /Users/p016324/.gemini/antigravity/scratch/FitTrackPro/Core/Models/WorkoutSet.swift (in target 'FitTrackProWidgetExtension' from project 'FitTrackPro')

SwiftCompile normal x86_64 /Users/p016324/.gemini/antigravity/scratch/FitTrackPro/Core/Database/SharedContainer.swift (in target 'FitTrackProWidgetExtension' from project 'FitTrackPro')
    cd /Users/p016324/.gemini/antigravity/scratch/FitTrackPro
    

SwiftCompile normal x86_64 /Users/p016324/.gemini/antigravity/scratch/FitTrackPro/Core/Models/WorkoutSet.swift (in target 'FitTrackProWidgetExtension' from project 'FitTrackPro')
    cd /Users/p016324/.gemini/antigravity/scratch/FitTrackPro
    

SwiftCompile normal x86_64 Compiling\ FoodEntry.swift,\ PlanExercise.swift /Users/p016324/.gemini/antigravity/scratch/FitTrackPro/Core/Models/FoodEntry.swift /Users/p016324/.gemini/antigravity/scratch/FitTrackPro/Core/Models/PlanExercise.swift (in target 'FitTrackProWidgetExtension' from project 'FitTrackPro')

SwiftCompile normal x86_64 /Users/p016324/.gemini/antigravity/scratch/FitTrackPro/Core/Models/FoodEntry.swift (in target 'FitTrackProWidgetExtension' from project 'FitTrackPro')
    cd /Users/p016324/.gemini/antigravity/scratch/FitTrackPro
    

SwiftCompile normal x86_64 /Users/p016324/.gemini/antigravity/scratch/FitTrackPro/Core/Models/PlanExercise.swift (in target 'FitTrackProWidgetExtension' from project 'FitTrackPro')
    cd /Users/p016324/.gemini/antigravity/scratch/FitTrackPro
    

SwiftCompile normal x86_64 Compiling\ WorkoutSession.swift /Users/p016324/.gemini/antigravity/scratch/FitTrackPro/Core/Models/WorkoutSession.swift (in target 'FitTrackProWidgetExtension' from project 'FitTrackPro')

SwiftCompile normal x86_64 /Users/p016324/.gemini/antigravity/scratch/FitTrackPro/Core/Models/WorkoutSession.swift (in target 'FitTrackProWidgetExtension' from project 'FitTrackPro')
    cd /Users/p016324/.gemini/antigravity/scratch/FitTrackPro
    

SwiftEmitModule normal x86_64 Emitting\ module\ for\ FitTrackProWidgetExtension (in target 'FitTrackProWidgetExtension' from project 'FitTrackPro')

EmitSwiftModule normal x86_64 (in target 'FitTrackProWidgetExtension' from project 'FitTrackPro')
    cd /Users/p016324/.gemini/antigravity/scratch/FitTrackPro
    
/Users/p016324/.gemini/antigravity/scratch/FitTrackPro/FitTrackProWidget/FitTrackProWidget.swift:5:18: warning: conformance of 'Provider' to protocol 'TimelineProvider' crosses into main actor-isolated code and can cause data races; this is an error in the Swift 6 language mode
struct Provider: TimelineProvider {
                 ^
/Users/p016324/.gemini/antigravity/scratch/FitTrackPro/FitTrackProWidget/FitTrackProWidget.swift:5:18: note: isolate this conformance to the main actor with '@MainActor'
struct Provider: TimelineProvider {
                 ^
                 @MainActor 
/Users/p016324/.gemini/antigravity/scratch/FitTrackPro/FitTrackProWidget/FitTrackProWidget.swift:5:18: note: turn data races into runtime errors with '@preconcurrency'
struct Provider: TimelineProvider {
                 ^
                 @preconcurrency 
/Users/p016324/.gemini/antigravity/scratch/FitTrackPro/FitTrackProWidget/FitTrackProWidget.swift:7:10: note: main actor-isolated instance method 'placeholder(in:)' cannot satisfy nonisolated requirement
    func placeholder(in context: Context) -> DashboardEntry {
         ^
/Users/p016324/.gemini/antigravity/scratch/FitTrackPro/FitTrackProWidget/FitTrackProWidget.swift:12:10: note: main actor-isolated instance method 'getSnapshot(in:completion:)' cannot satisfy nonisolated requirement
    func getSnapshot(in context: Context, completion: @escaping (DashboardEntry) -> ()) {
         ^
/Users/p016324/.gemini/antigravity/scratch/FitTrackPro/FitTrackProWidget/FitTrackProWidget.swift:18:10: note: main actor-isolated instance method 'getTimeline(in:completion:)' cannot satisfy nonisolated requirement
    func getTimeline(in context: Context, completion: @escaping (Timeline<Entry>) -> ()) {
         ^

SwiftCompile normal x86_64 Compiling\ FitTrackProWidgetBundle.swift,\ FitTrackProWidgetControl.swift /Users/p016324/.gemini/antigravity/scratch/FitTrackPro/FitTrackProWidget/FitTrackProWidgetBundle.swift /Users/p016324/.gemini/antigravity/scratch/FitTrackPro/FitTrackProWidget/FitTrackProWidgetControl.swift (in target 'FitTrackProWidgetExtension' from project 'FitTrackPro')

SwiftCompile normal x86_64 /Users/p016324/.gemini/antigravity/scratch/FitTrackPro/FitTrackProWidget/FitTrackProWidgetBundle.swift (in target 'FitTrackProWidgetExtension' from project 'FitTrackPro')
    cd /Users/p016324/.gemini/antigravity/scratch/FitTrackPro
    

SwiftCompile normal x86_64 /Users/p016324/.gemini/antigravity/scratch/FitTrackPro/FitTrackProWidget/FitTrackProWidgetControl.swift (in target 'FitTrackProWidgetExtension' from project 'FitTrackPro')
    cd /Users/p016324/.gemini/antigravity/scratch/FitTrackPro
    

SwiftCompile normal x86_64 Compiling\ TrainingPlan.swift,\ Exercise.swift /Users/p016324/.gemini/antigravity/scratch/FitTrackPro/Core/Models/TrainingPlan.swift /Users/p016324/.gemini/antigravity/scratch/FitTrackPro/Core/Models/Exercise.swift (in target 'FitTrackProWidgetExtension' from project 'FitTrackPro')

SwiftCompile normal x86_64 /Users/p016324/.gemini/antigravity/scratch/FitTrackPro/Core/Models/TrainingPlan.swift (in target 'FitTrackProWidgetExtension' from project 'FitTrackPro')
    cd /Users/p016324/.gemini/antigravity/scratch/FitTrackPro
    

SwiftCompile normal x86_64 /Users/p016324/.gemini/antigravity/scratch/FitTrackPro/Core/Models/Exercise.swift (in target 'FitTrackProWidgetExtension' from project 'FitTrackPro')
    cd /Users/p016324/.gemini/antigravity/scratch/FitTrackPro
    

SwiftCompile normal x86_64 Compiling\ WaterEntry.swift /Users/p016324/.gemini/antigravity/scratch/FitTrackPro/Core/Models/WaterEntry.swift (in target 'FitTrackProWidgetExtension' from project 'FitTrackPro')

SwiftCompile normal x86_64 /Users/p016324/.gemini/antigravity/scratch/FitTrackPro/Core/Models/WaterEntry.swift (in target 'FitTrackProWidgetExtension' from project 'FitTrackPro')
    cd /Users/p016324/.gemini/antigravity/scratch/FitTrackPro
    

SwiftCompile normal x86_64 Compiling\ GeneratedAssetSymbols.swift /Users/p016324/Library/Developer/Xcode/DerivedData/FitTrackPro-dfuxzyqazqijhrdhlxwuokwbmmia/Build/Intermediates.noindex/FitTrackPro.build/Debug-iphonesimulator/FitTrackProWidgetExtension.build/DerivedSources/GeneratedAssetSymbols.swift (in target 'FitTrackProWidgetExtension' from project 'FitTrackPro')

SwiftCompile normal x86_64 /Users/p016324/Library/Developer/Xcode/DerivedData/FitTrackPro-dfuxzyqazqijhrdhlxwuokwbmmia/Build/Intermediates.noindex/FitTrackPro.build/Debug-iphonesimulator/FitTrackProWidgetExtension.build/DerivedSources/GeneratedAssetSymbols.swift (in target 'FitTrackProWidgetExtension' from project 'FitTrackPro')
    cd /Users/p016324/.gemini/antigravity/scratch/FitTrackPro
    

SwiftCompile normal x86_64 Compiling\ SavedFood.swift /Users/p016324/.gemini/antigravity/scratch/FitTrackPro/Core/Models/SavedFood.swift (in target 'FitTrackProWidgetExtension' from project 'FitTrackPro')

SwiftCompile normal x86_64 /Users/p016324/.gemini/antigravity/scratch/FitTrackPro/Core/Models/SavedFood.swift (in target 'FitTrackProWidgetExtension' from project 'FitTrackPro')
    cd /Users/p016324/.gemini/antigravity/scratch/FitTrackPro
    

SwiftCompile normal x86_64 Compiling\ SleepEntry.swift /Users/p016324/.gemini/antigravity/scratch/FitTrackPro/Core/Models/SleepEntry.swift (in target 'FitTrackProWidgetExtension' from project 'FitTrackPro')

SwiftCompile normal x86_64 /Users/p016324/.gemini/antigravity/scratch/FitTrackPro/Core/Models/SleepEntry.swift (in target 'FitTrackProWidgetExtension' from project 'FitTrackPro')
    cd /Users/p016324/.gemini/antigravity/scratch/FitTrackPro
    

SwiftCompile normal x86_64 Compiling\ StepEntry.swift,\ DailyLog.swift /Users/p016324/.gemini/antigravity/scratch/FitTrackPro/Core/Models/StepEntry.swift /Users/p016324/.gemini/antigravity/scratch/FitTrackPro/Core/Models/DailyLog.swift (in target 'FitTrackProWidgetExtension' from project 'FitTrackPro')

SwiftCompile normal x86_64 /Users/p016324/.gemini/antigravity/scratch/FitTrackPro/Core/Models/StepEntry.swift (in target 'FitTrackProWidgetExtension' from project 'FitTrackPro')
    cd /Users/p016324/.gemini/antigravity/scratch/FitTrackPro
    

SwiftCompile normal x86_64 /Users/p016324/.gemini/antigravity/scratch/FitTrackPro/Core/Models/DailyLog.swift (in target 'FitTrackProWidgetExtension' from project 'FitTrackPro')
    cd /Users/p016324/.gemini/antigravity/scratch/FitTrackPro
    

SwiftEmitModule normal arm64 Emitting\ module\ for\ FitTrackProWidgetExtension (in target 'FitTrackProWidgetExtension' from project 'FitTrackPro')
EmitSwiftModule normal arm64 (in target 'FitTrackProWidgetExtension' from project 'FitTrackPro')
    cd /Users/p016324/.gemini/antigravity/scratch/FitTrackPro
    
/Users/p016324/.gemini/antigravity/scratch/FitTrackPro/FitTrackProWidget/FitTrackProWidget.swift:5:18: warning: conformance of 'Provider' to protocol 'TimelineProvider' crosses into main actor-isolated code and can cause data races; this is an error in the Swift 6 language mode
struct Provider: TimelineProvider {
                 ^
/Users/p016324/.gemini/antigravity/scratch/FitTrackPro/FitTrackProWidget/FitTrackProWidget.swift:5:18: note: isolate this conformance to the main actor with '@MainActor'
struct Provider: TimelineProvider {
                 ^
                 @MainActor 
/Users/p016324/.gemini/antigravity/scratch/FitTrackPro/FitTrackProWidget/FitTrackProWidget.swift:5:18: note: turn data races into runtime errors with '@preconcurrency'
struct Provider: TimelineProvider {
                 ^
                 @preconcurrency 
/Users/p016324/.gemini/antigravity/scratch/FitTrackPro/FitTrackProWidget/FitTrackProWidget.swift:7:10: note: main actor-isolated instance method 'placeholder(in:)' cannot satisfy nonisolated requirement
    func placeholder(in context: Context) -> DashboardEntry {
         ^
/Users/p016324/.gemini/antigravity/scratch/FitTrackPro/FitTrackProWidget/FitTrackProWidget.swift:12:10: note: main actor-isolated instance method 'getSnapshot(in:completion:)' cannot satisfy nonisolated requirement
    func getSnapshot(in context: Context, completion: @escaping (DashboardEntry) -> ()) {
         ^
/Users/p016324/.gemini/antigravity/scratch/FitTrackPro/FitTrackProWidget/FitTrackProWidget.swift:18:10: note: main actor-isolated instance method 'getTimeline(in:completion:)' cannot satisfy nonisolated requirement
    func getTimeline(in context: Context, completion: @escaping (Timeline<Entry>) -> ()) {
         ^

SwiftDriverJobDiscovery normal x86_64 Compiling GeneratedAssetSymbols.swift (in target 'FitTrackProWidgetExtension' from project 'FitTrackPro')

SwiftCompile normal arm64 Compiling\ FitTrackProWidgetLiveActivity.swift,\ Recipe.swift /Users/p016324/.gemini/antigravity/scratch/FitTrackPro/FitTrackProWidget/FitTrackProWidgetLiveActivity.swift /Users/p016324/.gemini/antigravity/scratch/FitTrackPro/Core/Models/Recipe.swift (in target 'FitTrackProWidgetExtension' from project 'FitTrackPro')

SwiftCompile normal arm64 /Users/p016324/.gemini/antigravity/scratch/FitTrackPro/FitTrackProWidget/FitTrackProWidgetLiveActivity.swift (in target 'FitTrackProWidgetExtension' from project 'FitTrackPro')
    cd /Users/p016324/.gemini/antigravity/scratch/FitTrackPro
    

SwiftCompile normal arm64 /Users/p016324/.gemini/antigravity/scratch/FitTrackPro/Core/Models/Recipe.swift (in target 'FitTrackProWidgetExtension' from project 'FitTrackPro')
    cd /Users/p016324/.gemini/antigravity/scratch/FitTrackPro
    

SwiftDriverJobDiscovery normal x86_64 Compiling FitTrackProWidgetBundle.swift, FitTrackProWidgetControl.swift (in target 'FitTrackProWidgetExtension' from project 'FitTrackPro')

SwiftCompile normal arm64 Compiling\ WaterEntry.swift /Users/p016324/.gemini/antigravity/scratch/FitTrackPro/Core/Models/WaterEntry.swift (in target 'FitTrackProWidgetExtension' from project 'FitTrackPro')

SwiftCompile normal arm64 /Users/p016324/.gemini/antigravity/scratch/FitTrackPro/Core/Models/WaterEntry.swift (in target 'FitTrackProWidgetExtension' from project 'FitTrackPro')
    cd /Users/p016324/.gemini/antigravity/scratch/FitTrackPro
    

SwiftDriverJobDiscovery normal x86_64 Compiling WaterEntry.swift (in target 'FitTrackProWidgetExtension' from project 'FitTrackPro')

SwiftCompile normal arm64 Compiling\ StepEntry.swift,\ DailyLog.swift /Users/p016324/.gemini/antigravity/scratch/FitTrackPro/Core/Models/StepEntry.swift /Users/p016324/.gemini/antigravity/scratch/FitTrackPro/Core/Models/DailyLog.swift (in target 'FitTrackProWidgetExtension' from project 'FitTrackPro')

SwiftCompile normal arm64 /Users/p016324/.gemini/antigravity/scratch/FitTrackPro/Core/Models/StepEntry.swift (in target 'FitTrackProWidgetExtension' from project 'FitTrackPro')
    cd /Users/p016324/.gemini/antigravity/scratch/FitTrackPro
    

SwiftCompile normal arm64 /Users/p016324/.gemini/antigravity/scratch/FitTrackPro/Core/Models/DailyLog.swift (in target 'FitTrackProWidgetExtension' from project 'FitTrackPro')
    cd /Users/p016324/.gemini/antigravity/scratch/FitTrackPro
    

SwiftDriverJobDiscovery normal x86_64 Compiling SavedFood.swift (in target 'FitTrackProWidgetExtension' from project 'FitTrackPro')

SwiftCompile normal arm64 Compiling\ SavedFood.swift /Users/p016324/.gemini/antigravity/scratch/FitTrackPro/Core/Models/SavedFood.swift (in target 'FitTrackProWidgetExtension' from project 'FitTrackPro')

SwiftCompile normal arm64 /Users/p016324/.gemini/antigravity/scratch/FitTrackPro/Core/Models/SavedFood.swift (in target 'FitTrackProWidgetExtension' from project 'FitTrackPro')
    cd /Users/p016324/.gemini/antigravity/scratch/FitTrackPro
    

SwiftDriverJobDiscovery normal x86_64 Compiling SleepEntry.swift (in target 'FitTrackProWidgetExtension' from project 'FitTrackPro')

SwiftCompile normal arm64 Compiling\ GeneratedAssetSymbols.swift /Users/p016324/Library/Developer/Xcode/DerivedData/FitTrackPro-dfuxzyqazqijhrdhlxwuokwbmmia/Build/Intermediates.noindex/FitTrackPro.build/Debug-iphonesimulator/FitTrackProWidgetExtension.build/DerivedSources/GeneratedAssetSymbols.swift (in target 'FitTrackProWidgetExtension' from project 'FitTrackPro')

SwiftCompile normal arm64 /Users/p016324/Library/Developer/Xcode/DerivedData/FitTrackPro-dfuxzyqazqijhrdhlxwuokwbmmia/Build/Intermediates.noindex/FitTrackPro.build/Debug-iphonesimulator/FitTrackProWidgetExtension.build/DerivedSources/GeneratedAssetSymbols.swift (in target 'FitTrackProWidgetExtension' from project 'FitTrackPro')
    cd /Users/p016324/.gemini/antigravity/scratch/FitTrackPro
    

SwiftDriverJobDiscovery normal x86_64 Compiling WorkoutSession.swift (in target 'FitTrackProWidgetExtension' from project 'FitTrackPro')

SwiftCompile normal arm64 Compiling\ FitTrackProWidgetBundle.swift,\ FitTrackProWidgetControl.swift /Users/p016324/.gemini/antigravity/scratch/FitTrackPro/FitTrackProWidget/FitTrackProWidgetBundle.swift /Users/p016324/.gemini/antigravity/scratch/FitTrackPro/FitTrackProWidget/FitTrackProWidgetControl.swift (in target 'FitTrackProWidgetExtension' from project 'FitTrackPro')

SwiftCompile normal arm64 /Users/p016324/.gemini/antigravity/scratch/FitTrackPro/FitTrackProWidget/FitTrackProWidgetBundle.swift (in target 'FitTrackProWidgetExtension' from project 'FitTrackPro')
    cd /Users/p016324/.gemini/antigravity/scratch/FitTrackPro
    

SwiftCompile normal arm64 /Users/p016324/.gemini/antigravity/scratch/FitTrackPro/FitTrackProWidget/FitTrackProWidgetControl.swift (in target 'FitTrackProWidgetExtension' from project 'FitTrackPro')
    cd /Users/p016324/.gemini/antigravity/scratch/FitTrackPro
    

SwiftDriverJobDiscovery normal x86_64 Compiling StepEntry.swift, DailyLog.swift (in target 'FitTrackProWidgetExtension' from project 'FitTrackPro')

SwiftCompile normal arm64 Compiling\ FoodEntry.swift,\ PlanExercise.swift /Users/p016324/.gemini/antigravity/scratch/FitTrackPro/Core/Models/FoodEntry.swift /Users/p016324/.gemini/antigravity/scratch/FitTrackPro/Core/Models/PlanExercise.swift (in target 'FitTrackProWidgetExtension' from project 'FitTrackPro')

SwiftCompile normal arm64 /Users/p016324/.gemini/antigravity/scratch/FitTrackPro/Core/Models/FoodEntry.swift (in target 'FitTrackProWidgetExtension' from project 'FitTrackPro')
    cd /Users/p016324/.gemini/antigravity/scratch/FitTrackPro
    

SwiftCompile normal arm64 /Users/p016324/.gemini/antigravity/scratch/FitTrackPro/Core/Models/PlanExercise.swift (in target 'FitTrackProWidgetExtension' from project 'FitTrackPro')
    cd /Users/p016324/.gemini/antigravity/scratch/FitTrackPro
    

SwiftDriverJobDiscovery normal arm64 Compiling GeneratedAssetSymbols.swift (in target 'FitTrackProWidgetExtension' from project 'FitTrackPro')

SwiftCompile normal arm64 Compiling\ TrainingPlan.swift,\ Exercise.swift /Users/p016324/.gemini/antigravity/scratch/FitTrackPro/Core/Models/TrainingPlan.swift /Users/p016324/.gemini/antigravity/scratch/FitTrackPro/Core/Models/Exercise.swift (in target 'FitTrackProWidgetExtension' from project 'FitTrackPro')
SwiftCompile normal arm64 /Users/p016324/.gemini/antigravity/scratch/FitTrackPro/Core/Models/TrainingPlan.swift (in target 'FitTrackProWidgetExtension' from project 'FitTrackPro')
    cd /Users/p016324/.gemini/antigravity/scratch/FitTrackPro
    

SwiftCompile normal arm64 /Users/p016324/.gemini/antigravity/scratch/FitTrackPro/Core/Models/Exercise.swift (in target 'FitTrackProWidgetExtension' from project 'FitTrackPro')
    cd /Users/p016324/.gemini/antigravity/scratch/FitTrackPro
    

SwiftDriverJobDiscovery normal x86_64 Compiling SharedContainer.swift, WorkoutSet.swift (in target 'FitTrackProWidgetExtension' from project 'FitTrackPro')

SwiftCompile normal arm64 Compiling\ SleepEntry.swift /Users/p016324/.gemini/antigravity/scratch/FitTrackPro/Core/Models/SleepEntry.swift (in target 'FitTrackProWidgetExtension' from project 'FitTrackPro')

SwiftCompile normal arm64 /Users/p016324/.gemini/antigravity/scratch/FitTrackPro/Core/Models/SleepEntry.swift (in target 'FitTrackProWidgetExtension' from project 'FitTrackPro')
    cd /Users/p016324/.gemini/antigravity/scratch/FitTrackPro
    

SwiftDriverJobDiscovery normal arm64 Compiling WaterEntry.swift (in target 'FitTrackProWidgetExtension' from project 'FitTrackPro')

SwiftCompile normal arm64 Compiling\ WorkoutSession.swift /Users/p016324/.gemini/antigravity/scratch/FitTrackPro/Core/Models/WorkoutSession.swift (in target 'FitTrackProWidgetExtension' from project 'FitTrackPro')

SwiftCompile normal arm64 /Users/p016324/.gemini/antigravity/scratch/FitTrackPro/Core/Models/WorkoutSession.swift (in target 'FitTrackProWidgetExtension' from project 'FitTrackPro')
    cd /Users/p016324/.gemini/antigravity/scratch/FitTrackPro
    

SwiftDriverJobDiscovery normal x86_64 Compiling FoodEntry.swift, PlanExercise.swift (in target 'FitTrackProWidgetExtension' from project 'FitTrackPro')

SwiftCompile normal arm64 Compiling\ SharedContainer.swift,\ WorkoutSet.swift /Users/p016324/.gemini/antigravity/scratch/FitTrackPro/Core/Database/SharedContainer.swift /Users/p016324/.gemini/antigravity/scratch/FitTrackPro/Core/Models/WorkoutSet.swift (in target 'FitTrackProWidgetExtension' from project 'FitTrackPro')

SwiftCompile normal arm64 /Users/p016324/.gemini/antigravity/scratch/FitTrackPro/Core/Database/SharedContainer.swift (in target 'FitTrackProWidgetExtension' from project 'FitTrackPro')
    cd /Users/p016324/.gemini/antigravity/scratch/FitTrackPro
    

SwiftCompile normal arm64 /Users/p016324/.gemini/antigravity/scratch/FitTrackPro/Core/Models/WorkoutSet.swift (in target 'FitTrackProWidgetExtension' from project 'FitTrackPro')
    cd /Users/p016324/.gemini/antigravity/scratch/FitTrackPro
    

SwiftDriverJobDiscovery normal arm64 Compiling FitTrackProWidgetBundle.swift, FitTrackProWidgetControl.swift (in target 'FitTrackProWidgetExtension' from project 'FitTrackPro')

SwiftCompile normal x86_64 Compiling\ FitTrackProWidgetLiveActivity.swift,\ Recipe.swift /Users/p016324/.gemini/antigravity/scratch/FitTrackPro/FitTrackProWidget/FitTrackProWidgetLiveActivity.swift /Users/p016324/.gemini/antigravity/scratch/FitTrackPro/Core/Models/Recipe.swift (in target 'FitTrackProWidgetExtension' from project 'FitTrackPro')
SwiftCompile normal x86_64 /Users/p016324/.gemini/antigravity/scratch/FitTrackPro/FitTrackProWidget/FitTrackProWidgetLiveActivity.swift (in target 'FitTrackProWidgetExtension' from project 'FitTrackPro')
    cd /Users/p016324/.gemini/antigravity/scratch/FitTrackPro
    

SwiftCompile normal x86_64 /Users/p016324/.gemini/antigravity/scratch/FitTrackPro/Core/Models/Recipe.swift (in target 'FitTrackProWidgetExtension' from project 'FitTrackPro')
    cd /Users/p016324/.gemini/antigravity/scratch/FitTrackPro
    

SwiftDriverJobDiscovery normal arm64 Compiling SavedFood.swift (in target 'FitTrackProWidgetExtension' from project 'FitTrackPro')

SwiftCompile normal arm64 Compiling\ WeightEntry.swift,\ FitTrackProWidget.swift /Users/p016324/.gemini/antigravity/scratch/FitTrackPro/Core/Models/WeightEntry.swift /Users/p016324/.gemini/antigravity/scratch/FitTrackPro/FitTrackProWidget/FitTrackProWidget.swift (in target 'FitTrackProWidgetExtension' from project 'FitTrackPro')
SwiftCompile normal arm64 /Users/p016324/.gemini/antigravity/scratch/FitTrackPro/Core/Models/WeightEntry.swift (in target 'FitTrackProWidgetExtension' from project 'FitTrackPro')
    cd /Users/p016324/.gemini/antigravity/scratch/FitTrackPro
    

SwiftCompile normal arm64 /Users/p016324/.gemini/antigravity/scratch/FitTrackPro/FitTrackProWidget/FitTrackProWidget.swift (in target 'FitTrackProWidgetExtension' from project 'FitTrackPro')
    cd /Users/p016324/.gemini/antigravity/scratch/FitTrackPro
    
/Users/p016324/.gemini/antigravity/scratch/FitTrackPro/FitTrackProWidget/FitTrackProWidget.swift:5:18: warning: conformance of 'Provider' to protocol 'TimelineProvider' crosses into main actor-isolated code and can cause data races; this is an error in the Swift 6 language mode
struct Provider: TimelineProvider {
                 ^
/Users/p016324/.gemini/antigravity/scratch/FitTrackPro/FitTrackProWidget/FitTrackProWidget.swift:5:18: note: isolate this conformance to the main actor with '@MainActor'
struct Provider: TimelineProvider {
                 ^
                 @MainActor 
/Users/p016324/.gemini/antigravity/scratch/FitTrackPro/FitTrackProWidget/FitTrackProWidget.swift:5:18: note: turn data races into runtime errors with '@preconcurrency'
struct Provider: TimelineProvider {
                 ^
                 @preconcurrency 
/Users/p016324/.gemini/antigravity/scratch/FitTrackPro/FitTrackProWidget/FitTrackProWidget.swift:7:10: note: main actor-isolated instance method 'placeholder(in:)' cannot satisfy nonisolated requirement
    func placeholder(in context: Context) -> DashboardEntry {
         ^
/Users/p016324/.gemini/antigravity/scratch/FitTrackPro/FitTrackProWidget/FitTrackProWidget.swift:12:10: note: main actor-isolated instance method 'getSnapshot(in:completion:)' cannot satisfy nonisolated requirement
    func getSnapshot(in context: Context, completion: @escaping (DashboardEntry) -> ()) {
         ^
/Users/p016324/.gemini/antigravity/scratch/FitTrackPro/FitTrackProWidget/FitTrackProWidget.swift:18:10: note: main actor-isolated instance method 'getTimeline(in:completion:)' cannot satisfy nonisolated requirement
    func getTimeline(in context: Context, completion: @escaping (Timeline<Entry>) -> ()) {
         ^

SwiftDriverJobDiscovery normal x86_64 Compiling TrainingPlan.swift, Exercise.swift (in target 'FitTrackProWidgetExtension' from project 'FitTrackPro')

SwiftDriverJobDiscovery normal arm64 Compiling StepEntry.swift, DailyLog.swift (in target 'FitTrackProWidgetExtension' from project 'FitTrackPro')

SwiftDriverJobDiscovery normal x86_64 Emitting module for FitTrackProWidgetExtension (in target 'FitTrackProWidgetExtension' from project 'FitTrackPro')

SwiftDriver\ Compilation\ Requirements FitTrackProWidgetExtension normal x86_64 com.apple.xcode.tools.swift.compiler (in target 'FitTrackProWidgetExtension' from project 'FitTrackPro')
    cd /Users/p016324/.gemini/antigravity/scratch/FitTrackPro
    builtin-Swift-Compilation-Requirements -- /Applications/Xcode.app/Contents/Developer/Toolchains/XcodeDefault.xctoolchain/usr/bin/swiftc -module-name FitTrackProWidgetExtension -Onone @/Users/p016324/Library/Developer/Xcode/DerivedData/FitTrackPro-dfuxzyqazqijhrdhlxwuokwbmmia/Build/Intermediates.noindex/FitTrackPro.build/Debug-iphonesimulator/FitTrackProWidgetExtension.build/Objects-normal/x86_64/FitTrackProWidgetExtension.SwiftFileList -DDEBUG -enable-bare-slash-regex -enable-upcoming-feature DisableOutwardActorInference -enable-upcoming-feature InferSendableFromCaptures -enable-upcoming-feature GlobalActorIsolatedTypesUsability -enable-upcoming-feature MemberImportVisibility -enable-upcoming-feature InferIsolatedConformances -enable-upcoming-feature NonisolatedNonsendingByDefault -enable-experimental-feature DebugDescriptionMacro -sdk /Applications/Xcode.app/Contents/Developer/Platforms/iPhoneSimulator.platform/Developer/SDKs/iPhoneSimulator26.5.sdk -target x86_64-apple-ios26.5-simulator -g -module-cache-path /Users/p016324/Library/Developer/Xcode/DerivedData/ModuleCache.noindex -Xfrontend -serialize-debugging-options -application-extension -enable-testing -index-store-path /Users/p016324/Library/Developer/Xcode/DerivedData/FitTrackPro-dfuxzyqazqijhrdhlxwuokwbmmia/Index.noindex/DataStore -Xcc -D_LIBCPP_HARDENING_MODE\=_LIBCPP_HARDENING_MODE_DEBUG -swift-version 5 -I /Users/p016324/Library/Developer/Xcode/DerivedData/FitTrackPro-dfuxzyqazqijhrdhlxwuokwbmmia/Build/Products/Debug-iphonesimulator -F /Users/p016324/Library/Developer/Xcode/DerivedData/FitTrackPro-dfuxzyqazqijhrdhlxwuokwbmmia/Build/Products/Debug-iphonesimulator -emit-localized-strings -emit-localized-strings-path /Users/p016324/Library/Developer/Xcode/DerivedData/FitTrackPro-dfuxzyqazqijhrdhlxwuokwbmmia/Build/Intermediates.noindex/FitTrackPro.build/Debug-iphonesimulator/FitTrackProWidgetExtension.build/Objects-normal/x86_64 -c -j12 -enable-batch-mode -incremental -Xcc -ivfsstatcache -Xcc /Users/p016324/Library/Developer/Xcode/DerivedData/SDKStatCaches.noindex/iphonesimulator26.5-23F81a-6cfe768891a92b912361537c460fe42b.sdkstatcache -output-file-map /Users/p016324/Library/Developer/Xcode/DerivedData/FitTrackPro-dfuxzyqazqijhrdhlxwuokwbmmia/Build/Intermediates.noindex/FitTrackPro.build/Debug-iphonesimulator/FitTrackProWidgetExtension.build/Objects-normal/x86_64/FitTrackProWidgetExtension-OutputFileMap.json -use-frontend-parseable-output -save-temps -no-color-diagnostics -explicit-module-build -module-cache-path /Users/p016324/Library/Developer/Xcode/DerivedData/FitTrackPro-dfuxzyqazqijhrdhlxwuokwbmmia/Build/Intermediates.noindex/SwiftExplicitPrecompiledModules -clang-scanner-module-cache-path /Users/p016324/Library/Developer/Xcode/DerivedData/ModuleCache.noindex -sdk-module-cache-path /Users/p016324/Library/Developer/Xcode/DerivedData/ModuleCache.noindex -serialize-diagnostics -emit-dependencies -emit-module -emit-module-path /Users/p016324/Library/Developer/Xcode/DerivedData/FitTrackPro-dfuxzyqazqijhrdhlxwuokwbmmia/Build/Intermediates.noindex/FitTrackPro.build/Debug-iphonesimulator/FitTrackProWidgetExtension.build/Objects-normal/x86_64/FitTrackProWidgetExtension.swiftmodule -validate-clang-modules-once -clang-build-session-file /Users/p016324/Library/Developer/Xcode/DerivedData/ModuleCache.noindex/Session.modulevalidation -Xcc -I/Users/p016324/Library/Developer/Xcode/DerivedData/FitTrackPro-dfuxzyqazqijhrdhlxwuokwbmmia/Build/Intermediates.noindex/FitTrackPro.build/Debug-iphonesimulator/FitTrackProWidgetExtension.build/swift-overrides.hmap -emit-const-values -Xfrontend -const-gather-protocols-file -Xfrontend /Users/p016324/Library/Developer/Xcode/DerivedData/FitTrackPro-dfuxzyqazqijhrdhlxwuokwbmmia/Build/Intermediates.noindex/FitTrackPro.build/Debug-iphonesimulator/FitTrackProWidgetExtension.build/Objects-normal/x86_64/FitTrackProWidgetExtension_const_extract_protocols.json -Xcc -iquote -Xcc /Users/p016324/Library/Developer/Xcode/DerivedData/FitTrackPro-dfuxzyqazqijhrdhlxwuokwbmmia/Build/Intermediates.noindex/FitTrackPro.build/Debug-iphonesimulator/FitTrackProWidgetExtension.build/FitTrackProWidgetExtension-generated-files.hmap -Xcc -I/Users/p016324/Library/Developer/Xcode/DerivedData/FitTrackPro-dfuxzyqazqijhrdhlxwuokwbmmia/Build/Intermediates.noindex/FitTrackPro.build/Debug-iphonesimulator/FitTrackProWidgetExtension.build/FitTrackProWidgetExtension-own-target-headers.hmap -Xcc -I/Users/p016324/Library/Developer/Xcode/DerivedData/FitTrackPro-dfuxzyqazqijhrdhlxwuokwbmmia/Build/Intermediates.noindex/FitTrackPro.build/Debug-iphonesimulator/FitTrackProWidgetExtension.build/FitTrackProWidgetExtension-all-target-headers.hmap -Xcc -iquote -Xcc /Users/p016324/Library/Developer/Xcode/DerivedData/FitTrackPro-dfuxzyqazqijhrdhlxwuokwbmmia/Build/Intermediates.noindex/FitTrackPro.build/Debug-iphonesimulator/FitTrackProWidgetExtension.build/FitTrackProWidgetExtension-project-headers.hmap -Xcc -I/Users/p016324/Library/Developer/Xcode/DerivedData/FitTrackPro-dfuxzyqazqijhrdhlxwuokwbmmia/Build/Products/Debug-iphonesimulator/include -Xcc -I/Users/p016324/Library/Developer/Xcode/DerivedData/FitTrackPro-dfuxzyqazqijhrdhlxwuokwbmmia/Build/Intermediates.noindex/FitTrackPro.build/Debug-iphonesimulator/FitTrackProWidgetExtension.build/DerivedSources-normal/x86_64 -Xcc -I/Users/p016324/Library/Developer/Xcode/DerivedData/FitTrackPro-dfuxzyqazqijhrdhlxwuokwbmmia/Build/Intermediates.noindex/FitTrackPro.build/Debug-iphonesimulator/FitTrackProWidgetExtension.build/DerivedSources/x86_64 -Xcc -I/Users/p016324/Library/Developer/Xcode/DerivedData/FitTrackPro-dfuxzyqazqijhrdhlxwuokwbmmia/Build/Intermediates.noindex/FitTrackPro.build/Debug-iphonesimulator/FitTrackProWidgetExtension.build/DerivedSources -Xcc -DDEBUG\=1 -emit-objc-header -emit-objc-header-path /Users/p016324/Library/Developer/Xcode/DerivedData/FitTrackPro-dfuxzyqazqijhrdhlxwuokwbmmia/Build/Intermediates.noindex/FitTrackPro.build/Debug-iphonesimulator/FitTrackProWidgetExtension.build/Objects-normal/x86_64/FitTrackProWidgetExtension-Swift.h -working-directory /Users/p016324/.gemini/antigravity/scratch/FitTrackPro -experimental-emit-module-separately -disable-cmo

SwiftDriverJobDiscovery normal x86_64 Compiling WeightEntry.swift, FitTrackProWidget.swift (in target 'FitTrackProWidgetExtension' from project 'FitTrackPro')

Copy /Users/p016324/Library/Developer/Xcode/DerivedData/FitTrackPro-dfuxzyqazqijhrdhlxwuokwbmmia/Build/Products/Debug-iphonesimulator/FitTrackProWidgetExtension.swiftmodule/x86_64-apple-ios-simulator.abi.json /Users/p016324/Library/Developer/Xcode/DerivedData/FitTrackPro-dfuxzyqazqijhrdhlxwuokwbmmia/Build/Intermediates.noindex/FitTrackPro.build/Debug-iphonesimulator/FitTrackProWidgetExtension.build/Objects-normal/x86_64/FitTrackProWidgetExtension.abi.json (in target 'FitTrackProWidgetExtension' from project 'FitTrackPro')
    cd /Users/p016324/.gemini/antigravity/scratch/FitTrackPro
    builtin-copy -exclude .DS_Store -exclude CVS -exclude .svn -exclude .git -exclude .hg -resolve-src-symlinks -rename /Users/p016324/Library/Developer/Xcode/DerivedData/FitTrackPro-dfuxzyqazqijhrdhlxwuokwbmmia/Build/Intermediates.noindex/FitTrackPro.build/Debug-iphonesimulator/FitTrackProWidgetExtension.build/Objects-normal/x86_64/FitTrackProWidgetExtension.abi.json /Users/p016324/Library/Developer/Xcode/DerivedData/FitTrackPro-dfuxzyqazqijhrdhlxwuokwbmmia/Build/Products/Debug-iphonesimulator/FitTrackProWidgetExtension.swiftmodule/x86_64-apple-ios-simulator.abi.json

Copy /Users/p016324/Library/Developer/Xcode/DerivedData/FitTrackPro-dfuxzyqazqijhrdhlxwuokwbmmia/Build/Products/Debug-iphonesimulator/FitTrackProWidgetExtension.swiftmodule/x86_64-apple-ios-simulator.swiftdoc /Users/p016324/Library/Developer/Xcode/DerivedData/FitTrackPro-dfuxzyqazqijhrdhlxwuokwbmmia/Build/Intermediates.noindex/FitTrackPro.build/Debug-iphonesimulator/FitTrackProWidgetExtension.build/Objects-normal/x86_64/FitTrackProWidgetExtension.swiftdoc (in target 'FitTrackProWidgetExtension' from project 'FitTrackPro')
    cd /Users/p016324/.gemini/antigravity/scratch/FitTrackPro
    builtin-copy -exclude .DS_Store -exclude CVS -exclude .svn -exclude .git -exclude .hg -resolve-src-symlinks -rename /Users/p016324/Library/Developer/Xcode/DerivedData/FitTrackPro-dfuxzyqazqijhrdhlxwuokwbmmia/Build/Intermediates.noindex/FitTrackPro.build/Debug-iphonesimulator/FitTrackProWidgetExtension.build/Objects-normal/x86_64/FitTrackProWidgetExtension.swiftdoc /Users/p016324/Library/Developer/Xcode/DerivedData/FitTrackPro-dfuxzyqazqijhrdhlxwuokwbmmia/Build/Products/Debug-iphonesimulator/FitTrackProWidgetExtension.swiftmodule/x86_64-apple-ios-simulator.swiftdoc

Copy /Users/p016324/Library/Developer/Xcode/DerivedData/FitTrackPro-dfuxzyqazqijhrdhlxwuokwbmmia/Build/Products/Debug-iphonesimulator/FitTrackProWidgetExtension.swiftmodule/x86_64-apple-ios-simulator.swiftmodule /Users/p016324/Library/Developer/Xcode/DerivedData/FitTrackPro-dfuxzyqazqijhrdhlxwuokwbmmia/Build/Intermediates.noindex/FitTrackPro.build/Debug-iphonesimulator/FitTrackProWidgetExtension.build/Objects-normal/x86_64/FitTrackProWidgetExtension.swiftmodule (in target 'FitTrackProWidgetExtension' from project 'FitTrackPro')
    cd /Users/p016324/.gemini/antigravity/scratch/FitTrackPro
    builtin-copy -exclude .DS_Store -exclude CVS -exclude .svn -exclude .git -exclude .hg -resolve-src-symlinks -rename /Users/p016324/Library/Developer/Xcode/DerivedData/FitTrackPro-dfuxzyqazqijhrdhlxwuokwbmmia/Build/Intermediates.noindex/FitTrackPro.build/Debug-iphonesimulator/FitTrackProWidgetExtension.build/Objects-normal/x86_64/FitTrackProWidgetExtension.swiftmodule /Users/p016324/Library/Developer/Xcode/DerivedData/FitTrackPro-dfuxzyqazqijhrdhlxwuokwbmmia/Build/Products/Debug-iphonesimulator/FitTrackProWidgetExtension.swiftmodule/x86_64-apple-ios-simulator.swiftmodule

Copy /Users/p016324/Library/Developer/Xcode/DerivedData/FitTrackPro-dfuxzyqazqijhrdhlxwuokwbmmia/Build/Products/Debug-iphonesimulator/FitTrackProWidgetExtension.swiftmodule/Project/x86_64-apple-ios-simulator.swiftsourceinfo /Users/p016324/Library/Developer/Xcode/DerivedData/FitTrackPro-dfuxzyqazqijhrdhlxwuokwbmmia/Build/Intermediates.noindex/FitTrackPro.build/Debug-iphonesimulator/FitTrackProWidgetExtension.build/Objects-normal/x86_64/FitTrackProWidgetExtension.swiftsourceinfo (in target 'FitTrackProWidgetExtension' from project 'FitTrackPro')
    cd /Users/p016324/.gemini/antigravity/scratch/FitTrackPro
    builtin-copy -exclude .DS_Store -exclude CVS -exclude .svn -exclude .git -exclude .hg -resolve-src-symlinks -rename /Users/p016324/Library/Developer/Xcode/DerivedData/FitTrackPro-dfuxzyqazqijhrdhlxwuokwbmmia/Build/Intermediates.noindex/FitTrackPro.build/Debug-iphonesimulator/FitTrackProWidgetExtension.build/Objects-normal/x86_64/FitTrackProWidgetExtension.swiftsourceinfo /Users/p016324/Library/Developer/Xcode/DerivedData/FitTrackPro-dfuxzyqazqijhrdhlxwuokwbmmia/Build/Products/Debug-iphonesimulator/FitTrackProWidgetExtension.swiftmodule/Project/x86_64-apple-ios-simulator.swiftsourceinfo

SwiftDriverJobDiscovery normal arm64 Compiling SleepEntry.swift (in target 'FitTrackProWidgetExtension' from project 'FitTrackPro')

SwiftDriverJobDiscovery normal arm64 Compiling WorkoutSession.swift (in target 'FitTrackProWidgetExtension' from project 'FitTrackPro')

SwiftDriverJobDiscovery normal arm64 Compiling FitTrackProWidgetLiveActivity.swift, Recipe.swift (in target 'FitTrackProWidgetExtension' from project 'FitTrackPro')

SwiftDriverJobDiscovery normal arm64 Compiling FoodEntry.swift, PlanExercise.swift (in target 'FitTrackProWidgetExtension' from project 'FitTrackPro')

SwiftDriverJobDiscovery normal arm64 Compiling SharedContainer.swift, WorkoutSet.swift (in target 'FitTrackProWidgetExtension' from project 'FitTrackPro')

SwiftDriverJobDiscovery normal arm64 Emitting module for FitTrackProWidgetExtension (in target 'FitTrackProWidgetExtension' from project 'FitTrackPro')

SwiftDriver\ Compilation\ Requirements FitTrackProWidgetExtension normal arm64 com.apple.xcode.tools.swift.compiler (in target 'FitTrackProWidgetExtension' from project 'FitTrackPro')
    cd /Users/p016324/.gemini/antigravity/scratch/FitTrackPro
    builtin-Swift-Compilation-Requirements -- /Applications/Xcode.app/Contents/Developer/Toolchains/XcodeDefault.xctoolchain/usr/bin/swiftc -module-name FitTrackProWidgetExtension -Onone @/Users/p016324/Library/Developer/Xcode/DerivedData/FitTrackPro-dfuxzyqazqijhrdhlxwuokwbmmia/Build/Intermediates.noindex/FitTrackPro.build/Debug-iphonesimulator/FitTrackProWidgetExtension.build/Objects-normal/arm64/FitTrackProWidgetExtension.SwiftFileList -DDEBUG -enable-bare-slash-regex -enable-upcoming-feature DisableOutwardActorInference -enable-upcoming-feature InferSendableFromCaptures -enable-upcoming-feature GlobalActorIsolatedTypesUsability -enable-upcoming-feature MemberImportVisibility -enable-upcoming-feature InferIsolatedConformances -enable-upcoming-feature NonisolatedNonsendingByDefault -enable-experimental-feature DebugDescriptionMacro -sdk /Applications/Xcode.app/Contents/Developer/Platforms/iPhoneSimulator.platform/Developer/SDKs/iPhoneSimulator26.5.sdk -target arm64-apple-ios26.5-simulator -g -module-cache-path /Users/p016324/Library/Developer/Xcode/DerivedData/ModuleCache.noindex -Xfrontend -serialize-debugging-options -application-extension -enable-testing -index-store-path /Users/p016324/Library/Developer/Xcode/DerivedData/FitTrackPro-dfuxzyqazqijhrdhlxwuokwbmmia/Index.noindex/DataStore -Xcc -D_LIBCPP_HARDENING_MODE\=_LIBCPP_HARDENING_MODE_DEBUG -swift-version 5 -I /Users/p016324/Library/Developer/Xcode/DerivedData/FitTrackPro-dfuxzyqazqijhrdhlxwuokwbmmia/Build/Products/Debug-iphonesimulator -F /Users/p016324/Library/Developer/Xcode/DerivedData/FitTrackPro-dfuxzyqazqijhrdhlxwuokwbmmia/Build/Products/Debug-iphonesimulator -emit-localized-strings -emit-localized-strings-path /Users/p016324/Library/Developer/Xcode/DerivedData/FitTrackPro-dfuxzyqazqijhrdhlxwuokwbmmia/Build/Intermediates.noindex/FitTrackPro.build/Debug-iphonesimulator/FitTrackProWidgetExtension.build/Objects-normal/arm64 -c -j12 -enable-batch-mode -incremental -Xcc -ivfsstatcache -Xcc /Users/p016324/Library/Developer/Xcode/DerivedData/SDKStatCaches.noindex/iphonesimulator26.5-23F81a-6cfe768891a92b912361537c460fe42b.sdkstatcache -output-file-map /Users/p016324/Library/Developer/Xcode/DerivedData/FitTrackPro-dfuxzyqazqijhrdhlxwuokwbmmia/Build/Intermediates.noindex/FitTrackPro.build/Debug-iphonesimulator/FitTrackProWidgetExtension.build/Objects-normal/arm64/FitTrackProWidgetExtension-OutputFileMap.json -use-frontend-parseable-output -save-temps -no-color-diagnostics -explicit-module-build -module-cache-path /Users/p016324/Library/Developer/Xcode/DerivedData/FitTrackPro-dfuxzyqazqijhrdhlxwuokwbmmia/Build/Intermediates.noindex/SwiftExplicitPrecompiledModules -clang-scanner-module-cache-path /Users/p016324/Library/Developer/Xcode/DerivedData/ModuleCache.noindex -sdk-module-cache-path /Users/p016324/Library/Developer/Xcode/DerivedData/ModuleCache.noindex -serialize-diagnostics -emit-dependencies -emit-module -emit-module-path /Users/p016324/Library/Developer/Xcode/DerivedData/FitTrackPro-dfuxzyqazqijhrdhlxwuokwbmmia/Build/Intermediates.noindex/FitTrackPro.build/Debug-iphonesimulator/FitTrackProWidgetExtension.build/Objects-normal/arm64/FitTrackProWidgetExtension.swiftmodule -validate-clang-modules-once -clang-build-session-file /Users/p016324/Library/Developer/Xcode/DerivedData/ModuleCache.noindex/Session.modulevalidation -Xcc -I/Users/p016324/Library/Developer/Xcode/DerivedData/FitTrackPro-dfuxzyqazqijhrdhlxwuokwbmmia/Build/Intermediates.noindex/FitTrackPro.build/Debug-iphonesimulator/FitTrackProWidgetExtension.build/swift-overrides.hmap -emit-const-values -Xfrontend -const-gather-protocols-file -Xfrontend /Users/p016324/Library/Developer/Xcode/DerivedData/FitTrackPro-dfuxzyqazqijhrdhlxwuokwbmmia/Build/Intermediates.noindex/FitTrackPro.build/Debug-iphonesimulator/FitTrackProWidgetExtension.build/Objects-normal/arm64/FitTrackProWidgetExtension_const_extract_protocols.json -Xcc -iquote -Xcc /Users/p016324/Library/Developer/Xcode/DerivedData/FitTrackPro-dfuxzyqazqijhrdhlxwuokwbmmia/Build/Intermediates.noindex/FitTrackPro.build/Debug-iphonesimulator/FitTrackProWidgetExtension.build/FitTrackProWidgetExtension-generated-files.hmap -Xcc -I/Users/p016324/Library/Developer/Xcode/DerivedData/FitTrackPro-dfuxzyqazqijhrdhlxwuokwbmmia/Build/Intermediates.noindex/FitTrackPro.build/Debug-iphonesimulator/FitTrackProWidgetExtension.build/FitTrackProWidgetExtension-own-target-headers.hmap -Xcc -I/Users/p016324/Library/Developer/Xcode/DerivedData/FitTrackPro-dfuxzyqazqijhrdhlxwuokwbmmia/Build/Intermediates.noindex/FitTrackPro.build/Debug-iphonesimulator/FitTrackProWidgetExtension.build/FitTrackProWidgetExtension-all-target-headers.hmap -Xcc -iquote -Xcc /Users/p016324/Library/Developer/Xcode/DerivedData/FitTrackPro-dfuxzyqazqijhrdhlxwuokwbmmia/Build/Intermediates.noindex/FitTrackPro.build/Debug-iphonesimulator/FitTrackProWidgetExtension.build/FitTrackProWidgetExtension-project-headers.hmap -Xcc -I/Users/p016324/Library/Developer/Xcode/DerivedData/FitTrackPro-dfuxzyqazqijhrdhlxwuokwbmmia/Build/Products/Debug-iphonesimulator/include -Xcc -I/Users/p016324/Library/Developer/Xcode/DerivedData/FitTrackPro-dfuxzyqazqijhrdhlxwuokwbmmia/Build/Intermediates.noindex/FitTrackPro.build/Debug-iphonesimulator/FitTrackProWidgetExtension.build/DerivedSources-normal/arm64 -Xcc -I/Users/p016324/Library/Developer/Xcode/DerivedData/FitTrackPro-dfuxzyqazqijhrdhlxwuokwbmmia/Build/Intermediates.noindex/FitTrackPro.build/Debug-iphonesimulator/FitTrackProWidgetExtension.build/DerivedSources/arm64 -Xcc -I/Users/p016324/Library/Developer/Xcode/DerivedData/FitTrackPro-dfuxzyqazqijhrdhlxwuokwbmmia/Build/Intermediates.noindex/FitTrackPro.build/Debug-iphonesimulator/FitTrackProWidgetExtension.build/DerivedSources -Xcc -DDEBUG\=1 -emit-objc-header -emit-objc-header-path /Users/p016324/Library/Developer/Xcode/DerivedData/FitTrackPro-dfuxzyqazqijhrdhlxwuokwbmmia/Build/Intermediates.noindex/FitTrackPro.build/Debug-iphonesimulator/FitTrackProWidgetExtension.build/Objects-normal/arm64/FitTrackProWidgetExtension-Swift.h -working-directory /Users/p016324/.gemini/antigravity/scratch/FitTrackPro -experimental-emit-module-separately -disable-cmo

SwiftMergeGeneratedHeaders /Users/p016324/Library/Developer/Xcode/DerivedData/FitTrackPro-dfuxzyqazqijhrdhlxwuokwbmmia/Build/Intermediates.noindex/FitTrackPro.build/Debug-iphonesimulator/FitTrackProWidgetExtension.build/DerivedSources/FitTrackProWidgetExtension-Swift.h /Users/p016324/Library/Developer/Xcode/DerivedData/FitTrackPro-dfuxzyqazqijhrdhlxwuokwbmmia/Build/Intermediates.noindex/FitTrackPro.build/Debug-iphonesimulator/FitTrackProWidgetExtension.build/Objects-normal/arm64/FitTrackProWidgetExtension-Swift.h /Users/p016324/Library/Developer/Xcode/DerivedData/FitTrackPro-dfuxzyqazqijhrdhlxwuokwbmmia/Build/Intermediates.noindex/FitTrackPro.build/Debug-iphonesimulator/FitTrackProWidgetExtension.build/Objects-normal/x86_64/FitTrackProWidgetExtension-Swift.h (in target 'FitTrackProWidgetExtension' from project 'FitTrackPro')
    cd /Users/p016324/.gemini/antigravity/scratch/FitTrackPro
    builtin-swiftHeaderTool -arch arm64 /Users/p016324/Library/Developer/Xcode/DerivedData/FitTrackPro-dfuxzyqazqijhrdhlxwuokwbmmia/Build/Intermediates.noindex/FitTrackPro.build/Debug-iphonesimulator/FitTrackProWidgetExtension.build/Objects-normal/arm64/FitTrackProWidgetExtension-Swift.h -arch x86_64 /Users/p016324/Library/Developer/Xcode/DerivedData/FitTrackPro-dfuxzyqazqijhrdhlxwuokwbmmia/Build/Intermediates.noindex/FitTrackPro.build/Debug-iphonesimulator/FitTrackProWidgetExtension.build/Objects-normal/x86_64/FitTrackProWidgetExtension-Swift.h -o /Users/p016324/Library/Developer/Xcode/DerivedData/FitTrackPro-dfuxzyqazqijhrdhlxwuokwbmmia/Build/Intermediates.noindex/FitTrackPro.build/Debug-iphonesimulator/FitTrackProWidgetExtension.build/DerivedSources/FitTrackProWidgetExtension-Swift.h

Copy /Users/p016324/Library/Developer/Xcode/DerivedData/FitTrackPro-dfuxzyqazqijhrdhlxwuokwbmmia/Build/Products/Debug-iphonesimulator/FitTrackProWidgetExtension.swiftmodule/Project/arm64-apple-ios-simulator.swiftsourceinfo /Users/p016324/Library/Developer/Xcode/DerivedData/FitTrackPro-dfuxzyqazqijhrdhlxwuokwbmmia/Build/Intermediates.noindex/FitTrackPro.build/Debug-iphonesimulator/FitTrackProWidgetExtension.build/Objects-normal/arm64/FitTrackProWidgetExtension.swiftsourceinfo (in target 'FitTrackProWidgetExtension' from project 'FitTrackPro')
    cd /Users/p016324/.gemini/antigravity/scratch/FitTrackPro
    builtin-copy -exclude .DS_Store -exclude CVS -exclude .svn -exclude .git -exclude .hg -resolve-src-symlinks -rename /Users/p016324/Library/Developer/Xcode/DerivedData/FitTrackPro-dfuxzyqazqijhrdhlxwuokwbmmia/Build/Intermediates.noindex/FitTrackPro.build/Debug-iphonesimulator/FitTrackProWidgetExtension.build/Objects-normal/arm64/FitTrackProWidgetExtension.swiftsourceinfo /Users/p016324/Library/Developer/Xcode/DerivedData/FitTrackPro-dfuxzyqazqijhrdhlxwuokwbmmia/Build/Products/Debug-iphonesimulator/FitTrackProWidgetExtension.swiftmodule/Project/arm64-apple-ios-simulator.swiftsourceinfo

Copy /Users/p016324/Library/Developer/Xcode/DerivedData/FitTrackPro-dfuxzyqazqijhrdhlxwuokwbmmia/Build/Products/Debug-iphonesimulator/FitTrackProWidgetExtension.swiftmodule/arm64-apple-ios-simulator.swiftdoc /Users/p016324/Library/Developer/Xcode/DerivedData/FitTrackPro-dfuxzyqazqijhrdhlxwuokwbmmia/Build/Intermediates.noindex/FitTrackPro.build/Debug-iphonesimulator/FitTrackProWidgetExtension.build/Objects-normal/arm64/FitTrackProWidgetExtension.swiftdoc (in target 'FitTrackProWidgetExtension' from project 'FitTrackPro')
    cd /Users/p016324/.gemini/antigravity/scratch/FitTrackPro
    builtin-copy -exclude .DS_Store -exclude CVS -exclude .svn -exclude .git -exclude .hg -resolve-src-symlinks -rename /Users/p016324/Library/Developer/Xcode/DerivedData/FitTrackPro-dfuxzyqazqijhrdhlxwuokwbmmia/Build/Intermediates.noindex/FitTrackPro.build/Debug-iphonesimulator/FitTrackProWidgetExtension.build/Objects-normal/arm64/FitTrackProWidgetExtension.swiftdoc /Users/p016324/Library/Developer/Xcode/DerivedData/FitTrackPro-dfuxzyqazqijhrdhlxwuokwbmmia/Build/Products/Debug-iphonesimulator/FitTrackProWidgetExtension.swiftmodule/arm64-apple-ios-simulator.swiftdoc

Copy /Users/p016324/Library/Developer/Xcode/DerivedData/FitTrackPro-dfuxzyqazqijhrdhlxwuokwbmmia/Build/Products/Debug-iphonesimulator/FitTrackProWidgetExtension.swiftmodule/arm64-apple-ios-simulator.abi.json /Users/p016324/Library/Developer/Xcode/DerivedData/FitTrackPro-dfuxzyqazqijhrdhlxwuokwbmmia/Build/Intermediates.noindex/FitTrackPro.build/Debug-iphonesimulator/FitTrackProWidgetExtension.build/Objects-normal/arm64/FitTrackProWidgetExtension.abi.json (in target 'FitTrackProWidgetExtension' from project 'FitTrackPro')
    cd /Users/p016324/.gemini/antigravity/scratch/FitTrackPro
    builtin-copy -exclude .DS_Store -exclude CVS -exclude .svn -exclude .git -exclude .hg -resolve-src-symlinks -rename /Users/p016324/Library/Developer/Xcode/DerivedData/FitTrackPro-dfuxzyqazqijhrdhlxwuokwbmmia/Build/Intermediates.noindex/FitTrackPro.build/Debug-iphonesimulator/FitTrackProWidgetExtension.build/Objects-normal/arm64/FitTrackProWidgetExtension.abi.json /Users/p016324/Library/Developer/Xcode/DerivedData/FitTrackPro-dfuxzyqazqijhrdhlxwuokwbmmia/Build/Products/Debug-iphonesimulator/FitTrackProWidgetExtension.swiftmodule/arm64-apple-ios-simulator.abi.json

Copy /Users/p016324/Library/Developer/Xcode/DerivedData/FitTrackPro-dfuxzyqazqijhrdhlxwuokwbmmia/Build/Products/Debug-iphonesimulator/FitTrackProWidgetExtension.swiftmodule/arm64-apple-ios-simulator.swiftmodule /Users/p016324/Library/Developer/Xcode/DerivedData/FitTrackPro-dfuxzyqazqijhrdhlxwuokwbmmia/Build/Intermediates.noindex/FitTrackPro.build/Debug-iphonesimulator/FitTrackProWidgetExtension.build/Objects-normal/arm64/FitTrackProWidgetExtension.swiftmodule (in target 'FitTrackProWidgetExtension' from project 'FitTrackPro')
    cd /Users/p016324/.gemini/antigravity/scratch/FitTrackPro
    builtin-copy -exclude .DS_Store -exclude CVS -exclude .svn -exclude .git -exclude .hg -resolve-src-symlinks -rename /Users/p016324/Library/Developer/Xcode/DerivedData/FitTrackPro-dfuxzyqazqijhrdhlxwuokwbmmia/Build/Intermediates.noindex/FitTrackPro.build/Debug-iphonesimulator/FitTrackProWidgetExtension.build/Objects-normal/arm64/FitTrackProWidgetExtension.swiftmodule /Users/p016324/Library/Developer/Xcode/DerivedData/FitTrackPro-dfuxzyqazqijhrdhlxwuokwbmmia/Build/Products/Debug-iphonesimulator/FitTrackProWidgetExtension.swiftmodule/arm64-apple-ios-simulator.swiftmodule

ProcessProductPackaging /Users/p016324/.gemini/antigravity/scratch/FitTrackPro/FitTrackPro.entitlements /Users/p016324/Library/Developer/Xcode/DerivedData/FitTrackPro-dfuxzyqazqijhrdhlxwuokwbmmia/Build/Intermediates.noindex/FitTrackPro.build/Debug-iphonesimulator/FitTrackPro.build/FitTrackPro.app.xcent (in target 'FitTrackPro' from project 'FitTrackPro')
    cd /Users/p016324/.gemini/antigravity/scratch/FitTrackPro
    
    Entitlements:
    
    {
}
    
    builtin-productPackagingUtility /Users/p016324/.gemini/antigravity/scratch/FitTrackPro/FitTrackPro.entitlements -entitlements -format xml -o /Users/p016324/Library/Developer/Xcode/DerivedData/FitTrackPro-dfuxzyqazqijhrdhlxwuokwbmmia/Build/Intermediates.noindex/FitTrackPro.build/Debug-iphonesimulator/FitTrackPro.build/FitTrackPro.app.xcent

ProcessProductPackaging /Users/p016324/.gemini/antigravity/scratch/FitTrackPro/FitTrackPro.entitlements /Users/p016324/Library/Developer/Xcode/DerivedData/FitTrackPro-dfuxzyqazqijhrdhlxwuokwbmmia/Build/Intermediates.noindex/FitTrackPro.build/Debug-iphonesimulator/FitTrackPro.build/FitTrackPro.app-Simulated.xcent (in target 'FitTrackPro' from project 'FitTrackPro')
    cd /Users/p016324/.gemini/antigravity/scratch/FitTrackPro
    
    Entitlements:
    
    {
    "application-identifier" = "2G888L5QQN.com.riccardopfeiler.FitTrackPro";
    "aps-environment" = development;
    "com.apple.developer.healthkit" = 1;
    "com.apple.developer.healthkit.access" =     (
    );
    "com.apple.developer.icloud-container-identifiers" =     (
        "iCloud.com.riccardopfeiler.FitTrackPro"
    );
    "com.apple.developer.icloud-services" =     (
        CloudKit
    );
    "com.apple.developer.ubiquity-kvstore-identifier" = "2G888L5QQN.com.riccardopfeiler.FitTrackPro";
    "com.apple.security.application-groups" =     (
        "group.com.riccardopfeiler.FitTrackPro"
    );
}
    
    builtin-productPackagingUtility /Users/p016324/.gemini/antigravity/scratch/FitTrackPro/FitTrackPro.entitlements -entitlements -format xml -o /Users/p016324/Library/Developer/Xcode/DerivedData/FitTrackPro-dfuxzyqazqijhrdhlxwuokwbmmia/Build/Intermediates.noindex/FitTrackPro.build/Debug-iphonesimulator/FitTrackPro.build/FitTrackPro.app-Simulated.xcent

ProcessProductPackagingDER /Users/p016324/Library/Developer/Xcode/DerivedData/FitTrackPro-dfuxzyqazqijhrdhlxwuokwbmmia/Build/Intermediates.noindex/FitTrackPro.build/Debug-iphonesimulator/FitTrackPro.build/FitTrackPro.app.xcent /Users/p016324/Library/Developer/Xcode/DerivedData/FitTrackPro-dfuxzyqazqijhrdhlxwuokwbmmia/Build/Intermediates.noindex/FitTrackPro.build/Debug-iphonesimulator/FitTrackPro.build/FitTrackPro.app.xcent.der (in target 'FitTrackPro' from project 'FitTrackPro')
    cd /Users/p016324/.gemini/antigravity/scratch/FitTrackPro
    /usr/bin/derq query -f xml -i /Users/p016324/Library/Developer/Xcode/DerivedData/FitTrackPro-dfuxzyqazqijhrdhlxwuokwbmmia/Build/Intermediates.noindex/FitTrackPro.build/Debug-iphonesimulator/FitTrackPro.build/FitTrackPro.app.xcent -o /Users/p016324/Library/Developer/Xcode/DerivedData/FitTrackPro-dfuxzyqazqijhrdhlxwuokwbmmia/Build/Intermediates.noindex/FitTrackPro.build/Debug-iphonesimulator/FitTrackPro.build/FitTrackPro.app.xcent.der --raw

ProcessProductPackagingDER /Users/p016324/Library/Developer/Xcode/DerivedData/FitTrackPro-dfuxzyqazqijhrdhlxwuokwbmmia/Build/Intermediates.noindex/FitTrackPro.build/Debug-iphonesimulator/FitTrackPro.build/FitTrackPro.app-Simulated.xcent /Users/p016324/Library/Developer/Xcode/DerivedData/FitTrackPro-dfuxzyqazqijhrdhlxwuokwbmmia/Build/Intermediates.noindex/FitTrackPro.build/Debug-iphonesimulator/FitTrackPro.build/FitTrackPro.app-Simulated.xcent.der (in target 'FitTrackPro' from project 'FitTrackPro')
    cd /Users/p016324/.gemini/antigravity/scratch/FitTrackPro
    /usr/bin/derq query -f xml -i /Users/p016324/Library/Developer/Xcode/DerivedData/FitTrackPro-dfuxzyqazqijhrdhlxwuokwbmmia/Build/Intermediates.noindex/FitTrackPro.build/Debug-iphonesimulator/FitTrackPro.build/FitTrackPro.app-Simulated.xcent -o /Users/p016324/Library/Developer/Xcode/DerivedData/FitTrackPro-dfuxzyqazqijhrdhlxwuokwbmmia/Build/Intermediates.noindex/FitTrackPro.build/Debug-iphonesimulator/FitTrackPro.build/FitTrackPro.app-Simulated.xcent.der --raw

GenerateAssetSymbols /Users/p016324/.gemini/antigravity/scratch/FitTrackPro/Resources/Assets.xcassets (in target 'FitTrackPro' from project 'FitTrackPro')
    cd /Users/p016324/.gemini/antigravity/scratch/FitTrackPro
    /Applications/Xcode.app/Contents/Developer/usr/bin/actool /Users/p016324/.gemini/antigravity/scratch/FitTrackPro/Resources/Assets.xcassets --compile /Users/p016324/Library/Developer/Xcode/DerivedData/FitTrackPro-dfuxzyqazqijhrdhlxwuokwbmmia/Build/Products/Debug-iphonesimulator/FitTrackPro.app --output-format human-readable-text --notices --warnings --export-dependency-info /Users/p016324/Library/Developer/Xcode/DerivedData/FitTrackPro-dfuxzyqazqijhrdhlxwuokwbmmia/Build/Intermediates.noindex/FitTrackPro.build/Debug-iphonesimulator/FitTrackPro.build/assetcatalog_dependencies --output-partial-info-plist /Users/p016324/Library/Developer/Xcode/DerivedData/FitTrackPro-dfuxzyqazqijhrdhlxwuokwbmmia/Build/Intermediates.noindex/FitTrackPro.build/Debug-iphonesimulator/FitTrackPro.build/assetcatalog_generated_info.plist --app-icon AppIcon --accent-color AccentColor --compress-pngs --enable-on-demand-resources YES --development-region de --target-device iphone --target-device ipad --minimum-deployment-target 26.5 --platform iphonesimulator --bundle-identifier com.riccardopfeiler.FitTrackPro --generate-swift-asset-symbols /Users/p016324/Library/Developer/Xcode/DerivedData/FitTrackPro-dfuxzyqazqijhrdhlxwuokwbmmia/Build/Intermediates.noindex/FitTrackPro.build/Debug-iphonesimulator/FitTrackPro.build/DerivedSources/GeneratedAssetSymbols.swift --generate-objc-asset-symbols /Users/p016324/Library/Developer/Xcode/DerivedData/FitTrackPro-dfuxzyqazqijhrdhlxwuokwbmmia/Build/Intermediates.noindex/FitTrackPro.build/Debug-iphonesimulator/FitTrackPro.build/DerivedSources/GeneratedAssetSymbols.h --generate-asset-symbol-index /Users/p016324/Library/Developer/Xcode/DerivedData/FitTrackPro-dfuxzyqazqijhrdhlxwuokwbmmia/Build/Intermediates.noindex/FitTrackPro.build/Debug-iphonesimulator/FitTrackPro.build/DerivedSources/GeneratedAssetSymbols-Index.plist
/* com.apple.actool.compilation-results */
/Users/p016324/Library/Developer/Xcode/DerivedData/FitTrackPro-dfuxzyqazqijhrdhlxwuokwbmmia/Build/Intermediates.noindex/FitTrackPro.build/Debug-iphonesimulator/FitTrackPro.build/DerivedSources/GeneratedAssetSymbols-Index.plist
/Users/p016324/Library/Developer/Xcode/DerivedData/FitTrackPro-dfuxzyqazqijhrdhlxwuokwbmmia/Build/Intermediates.noindex/FitTrackPro.build/Debug-iphonesimulator/FitTrackPro.build/DerivedSources/GeneratedAssetSymbols.h
/Users/p016324/Library/Developer/Xcode/DerivedData/FitTrackPro-dfuxzyqazqijhrdhlxwuokwbmmia/Build/Intermediates.noindex/FitTrackPro.build/Debug-iphonesimulator/FitTrackPro.build/DerivedSources/GeneratedAssetSymbols.swift


MkDir /Users/p016324/Library/Developer/Xcode/DerivedData/FitTrackPro-dfuxzyqazqijhrdhlxwuokwbmmia/Build/Intermediates.noindex/FitTrackPro.build/Debug-iphonesimulator/FitTrackPro.build/assetcatalog_output/unthinned (in target 'FitTrackPro' from project 'FitTrackPro')
    cd /Users/p016324/.gemini/antigravity/scratch/FitTrackPro
    /bin/mkdir -p /Users/p016324/Library/Developer/Xcode/DerivedData/FitTrackPro-dfuxzyqazqijhrdhlxwuokwbmmia/Build/Intermediates.noindex/FitTrackPro.build/Debug-iphonesimulator/FitTrackPro.build/assetcatalog_output/unthinned

MkDir /Users/p016324/Library/Developer/Xcode/DerivedData/FitTrackPro-dfuxzyqazqijhrdhlxwuokwbmmia/Build/Intermediates.noindex/FitTrackPro.build/Debug-iphonesimulator/FitTrackPro.build/assetcatalog_output/thinned (in target 'FitTrackPro' from project 'FitTrackPro')
    cd /Users/p016324/.gemini/antigravity/scratch/FitTrackPro
    /bin/mkdir -p /Users/p016324/Library/Developer/Xcode/DerivedData/FitTrackPro-dfuxzyqazqijhrdhlxwuokwbmmia/Build/Intermediates.noindex/FitTrackPro.build/Debug-iphonesimulator/FitTrackPro.build/assetcatalog_output/thinned

CompileAssetCatalogVariant thinned /Users/p016324/Library/Developer/Xcode/DerivedData/FitTrackPro-dfuxzyqazqijhrdhlxwuokwbmmia/Build/Products/Debug-iphonesimulator/FitTrackPro.app /Users/p016324/.gemini/antigravity/scratch/FitTrackPro/Resources/Assets.xcassets (in target 'FitTrackPro' from project 'FitTrackPro')
    cd /Users/p016324/.gemini/antigravity/scratch/FitTrackPro
    /Applications/Xcode.app/Contents/Developer/usr/bin/actool /Users/p016324/.gemini/antigravity/scratch/FitTrackPro/Resources/Assets.xcassets --compile /Users/p016324/Library/Developer/Xcode/DerivedData/FitTrackPro-dfuxzyqazqijhrdhlxwuokwbmmia/Build/Intermediates.noindex/FitTrackPro.build/Debug-iphonesimulator/FitTrackPro.build/assetcatalog_output/thinned --output-format human-readable-text --notices --warnings --export-dependency-info /Users/p016324/Library/Developer/Xcode/DerivedData/FitTrackPro-dfuxzyqazqijhrdhlxwuokwbmmia/Build/Intermediates.noindex/FitTrackPro.build/Debug-iphonesimulator/FitTrackPro.build/assetcatalog_dependencies_thinned --output-partial-info-plist /Users/p016324/Library/Developer/Xcode/DerivedData/FitTrackPro-dfuxzyqazqijhrdhlxwuokwbmmia/Build/Intermediates.noindex/FitTrackPro.build/Debug-iphonesimulator/FitTrackPro.build/assetcatalog_generated_info.plist_thinned --app-icon AppIcon --accent-color AccentColor --compress-pngs --enable-on-demand-resources YES --development-region de --target-device iphone --target-device ipad --minimum-deployment-target 26.5 --platform iphonesimulator
/* com.apple.actool.document.warnings */
/Users/p016324/.gemini/antigravity/scratch/FitTrackPro/Resources/Assets.xcassets:./AppIcon.appiconset: warning: A 76x76@2x app icon is required for iPad apps targeting iOS 7.0 and later
/Users/p016324/.gemini/antigravity/scratch/FitTrackPro/Resources/Assets.xcassets:./AppIcon.appiconset: warning: A 83.5x83.5@2x app icon is required for iPad apps targeting iOS 9.0 and later
/* com.apple.actool.compilation-results */
/Users/p016324/Library/Developer/Xcode/DerivedData/FitTrackPro-dfuxzyqazqijhrdhlxwuokwbmmia/Build/Intermediates.noindex/FitTrackPro.build/Debug-iphonesimulator/FitTrackPro.build/assetcatalog_generated_info.plist_thinned
/Users/p016324/Library/Developer/Xcode/DerivedData/FitTrackPro-dfuxzyqazqijhrdhlxwuokwbmmia/Build/Intermediates.noindex/FitTrackPro.build/Debug-iphonesimulator/FitTrackPro.build/assetcatalog_output/thinned/AppIcon60x60@2x.png
/Users/p016324/Library/Developer/Xcode/DerivedData/FitTrackPro-dfuxzyqazqijhrdhlxwuokwbmmia/Build/Intermediates.noindex/FitTrackPro.build/Debug-iphonesimulator/FitTrackPro.build/assetcatalog_output/thinned/Assets.car


SwiftDriver FitTrackPro normal x86_64 com.apple.xcode.tools.swift.compiler (in target 'FitTrackPro' from project 'FitTrackPro')
    cd /Users/p016324/.gemini/antigravity/scratch/FitTrackPro
    builtin-SwiftDriver -- /Applications/Xcode.app/Contents/Developer/Toolchains/XcodeDefault.xctoolchain/usr/bin/swiftc -module-name FitTrackPro -Onone @/Users/p016324/Library/Developer/Xcode/DerivedData/FitTrackPro-dfuxzyqazqijhrdhlxwuokwbmmia/Build/Intermediates.noindex/FitTrackPro.build/Debug-iphonesimulator/FitTrackPro.build/Objects-normal/x86_64/FitTrackPro.SwiftFileList -DDEBUG -default-isolation\=MainActor -enable-bare-slash-regex -enable-upcoming-feature DisableOutwardActorInference -enable-upcoming-feature InferSendableFromCaptures -enable-upcoming-feature GlobalActorIsolatedTypesUsability -enable-upcoming-feature MemberImportVisibility -enable-upcoming-feature InferIsolatedConformances -enable-upcoming-feature NonisolatedNonsendingByDefault -enable-experimental-feature DebugDescriptionMacro -sdk /Applications/Xcode.app/Contents/Developer/Platforms/iPhoneSimulator.platform/Developer/SDKs/iPhoneSimulator26.5.sdk -target x86_64-apple-ios26.5-simulator -g -module-cache-path /Users/p016324/Library/Developer/Xcode/DerivedData/ModuleCache.noindex -Xfrontend -serialize-debugging-options -enable-testing -index-store-path /Users/p016324/Library/Developer/Xcode/DerivedData/FitTrackPro-dfuxzyqazqijhrdhlxwuokwbmmia/Index.noindex/DataStore -Xcc -D_LIBCPP_HARDENING_MODE\=_LIBCPP_HARDENING_MODE_DEBUG -swift-version 5 -I /Users/p016324/Library/Developer/Xcode/DerivedData/FitTrackPro-dfuxzyqazqijhrdhlxwuokwbmmia/Build/Products/Debug-iphonesimulator -F /Users/p016324/Library/Developer/Xcode/DerivedData/FitTrackPro-dfuxzyqazqijhrdhlxwuokwbmmia/Build/Products/Debug-iphonesimulator -emit-localized-strings -emit-localized-strings-path /Users/p016324/Library/Developer/Xcode/DerivedData/FitTrackPro-dfuxzyqazqijhrdhlxwuokwbmmia/Build/Intermediates.noindex/FitTrackPro.build/Debug-iphonesimulator/FitTrackPro.build/Objects-normal/x86_64 -c -j12 -enable-batch-mode -incremental -Xcc -ivfsstatcache -Xcc /Users/p016324/Library/Developer/Xcode/DerivedData/SDKStatCaches.noindex/iphonesimulator26.5-23F81a-6cfe768891a92b912361537c460fe42b.sdkstatcache -output-file-map /Users/p016324/Library/Developer/Xcode/DerivedData/FitTrackPro-dfuxzyqazqijhrdhlxwuokwbmmia/Build/Intermediates.noindex/FitTrackPro.build/Debug-iphonesimulator/FitTrackPro.build/Objects-normal/x86_64/FitTrackPro-OutputFileMap.json -use-frontend-parseable-output -save-temps -no-color-diagnostics -explicit-module-build -module-cache-path /Users/p016324/Library/Developer/Xcode/DerivedData/FitTrackPro-dfuxzyqazqijhrdhlxwuokwbmmia/Build/Intermediates.noindex/SwiftExplicitPrecompiledModules -clang-scanner-module-cache-path /Users/p016324/Library/Developer/Xcode/DerivedData/ModuleCache.noindex -sdk-module-cache-path /Users/p016324/Library/Developer/Xcode/DerivedData/ModuleCache.noindex -serialize-diagnostics -emit-dependencies -emit-module -emit-module-path /Users/p016324/Library/Developer/Xcode/DerivedData/FitTrackPro-dfuxzyqazqijhrdhlxwuokwbmmia/Build/Intermediates.noindex/FitTrackPro.build/Debug-iphonesimulator/FitTrackPro.build/Objects-normal/x86_64/FitTrackPro.swiftmodule -validate-clang-modules-once -clang-build-session-file /Users/p016324/Library/Developer/Xcode/DerivedData/ModuleCache.noindex/Session.modulevalidation -Xcc -I/Users/p016324/Library/Developer/Xcode/DerivedData/FitTrackPro-dfuxzyqazqijhrdhlxwuokwbmmia/Build/Intermediates.noindex/FitTrackPro.build/Debug-iphonesimulator/FitTrackPro.build/swift-overrides.hmap -emit-const-values -Xfrontend -const-gather-protocols-file -Xfrontend /Users/p016324/Library/Developer/Xcode/DerivedData/FitTrackPro-dfuxzyqazqijhrdhlxwuokwbmmia/Build/Intermediates.noindex/FitTrackPro.build/Debug-iphonesimulator/FitTrackPro.build/Objects-normal/x86_64/FitTrackPro_const_extract_protocols.json -Xcc -iquote -Xcc /Users/p016324/Library/Developer/Xcode/DerivedData/FitTrackPro-dfuxzyqazqijhrdhlxwuokwbmmia/Build/Intermediates.noindex/FitTrackPro.build/Debug-iphonesimulator/FitTrackPro.build/FitTrackPro-generated-files.hmap -Xcc -I/Users/p016324/Library/Developer/Xcode/DerivedData/FitTrackPro-dfuxzyqazqijhrdhlxwuokwbmmia/Build/Intermediates.noindex/FitTrackPro.build/Debug-iphonesimulator/FitTrackPro.build/FitTrackPro-own-target-headers.hmap -Xcc -I/Users/p016324/Library/Developer/Xcode/DerivedData/FitTrackPro-dfuxzyqazqijhrdhlxwuokwbmmia/Build/Intermediates.noindex/FitTrackPro.build/Debug-iphonesimulator/FitTrackPro.build/FitTrackPro-all-target-headers.hmap -Xcc -iquote -Xcc /Users/p016324/Library/Developer/Xcode/DerivedData/FitTrackPro-dfuxzyqazqijhrdhlxwuokwbmmia/Build/Intermediates.noindex/FitTrackPro.build/Debug-iphonesimulator/FitTrackPro.build/FitTrackPro-project-headers.hmap -Xcc -I/Users/p016324/Library/Developer/Xcode/DerivedData/FitTrackPro-dfuxzyqazqijhrdhlxwuokwbmmia/Build/Products/Debug-iphonesimulator/include -Xcc -I/Users/p016324/Library/Developer/Xcode/DerivedData/FitTrackPro-dfuxzyqazqijhrdhlxwuokwbmmia/Build/Intermediates.noindex/FitTrackPro.build/Debug-iphonesimulator/FitTrackPro.build/DerivedSources-normal/x86_64 -Xcc -I/Users/p016324/Library/Developer/Xcode/DerivedData/FitTrackPro-dfuxzyqazqijhrdhlxwuokwbmmia/Build/Intermediates.noindex/FitTrackPro.build/Debug-iphonesimulator/FitTrackPro.build/DerivedSources/x86_64 -Xcc -I/Users/p016324/Library/Developer/Xcode/DerivedData/FitTrackPro-dfuxzyqazqijhrdhlxwuokwbmmia/Build/Intermediates.noindex/FitTrackPro.build/Debug-iphonesimulator/FitTrackPro.build/DerivedSources -Xcc -DDEBUG\=1 -emit-objc-header -emit-objc-header-path /Users/p016324/Library/Developer/Xcode/DerivedData/FitTrackPro-dfuxzyqazqijhrdhlxwuokwbmmia/Build/Intermediates.noindex/FitTrackPro.build/Debug-iphonesimulator/FitTrackPro.build/Objects-normal/x86_64/FitTrackPro-Swift.h -working-directory /Users/p016324/.gemini/antigravity/scratch/FitTrackPro -experimental-emit-module-separately -disable-cmo

SwiftDriver FitTrackPro normal arm64 com.apple.xcode.tools.swift.compiler (in target 'FitTrackPro' from project 'FitTrackPro')
    cd /Users/p016324/.gemini/antigravity/scratch/FitTrackPro
    builtin-SwiftDriver -- /Applications/Xcode.app/Contents/Developer/Toolchains/XcodeDefault.xctoolchain/usr/bin/swiftc -module-name FitTrackPro -Onone @/Users/p016324/Library/Developer/Xcode/DerivedData/FitTrackPro-dfuxzyqazqijhrdhlxwuokwbmmia/Build/Intermediates.noindex/FitTrackPro.build/Debug-iphonesimulator/FitTrackPro.build/Objects-normal/arm64/FitTrackPro.SwiftFileList -DDEBUG -default-isolation\=MainActor -enable-bare-slash-regex -enable-upcoming-feature DisableOutwardActorInference -enable-upcoming-feature InferSendableFromCaptures -enable-upcoming-feature GlobalActorIsolatedTypesUsability -enable-upcoming-feature MemberImportVisibility -enable-upcoming-feature InferIsolatedConformances -enable-upcoming-feature NonisolatedNonsendingByDefault -enable-experimental-feature DebugDescriptionMacro -sdk /Applications/Xcode.app/Contents/Developer/Platforms/iPhoneSimulator.platform/Developer/SDKs/iPhoneSimulator26.5.sdk -target arm64-apple-ios26.5-simulator -g -module-cache-path /Users/p016324/Library/Developer/Xcode/DerivedData/ModuleCache.noindex -Xfrontend -serialize-debugging-options -enable-testing -index-store-path /Users/p016324/Library/Developer/Xcode/DerivedData/FitTrackPro-dfuxzyqazqijhrdhlxwuokwbmmia/Index.noindex/DataStore -Xcc -D_LIBCPP_HARDENING_MODE\=_LIBCPP_HARDENING_MODE_DEBUG -swift-version 5 -I /Users/p016324/Library/Developer/Xcode/DerivedData/FitTrackPro-dfuxzyqazqijhrdhlxwuokwbmmia/Build/Products/Debug-iphonesimulator -F /Users/p016324/Library/Developer/Xcode/DerivedData/FitTrackPro-dfuxzyqazqijhrdhlxwuokwbmmia/Build/Products/Debug-iphonesimulator -emit-localized-strings -emit-localized-strings-path /Users/p016324/Library/Developer/Xcode/DerivedData/FitTrackPro-dfuxzyqazqijhrdhlxwuokwbmmia/Build/Intermediates.noindex/FitTrackPro.build/Debug-iphonesimulator/FitTrackPro.build/Objects-normal/arm64 -c -j12 -enable-batch-mode -incremental -Xcc -ivfsstatcache -Xcc /Users/p016324/Library/Developer/Xcode/DerivedData/SDKStatCaches.noindex/iphonesimulator26.5-23F81a-6cfe768891a92b912361537c460fe42b.sdkstatcache -output-file-map /Users/p016324/Library/Developer/Xcode/DerivedData/FitTrackPro-dfuxzyqazqijhrdhlxwuokwbmmia/Build/Intermediates.noindex/FitTrackPro.build/Debug-iphonesimulator/FitTrackPro.build/Objects-normal/arm64/FitTrackPro-OutputFileMap.json -use-frontend-parseable-output -save-temps -no-color-diagnostics -explicit-module-build -module-cache-path /Users/p016324/Library/Developer/Xcode/DerivedData/FitTrackPro-dfuxzyqazqijhrdhlxwuokwbmmia/Build/Intermediates.noindex/SwiftExplicitPrecompiledModules -clang-scanner-module-cache-path /Users/p016324/Library/Developer/Xcode/DerivedData/ModuleCache.noindex -sdk-module-cache-path /Users/p016324/Library/Developer/Xcode/DerivedData/ModuleCache.noindex -serialize-diagnostics -emit-dependencies -emit-module -emit-module-path /Users/p016324/Library/Developer/Xcode/DerivedData/FitTrackPro-dfuxzyqazqijhrdhlxwuokwbmmia/Build/Intermediates.noindex/FitTrackPro.build/Debug-iphonesimulator/FitTrackPro.build/Objects-normal/arm64/FitTrackPro.swiftmodule -validate-clang-modules-once -clang-build-session-file /Users/p016324/Library/Developer/Xcode/DerivedData/ModuleCache.noindex/Session.modulevalidation -Xcc -I/Users/p016324/Library/Developer/Xcode/DerivedData/FitTrackPro-dfuxzyqazqijhrdhlxwuokwbmmia/Build/Intermediates.noindex/FitTrackPro.build/Debug-iphonesimulator/FitTrackPro.build/swift-overrides.hmap -emit-const-values -Xfrontend -const-gather-protocols-file -Xfrontend /Users/p016324/Library/Developer/Xcode/DerivedData/FitTrackPro-dfuxzyqazqijhrdhlxwuokwbmmia/Build/Intermediates.noindex/FitTrackPro.build/Debug-iphonesimulator/FitTrackPro.build/Objects-normal/arm64/FitTrackPro_const_extract_protocols.json -Xcc -iquote -Xcc /Users/p016324/Library/Developer/Xcode/DerivedData/FitTrackPro-dfuxzyqazqijhrdhlxwuokwbmmia/Build/Intermediates.noindex/FitTrackPro.build/Debug-iphonesimulator/FitTrackPro.build/FitTrackPro-generated-files.hmap -Xcc -I/Users/p016324/Library/Developer/Xcode/DerivedData/FitTrackPro-dfuxzyqazqijhrdhlxwuokwbmmia/Build/Intermediates.noindex/FitTrackPro.build/Debug-iphonesimulator/FitTrackPro.build/FitTrackPro-own-target-headers.hmap -Xcc -I/Users/p016324/Library/Developer/Xcode/DerivedData/FitTrackPro-dfuxzyqazqijhrdhlxwuokwbmmia/Build/Intermediates.noindex/FitTrackPro.build/Debug-iphonesimulator/FitTrackPro.build/FitTrackPro-all-target-headers.hmap -Xcc -iquote -Xcc /Users/p016324/Library/Developer/Xcode/DerivedData/FitTrackPro-dfuxzyqazqijhrdhlxwuokwbmmia/Build/Intermediates.noindex/FitTrackPro.build/Debug-iphonesimulator/FitTrackPro.build/FitTrackPro-project-headers.hmap -Xcc -I/Users/p016324/Library/Developer/Xcode/DerivedData/FitTrackPro-dfuxzyqazqijhrdhlxwuokwbmmia/Build/Products/Debug-iphonesimulator/include -Xcc -I/Users/p016324/Library/Developer/Xcode/DerivedData/FitTrackPro-dfuxzyqazqijhrdhlxwuokwbmmia/Build/Intermediates.noindex/FitTrackPro.build/Debug-iphonesimulator/FitTrackPro.build/DerivedSources-normal/arm64 -Xcc -I/Users/p016324/Library/Developer/Xcode/DerivedData/FitTrackPro-dfuxzyqazqijhrdhlxwuokwbmmia/Build/Intermediates.noindex/FitTrackPro.build/Debug-iphonesimulator/FitTrackPro.build/DerivedSources/arm64 -Xcc -I/Users/p016324/Library/Developer/Xcode/DerivedData/FitTrackPro-dfuxzyqazqijhrdhlxwuokwbmmia/Build/Intermediates.noindex/FitTrackPro.build/Debug-iphonesimulator/FitTrackPro.build/DerivedSources -Xcc -DDEBUG\=1 -emit-objc-header -emit-objc-header-path /Users/p016324/Library/Developer/Xcode/DerivedData/FitTrackPro-dfuxzyqazqijhrdhlxwuokwbmmia/Build/Intermediates.noindex/FitTrackPro.build/Debug-iphonesimulator/FitTrackPro.build/Objects-normal/arm64/FitTrackPro-Swift.h -working-directory /Users/p016324/.gemini/antigravity/scratch/FitTrackPro -experimental-emit-module-separately -disable-cmo

SwiftDriverJobDiscovery normal arm64 Compiling TrainingPlan.swift, Exercise.swift (in target 'FitTrackProWidgetExtension' from project 'FitTrackPro')

SwiftDriverJobDiscovery normal x86_64 Compiling FitTrackProWidgetLiveActivity.swift, Recipe.swift (in target 'FitTrackProWidgetExtension' from project 'FitTrackPro')

SwiftDriver\ Compilation FitTrackProWidgetExtension normal x86_64 com.apple.xcode.tools.swift.compiler (in target 'FitTrackProWidgetExtension' from project 'FitTrackPro')
    cd /Users/p016324/.gemini/antigravity/scratch/FitTrackPro
    builtin-Swift-Compilation -- /Applications/Xcode.app/Contents/Developer/Toolchains/XcodeDefault.xctoolchain/usr/bin/swiftc -module-name FitTrackProWidgetExtension -Onone @/Users/p016324/Library/Developer/Xcode/DerivedData/FitTrackPro-dfuxzyqazqijhrdhlxwuokwbmmia/Build/Intermediates.noindex/FitTrackPro.build/Debug-iphonesimulator/FitTrackProWidgetExtension.build/Objects-normal/x86_64/FitTrackProWidgetExtension.SwiftFileList -DDEBUG -enable-bare-slash-regex -enable-upcoming-feature DisableOutwardActorInference -enable-upcoming-feature InferSendableFromCaptures -enable-upcoming-feature GlobalActorIsolatedTypesUsability -enable-upcoming-feature MemberImportVisibility -enable-upcoming-feature InferIsolatedConformances -enable-upcoming-feature NonisolatedNonsendingByDefault -enable-experimental-feature DebugDescriptionMacro -sdk /Applications/Xcode.app/Contents/Developer/Platforms/iPhoneSimulator.platform/Developer/SDKs/iPhoneSimulator26.5.sdk -target x86_64-apple-ios26.5-simulator -g -module-cache-path /Users/p016324/Library/Developer/Xcode/DerivedData/ModuleCache.noindex -Xfrontend -serialize-debugging-options -application-extension -enable-testing -index-store-path /Users/p016324/Library/Developer/Xcode/DerivedData/FitTrackPro-dfuxzyqazqijhrdhlxwuokwbmmia/Index.noindex/DataStore -Xcc -D_LIBCPP_HARDENING_MODE\=_LIBCPP_HARDENING_MODE_DEBUG -swift-version 5 -I /Users/p016324/Library/Developer/Xcode/DerivedData/FitTrackPro-dfuxzyqazqijhrdhlxwuokwbmmia/Build/Products/Debug-iphonesimulator -F /Users/p016324/Library/Developer/Xcode/DerivedData/FitTrackPro-dfuxzyqazqijhrdhlxwuokwbmmia/Build/Products/Debug-iphonesimulator -emit-localized-strings -emit-localized-strings-path /Users/p016324/Library/Developer/Xcode/DerivedData/FitTrackPro-dfuxzyqazqijhrdhlxwuokwbmmia/Build/Intermediates.noindex/FitTrackPro.build/Debug-iphonesimulator/FitTrackProWidgetExtension.build/Objects-normal/x86_64 -c -j12 -enable-batch-mode -incremental -Xcc -ivfsstatcache -Xcc /Users/p016324/Library/Developer/Xcode/DerivedData/SDKStatCaches.noindex/iphonesimulator26.5-23F81a-6cfe768891a92b912361537c460fe42b.sdkstatcache -output-file-map /Users/p016324/Library/Developer/Xcode/DerivedData/FitTrackPro-dfuxzyqazqijhrdhlxwuokwbmmia/Build/Intermediates.noindex/FitTrackPro.build/Debug-iphonesimulator/FitTrackProWidgetExtension.build/Objects-normal/x86_64/FitTrackProWidgetExtension-OutputFileMap.json -use-frontend-parseable-output -save-temps -no-color-diagnostics -explicit-module-build -module-cache-path /Users/p016324/Library/Developer/Xcode/DerivedData/FitTrackPro-dfuxzyqazqijhrdhlxwuokwbmmia/Build/Intermediates.noindex/SwiftExplicitPrecompiledModules -clang-scanner-module-cache-path /Users/p016324/Library/Developer/Xcode/DerivedData/ModuleCache.noindex -sdk-module-cache-path /Users/p016324/Library/Developer/Xcode/DerivedData/ModuleCache.noindex -serialize-diagnostics -emit-dependencies -emit-module -emit-module-path /Users/p016324/Library/Developer/Xcode/DerivedData/FitTrackPro-dfuxzyqazqijhrdhlxwuokwbmmia/Build/Intermediates.noindex/FitTrackPro.build/Debug-iphonesimulator/FitTrackProWidgetExtension.build/Objects-normal/x86_64/FitTrackProWidgetExtension.swiftmodule -validate-clang-modules-once -clang-build-session-file /Users/p016324/Library/Developer/Xcode/DerivedData/ModuleCache.noindex/Session.modulevalidation -Xcc -I/Users/p016324/Library/Developer/Xcode/DerivedData/FitTrackPro-dfuxzyqazqijhrdhlxwuokwbmmia/Build/Intermediates.noindex/FitTrackPro.build/Debug-iphonesimulator/FitTrackProWidgetExtension.build/swift-overrides.hmap -emit-const-values -Xfrontend -const-gather-protocols-file -Xfrontend /Users/p016324/Library/Developer/Xcode/DerivedData/FitTrackPro-dfuxzyqazqijhrdhlxwuokwbmmia/Build/Intermediates.noindex/FitTrackPro.build/Debug-iphonesimulator/FitTrackProWidgetExtension.build/Objects-normal/x86_64/FitTrackProWidgetExtension_const_extract_protocols.json -Xcc -iquote -Xcc /Users/p016324/Library/Developer/Xcode/DerivedData/FitTrackPro-dfuxzyqazqijhrdhlxwuokwbmmia/Build/Intermediates.noindex/FitTrackPro.build/Debug-iphonesimulator/FitTrackProWidgetExtension.build/FitTrackProWidgetExtension-generated-files.hmap -Xcc -I/Users/p016324/Library/Developer/Xcode/DerivedData/FitTrackPro-dfuxzyqazqijhrdhlxwuokwbmmia/Build/Intermediates.noindex/FitTrackPro.build/Debug-iphonesimulator/FitTrackProWidgetExtension.build/FitTrackProWidgetExtension-own-target-headers.hmap -Xcc -I/Users/p016324/Library/Developer/Xcode/DerivedData/FitTrackPro-dfuxzyqazqijhrdhlxwuokwbmmia/Build/Intermediates.noindex/FitTrackPro.build/Debug-iphonesimulator/FitTrackProWidgetExtension.build/FitTrackProWidgetExtension-all-target-headers.hmap -Xcc -iquote -Xcc /Users/p016324/Library/Developer/Xcode/DerivedData/FitTrackPro-dfuxzyqazqijhrdhlxwuokwbmmia/Build/Intermediates.noindex/FitTrackPro.build/Debug-iphonesimulator/FitTrackProWidgetExtension.build/FitTrackProWidgetExtension-project-headers.hmap -Xcc -I/Users/p016324/Library/Developer/Xcode/DerivedData/FitTrackPro-dfuxzyqazqijhrdhlxwuokwbmmia/Build/Products/Debug-iphonesimulator/include -Xcc -I/Users/p016324/Library/Developer/Xcode/DerivedData/FitTrackPro-dfuxzyqazqijhrdhlxwuokwbmmia/Build/Intermediates.noindex/FitTrackPro.build/Debug-iphonesimulator/FitTrackProWidgetExtension.build/DerivedSources-normal/x86_64 -Xcc -I/Users/p016324/Library/Developer/Xcode/DerivedData/FitTrackPro-dfuxzyqazqijhrdhlxwuokwbmmia/Build/Intermediates.noindex/FitTrackPro.build/Debug-iphonesimulator/FitTrackProWidgetExtension.build/DerivedSources/x86_64 -Xcc -I/Users/p016324/Library/Developer/Xcode/DerivedData/FitTrackPro-dfuxzyqazqijhrdhlxwuokwbmmia/Build/Intermediates.noindex/FitTrackPro.build/Debug-iphonesimulator/FitTrackProWidgetExtension.build/DerivedSources -Xcc -DDEBUG\=1 -emit-objc-header -emit-objc-header-path /Users/p016324/Library/Developer/Xcode/DerivedData/FitTrackPro-dfuxzyqazqijhrdhlxwuokwbmmia/Build/Intermediates.noindex/FitTrackPro.build/Debug-iphonesimulator/FitTrackProWidgetExtension.build/Objects-normal/x86_64/FitTrackProWidgetExtension-Swift.h -working-directory /Users/p016324/.gemini/antigravity/scratch/FitTrackPro -experimental-emit-module-separately -disable-cmo

Ld /Users/p016324/Library/Developer/Xcode/DerivedData/FitTrackPro-dfuxzyqazqijhrdhlxwuokwbmmia/Build/Intermediates.noindex/FitTrackPro.build/Debug-iphonesimulator/FitTrackProWidgetExtension.build/Objects-normal/x86_64/Binary/FitTrackProWidgetExtension.debug.dylib normal x86_64 (in target 'FitTrackProWidgetExtension' from project 'FitTrackPro')
    cd /Users/p016324/.gemini/antigravity/scratch/FitTrackPro
    /Applications/Xcode.app/Contents/Developer/Toolchains/XcodeDefault.xctoolchain/usr/bin/clang -Xlinker -reproducible -target x86_64-apple-ios26.5-simulator -dynamiclib -isysroot /Applications/Xcode.app/Contents/Developer/Platforms/iPhoneSimulator.platform/Developer/SDKs/iPhoneSimulator26.5.sdk -O0 -L/Users/p016324/Library/Developer/Xcode/DerivedData/FitTrackPro-dfuxzyqazqijhrdhlxwuokwbmmia/Build/Intermediates.noindex/EagerLinkingTBDs/Debug-iphonesimulator -L/Users/p016324/Library/Developer/Xcode/DerivedData/FitTrackPro-dfuxzyqazqijhrdhlxwuokwbmmia/Build/Products/Debug-iphonesimulator -F/Users/p016324/Library/Developer/Xcode/DerivedData/FitTrackPro-dfuxzyqazqijhrdhlxwuokwbmmia/Build/Intermediates.noindex/EagerLinkingTBDs/Debug-iphonesimulator -F/Users/p016324/Library/Developer/Xcode/DerivedData/FitTrackPro-dfuxzyqazqijhrdhlxwuokwbmmia/Build/Products/Debug-iphonesimulator -filelist /Users/p016324/Library/Developer/Xcode/DerivedData/FitTrackPro-dfuxzyqazqijhrdhlxwuokwbmmia/Build/Intermediates.noindex/FitTrackPro.build/Debug-iphonesimulator/FitTrackProWidgetExtension.build/Objects-normal/x86_64/FitTrackProWidgetExtension.LinkFileList -install_name @rpath/FitTrackProWidgetExtension.debug.dylib -Xlinker -rpath -Xlinker @executable_path/Frameworks -Xlinker -rpath -Xlinker @executable_path/../../Frameworks -Xlinker -dead_strip -Xlinker -object_path_lto -Xlinker /Users/p016324/Library/Developer/Xcode/DerivedData/FitTrackPro-dfuxzyqazqijhrdhlxwuokwbmmia/Build/Intermediates.noindex/FitTrackPro.build/Debug-iphonesimulator/FitTrackProWidgetExtension.build/Objects-normal/x86_64/FitTrackProWidgetExtension_lto.o -rdynamic -Xlinker -no_deduplicate -Xlinker -objc_abi_version -Xlinker 2 -Xlinker -dependency_info -Xlinker /Users/p016324/Library/Developer/Xcode/DerivedData/FitTrackPro-dfuxzyqazqijhrdhlxwuokwbmmia/Build/Intermediates.noindex/FitTrackPro.build/Debug-iphonesimulator/FitTrackProWidgetExtension.build/Objects-normal/x86_64/FitTrackProWidgetExtension_dependency_info.dat -fapplication-extension -fobjc-link-runtime -L/Applications/Xcode.app/Contents/Developer/Toolchains/XcodeDefault.xctoolchain/usr/lib/swift/iphonesimulator -L/usr/lib/swift -Xlinker -add_ast_path -Xlinker /Users/p016324/Library/Developer/Xcode/DerivedData/FitTrackPro-dfuxzyqazqijhrdhlxwuokwbmmia/Build/Intermediates.noindex/FitTrackPro.build/Debug-iphonesimulator/FitTrackProWidgetExtension.build/Objects-normal/x86_64/FitTrackProWidgetExtension.swiftmodule @/Users/p016324/Library/Developer/Xcode/DerivedData/FitTrackPro-dfuxzyqazqijhrdhlxwuokwbmmia/Build/Intermediates.noindex/FitTrackPro.build/Debug-iphonesimulator/FitTrackProWidgetExtension.build/Objects-normal/x86_64/FitTrackProWidgetExtension-linker-args.resp -Xlinker -alias -Xlinker _NSExtensionMain -Xlinker ___debug_main_executable_dylib_entry_point -Xlinker -no_adhoc_codesign -o /Users/p016324/Library/Developer/Xcode/DerivedData/FitTrackPro-dfuxzyqazqijhrdhlxwuokwbmmia/Build/Intermediates.noindex/FitTrackPro.build/Debug-iphonesimulator/FitTrackProWidgetExtension.build/Objects-normal/x86_64/Binary/FitTrackProWidgetExtension.debug.dylib

SwiftDriverJobDiscovery normal arm64 Compiling WeightEntry.swift, FitTrackProWidget.swift (in target 'FitTrackProWidgetExtension' from project 'FitTrackPro')

SwiftDriver\ Compilation FitTrackProWidgetExtension normal arm64 com.apple.xcode.tools.swift.compiler (in target 'FitTrackProWidgetExtension' from project 'FitTrackPro')
    cd /Users/p016324/.gemini/antigravity/scratch/FitTrackPro
    builtin-Swift-Compilation -- /Applications/Xcode.app/Contents/Developer/Toolchains/XcodeDefault.xctoolchain/usr/bin/swiftc -module-name FitTrackProWidgetExtension -Onone @/Users/p016324/Library/Developer/Xcode/DerivedData/FitTrackPro-dfuxzyqazqijhrdhlxwuokwbmmia/Build/Intermediates.noindex/FitTrackPro.build/Debug-iphonesimulator/FitTrackProWidgetExtension.build/Objects-normal/arm64/FitTrackProWidgetExtension.SwiftFileList -DDEBUG -enable-bare-slash-regex -enable-upcoming-feature DisableOutwardActorInference -enable-upcoming-feature InferSendableFromCaptures -enable-upcoming-feature GlobalActorIsolatedTypesUsability -enable-upcoming-feature MemberImportVisibility -enable-upcoming-feature InferIsolatedConformances -enable-upcoming-feature NonisolatedNonsendingByDefault -enable-experimental-feature DebugDescriptionMacro -sdk /Applications/Xcode.app/Contents/Developer/Platforms/iPhoneSimulator.platform/Developer/SDKs/iPhoneSimulator26.5.sdk -target arm64-apple-ios26.5-simulator -g -module-cache-path /Users/p016324/Library/Developer/Xcode/DerivedData/ModuleCache.noindex -Xfrontend -serialize-debugging-options -application-extension -enable-testing -index-store-path /Users/p016324/Library/Developer/Xcode/DerivedData/FitTrackPro-dfuxzyqazqijhrdhlxwuokwbmmia/Index.noindex/DataStore -Xcc -D_LIBCPP_HARDENING_MODE\=_LIBCPP_HARDENING_MODE_DEBUG -swift-version 5 -I /Users/p016324/Library/Developer/Xcode/DerivedData/FitTrackPro-dfuxzyqazqijhrdhlxwuokwbmmia/Build/Products/Debug-iphonesimulator -F /Users/p016324/Library/Developer/Xcode/DerivedData/FitTrackPro-dfuxzyqazqijhrdhlxwuokwbmmia/Build/Products/Debug-iphonesimulator -emit-localized-strings -emit-localized-strings-path /Users/p016324/Library/Developer/Xcode/DerivedData/FitTrackPro-dfuxzyqazqijhrdhlxwuokwbmmia/Build/Intermediates.noindex/FitTrackPro.build/Debug-iphonesimulator/FitTrackProWidgetExtension.build/Objects-normal/arm64 -c -j12 -enable-batch-mode -incremental -Xcc -ivfsstatcache -Xcc /Users/p016324/Library/Developer/Xcode/DerivedData/SDKStatCaches.noindex/iphonesimulator26.5-23F81a-6cfe768891a92b912361537c460fe42b.sdkstatcache -output-file-map /Users/p016324/Library/Developer/Xcode/DerivedData/FitTrackPro-dfuxzyqazqijhrdhlxwuokwbmmia/Build/Intermediates.noindex/FitTrackPro.build/Debug-iphonesimulator/FitTrackProWidgetExtension.build/Objects-normal/arm64/FitTrackProWidgetExtension-OutputFileMap.json -use-frontend-parseable-output -save-temps -no-color-diagnostics -explicit-module-build -module-cache-path /Users/p016324/Library/Developer/Xcode/DerivedData/FitTrackPro-dfuxzyqazqijhrdhlxwuokwbmmia/Build/Intermediates.noindex/SwiftExplicitPrecompiledModules -clang-scanner-module-cache-path /Users/p016324/Library/Developer/Xcode/DerivedData/ModuleCache.noindex -sdk-module-cache-path /Users/p016324/Library/Developer/Xcode/DerivedData/ModuleCache.noindex -serialize-diagnostics -emit-dependencies -emit-module -emit-module-path /Users/p016324/Library/Developer/Xcode/DerivedData/FitTrackPro-dfuxzyqazqijhrdhlxwuokwbmmia/Build/Intermediates.noindex/FitTrackPro.build/Debug-iphonesimulator/FitTrackProWidgetExtension.build/Objects-normal/arm64/FitTrackProWidgetExtension.swiftmodule -validate-clang-modules-once -clang-build-session-file /Users/p016324/Library/Developer/Xcode/DerivedData/ModuleCache.noindex/Session.modulevalidation -Xcc -I/Users/p016324/Library/Developer/Xcode/DerivedData/FitTrackPro-dfuxzyqazqijhrdhlxwuokwbmmia/Build/Intermediates.noindex/FitTrackPro.build/Debug-iphonesimulator/FitTrackProWidgetExtension.build/swift-overrides.hmap -emit-const-values -Xfrontend -const-gather-protocols-file -Xfrontend /Users/p016324/Library/Developer/Xcode/DerivedData/FitTrackPro-dfuxzyqazqijhrdhlxwuokwbmmia/Build/Intermediates.noindex/FitTrackPro.build/Debug-iphonesimulator/FitTrackProWidgetExtension.build/Objects-normal/arm64/FitTrackProWidgetExtension_const_extract_protocols.json -Xcc -iquote -Xcc /Users/p016324/Library/Developer/Xcode/DerivedData/FitTrackPro-dfuxzyqazqijhrdhlxwuokwbmmia/Build/Intermediates.noindex/FitTrackPro.build/Debug-iphonesimulator/FitTrackProWidgetExtension.build/FitTrackProWidgetExtension-generated-files.hmap -Xcc -I/Users/p016324/Library/Developer/Xcode/DerivedData/FitTrackPro-dfuxzyqazqijhrdhlxwuokwbmmia/Build/Intermediates.noindex/FitTrackPro.build/Debug-iphonesimulator/FitTrackProWidgetExtension.build/FitTrackProWidgetExtension-own-target-headers.hmap -Xcc -I/Users/p016324/Library/Developer/Xcode/DerivedData/FitTrackPro-dfuxzyqazqijhrdhlxwuokwbmmia/Build/Intermediates.noindex/FitTrackPro.build/Debug-iphonesimulator/FitTrackProWidgetExtension.build/FitTrackProWidgetExtension-all-target-headers.hmap -Xcc -iquote -Xcc /Users/p016324/Library/Developer/Xcode/DerivedData/FitTrackPro-dfuxzyqazqijhrdhlxwuokwbmmia/Build/Intermediates.noindex/FitTrackPro.build/Debug-iphonesimulator/FitTrackProWidgetExtension.build/FitTrackProWidgetExtension-project-headers.hmap -Xcc -I/Users/p016324/Library/Developer/Xcode/DerivedData/FitTrackPro-dfuxzyqazqijhrdhlxwuokwbmmia/Build/Products/Debug-iphonesimulator/include -Xcc -I/Users/p016324/Library/Developer/Xcode/DerivedData/FitTrackPro-dfuxzyqazqijhrdhlxwuokwbmmia/Build/Intermediates.noindex/FitTrackPro.build/Debug-iphonesimulator/FitTrackProWidgetExtension.build/DerivedSources-normal/arm64 -Xcc -I/Users/p016324/Library/Developer/Xcode/DerivedData/FitTrackPro-dfuxzyqazqijhrdhlxwuokwbmmia/Build/Intermediates.noindex/FitTrackPro.build/Debug-iphonesimulator/FitTrackProWidgetExtension.build/DerivedSources/arm64 -Xcc -I/Users/p016324/Library/Developer/Xcode/DerivedData/FitTrackPro-dfuxzyqazqijhrdhlxwuokwbmmia/Build/Intermediates.noindex/FitTrackPro.build/Debug-iphonesimulator/FitTrackProWidgetExtension.build/DerivedSources -Xcc -DDEBUG\=1 -emit-objc-header -emit-objc-header-path /Users/p016324/Library/Developer/Xcode/DerivedData/FitTrackPro-dfuxzyqazqijhrdhlxwuokwbmmia/Build/Intermediates.noindex/FitTrackPro.build/Debug-iphonesimulator/FitTrackProWidgetExtension.build/Objects-normal/arm64/FitTrackProWidgetExtension-Swift.h -working-directory /Users/p016324/.gemini/antigravity/scratch/FitTrackPro -experimental-emit-module-separately -disable-cmo

Ld /Users/p016324/Library/Developer/Xcode/DerivedData/FitTrackPro-dfuxzyqazqijhrdhlxwuokwbmmia/Build/Intermediates.noindex/FitTrackPro.build/Debug-iphonesimulator/FitTrackProWidgetExtension.build/Objects-normal/arm64/Binary/FitTrackProWidgetExtension.debug.dylib normal arm64 (in target 'FitTrackProWidgetExtension' from project 'FitTrackPro')
    cd /Users/p016324/.gemini/antigravity/scratch/FitTrackPro
    /Applications/Xcode.app/Contents/Developer/Toolchains/XcodeDefault.xctoolchain/usr/bin/clang -Xlinker -reproducible -target arm64-apple-ios26.5-simulator -dynamiclib -isysroot /Applications/Xcode.app/Contents/Developer/Platforms/iPhoneSimulator.platform/Developer/SDKs/iPhoneSimulator26.5.sdk -O0 -L/Users/p016324/Library/Developer/Xcode/DerivedData/FitTrackPro-dfuxzyqazqijhrdhlxwuokwbmmia/Build/Intermediates.noindex/EagerLinkingTBDs/Debug-iphonesimulator -L/Users/p016324/Library/Developer/Xcode/DerivedData/FitTrackPro-dfuxzyqazqijhrdhlxwuokwbmmia/Build/Products/Debug-iphonesimulator -F/Users/p016324/Library/Developer/Xcode/DerivedData/FitTrackPro-dfuxzyqazqijhrdhlxwuokwbmmia/Build/Intermediates.noindex/EagerLinkingTBDs/Debug-iphonesimulator -F/Users/p016324/Library/Developer/Xcode/DerivedData/FitTrackPro-dfuxzyqazqijhrdhlxwuokwbmmia/Build/Products/Debug-iphonesimulator -filelist /Users/p016324/Library/Developer/Xcode/DerivedData/FitTrackPro-dfuxzyqazqijhrdhlxwuokwbmmia/Build/Intermediates.noindex/FitTrackPro.build/Debug-iphonesimulator/FitTrackProWidgetExtension.build/Objects-normal/arm64/FitTrackProWidgetExtension.LinkFileList -install_name @rpath/FitTrackProWidgetExtension.debug.dylib -Xlinker -rpath -Xlinker @executable_path/Frameworks -Xlinker -rpath -Xlinker @executable_path/../../Frameworks -Xlinker -dead_strip -Xlinker -object_path_lto -Xlinker /Users/p016324/Library/Developer/Xcode/DerivedData/FitTrackPro-dfuxzyqazqijhrdhlxwuokwbmmia/Build/Intermediates.noindex/FitTrackPro.build/Debug-iphonesimulator/FitTrackProWidgetExtension.build/Objects-normal/arm64/FitTrackProWidgetExtension_lto.o -rdynamic -Xlinker -no_deduplicate -Xlinker -objc_abi_version -Xlinker 2 -Xlinker -dependency_info -Xlinker /Users/p016324/Library/Developer/Xcode/DerivedData/FitTrackPro-dfuxzyqazqijhrdhlxwuokwbmmia/Build/Intermediates.noindex/FitTrackPro.build/Debug-iphonesimulator/FitTrackProWidgetExtension.build/Objects-normal/arm64/FitTrackProWidgetExtension_dependency_info.dat -fapplication-extension -fobjc-link-runtime -L/Applications/Xcode.app/Contents/Developer/Toolchains/XcodeDefault.xctoolchain/usr/lib/swift/iphonesimulator -L/usr/lib/swift -Xlinker -add_ast_path -Xlinker /Users/p016324/Library/Developer/Xcode/DerivedData/FitTrackPro-dfuxzyqazqijhrdhlxwuokwbmmia/Build/Intermediates.noindex/FitTrackPro.build/Debug-iphonesimulator/FitTrackProWidgetExtension.build/Objects-normal/arm64/FitTrackProWidgetExtension.swiftmodule @/Users/p016324/Library/Developer/Xcode/DerivedData/FitTrackPro-dfuxzyqazqijhrdhlxwuokwbmmia/Build/Intermediates.noindex/FitTrackPro.build/Debug-iphonesimulator/FitTrackProWidgetExtension.build/Objects-normal/arm64/FitTrackProWidgetExtension-linker-args.resp -Xlinker -alias -Xlinker _NSExtensionMain -Xlinker ___debug_main_executable_dylib_entry_point -Xlinker -no_adhoc_codesign -o /Users/p016324/Library/Developer/Xcode/DerivedData/FitTrackPro-dfuxzyqazqijhrdhlxwuokwbmmia/Build/Intermediates.noindex/FitTrackPro.build/Debug-iphonesimulator/FitTrackProWidgetExtension.build/Objects-normal/arm64/Binary/FitTrackProWidgetExtension.debug.dylib

SwiftCompile normal x86_64 Compiling\ DailyLog.swift,\ Exercise.swift,\ SettingsView.swift,\ NotificationNames.swift,\ Logger+App.swift,\ TrainingPlan+Grouping.swift,\ ThemeManager.swift,\ ExerciseIconView.swift /Users/p016324/.gemini/antigravity/scratch/FitTrackPro/Core/Models/DailyLog.swift /Users/p016324/.gemini/antigravity/scratch/FitTrackPro/Core/Models/Exercise.swift /Users/p016324/.gemini/antigravity/scratch/FitTrackPro/Features/Settings/SettingsView.swift /Users/p016324/.gemini/antigravity/scratch/FitTrackPro/Core/Extensions/NotificationNames.swift /Users/p016324/.gemini/antigravity/scratch/FitTrackPro/Core/Extensions/Logger+App.swift /Users/p016324/.gemini/antigravity/scratch/FitTrackPro/Core/Extensions/TrainingPlan+Grouping.swift /Users/p016324/.gemini/antigravity/scratch/FitTrackPro/Core/Managers/ThemeManager.swift /Users/p016324/.gemini/antigravity/scratch/FitTrackPro/Core/Views/ExerciseIconView.swift (in target 'FitTrackPro' from project 'FitTrackPro')
SwiftCompile normal x86_64 /Users/p016324/.gemini/antigravity/scratch/FitTrackPro/Core/Models/DailyLog.swift (in target 'FitTrackPro' from project 'FitTrackPro')
    cd /Users/p016324/.gemini/antigravity/scratch/FitTrackPro
    

SwiftCompile normal x86_64 /Users/p016324/.gemini/antigravity/scratch/FitTrackPro/Core/Models/Exercise.swift (in target 'FitTrackPro' from project 'FitTrackPro')
    cd /Users/p016324/.gemini/antigravity/scratch/FitTrackPro
    

SwiftCompile normal x86_64 /Users/p016324/.gemini/antigravity/scratch/FitTrackPro/Features/Settings/SettingsView.swift (in target 'FitTrackPro' from project 'FitTrackPro')
    cd /Users/p016324/.gemini/antigravity/scratch/FitTrackPro
    

SwiftCompile normal x86_64 /Users/p016324/.gemini/antigravity/scratch/FitTrackPro/Core/Extensions/NotificationNames.swift (in target 'FitTrackPro' from project 'FitTrackPro')
    cd /Users/p016324/.gemini/antigravity/scratch/FitTrackPro
    

SwiftCompile normal x86_64 /Users/p016324/.gemini/antigravity/scratch/FitTrackPro/Core/Extensions/Logger+App.swift (in target 'FitTrackPro' from project 'FitTrackPro')
    cd /Users/p016324/.gemini/antigravity/scratch/FitTrackPro
    

SwiftCompile normal x86_64 /Users/p016324/.gemini/antigravity/scratch/FitTrackPro/Core/Extensions/TrainingPlan+Grouping.swift (in target 'FitTrackPro' from project 'FitTrackPro')
    cd /Users/p016324/.gemini/antigravity/scratch/FitTrackPro
    

SwiftCompile normal x86_64 /Users/p016324/.gemini/antigravity/scratch/FitTrackPro/Core/Managers/ThemeManager.swift (in target 'FitTrackPro' from project 'FitTrackPro')
    cd /Users/p016324/.gemini/antigravity/scratch/FitTrackPro
    

SwiftCompile normal x86_64 /Users/p016324/.gemini/antigravity/scratch/FitTrackPro/Core/Views/ExerciseIconView.swift (in target 'FitTrackPro' from project 'FitTrackPro')
    cd /Users/p016324/.gemini/antigravity/scratch/FitTrackPro
    

SwiftCompile normal x86_64 Compiling\ ExerciseFormView.swift,\ NotificationService.swift,\ WorkoutSessionView.swift,\ WorkoutSetRowView.swift,\ WorkoutSessionViewModel.swift,\ ExerciseDetailView.swift,\ SeedDataService.swift,\ ExerciseLibraryViewModel.swift,\ TrainingPlan.swift /Users/p016324/.gemini/antigravity/scratch/FitTrackPro/Features/Training/ExerciseLibrary/ExerciseFormView.swift /Users/p016324/.gemini/antigravity/scratch/FitTrackPro/Core/Services/NotificationService.swift /Users/p016324/.gemini/antigravity/scratch/FitTrackPro/Features/Training/Workout/WorkoutSessionView.swift /Users/p016324/.gemini/antigravity/scratch/FitTrackPro/Features/Training/Workout/WorkoutSetRowView.swift /Users/p016324/.gemini/antigravity/scratch/FitTrackPro/Features/Training/Workout/WorkoutSessionViewModel.swift /Users/p016324/.gemini/antigravity/scratch/FitTrackPro/Features/Training/ExerciseLibrary/ExerciseDetailView.swift /Users/p016324/.gemini/antigravity/scratch/FitTrackPro/Core/Services/SeedDataService.swift /Users/p016324/.gemini/antigravity/scratch/FitTrackPro/Features/Training/ExerciseLibrary/ExerciseLibraryViewModel.swift /Users/p016324/.gemini/antigravity/scratch/FitTrackPro/Core/Models/TrainingPlan.swift (in target 'FitTrackPro' from project 'FitTrackPro')
SwiftCompile normal x86_64 /Users/p016324/.gemini/antigravity/scratch/FitTrackPro/Features/Training/ExerciseLibrary/ExerciseFormView.swift (in target 'FitTrackPro' from project 'FitTrackPro')
    cd /Users/p016324/.gemini/antigravity/scratch/FitTrackPro
    

SwiftCompile normal x86_64 /Users/p016324/.gemini/antigravity/scratch/FitTrackPro/Core/Services/NotificationService.swift (in target 'FitTrackPro' from project 'FitTrackPro')
    cd /Users/p016324/.gemini/antigravity/scratch/FitTrackPro
    

SwiftCompile normal x86_64 /Users/p016324/.gemini/antigravity/scratch/FitTrackPro/Features/Training/Workout/WorkoutSessionView.swift (in target 'FitTrackPro' from project 'FitTrackPro')
    cd /Users/p016324/.gemini/antigravity/scratch/FitTrackPro
    

SwiftCompile normal x86_64 /Users/p016324/.gemini/antigravity/scratch/FitTrackPro/Features/Training/Workout/WorkoutSetRowView.swift (in target 'FitTrackPro' from project 'FitTrackPro')
    cd /Users/p016324/.gemini/antigravity/scratch/FitTrackPro
    

SwiftCompile normal x86_64 /Users/p016324/.gemini/antigravity/scratch/FitTrackPro/Features/Training/Workout/WorkoutSessionViewModel.swift (in target 'FitTrackPro' from project 'FitTrackPro')
    cd /Users/p016324/.gemini/antigravity/scratch/FitTrackPro
    

SwiftCompile normal x86_64 /Users/p016324/.gemini/antigravity/scratch/FitTrackPro/Features/Training/ExerciseLibrary/ExerciseDetailView.swift (in target 'FitTrackPro' from project 'FitTrackPro')
    cd /Users/p016324/.gemini/antigravity/scratch/FitTrackPro
    

SwiftCompile normal x86_64 /Users/p016324/.gemini/antigravity/scratch/FitTrackPro/Core/Services/SeedDataService.swift (in target 'FitTrackPro' from project 'FitTrackPro')
    cd /Users/p016324/.gemini/antigravity/scratch/FitTrackPro
    

SwiftCompile normal x86_64 /Users/p016324/.gemini/antigravity/scratch/FitTrackPro/Features/Training/ExerciseLibrary/ExerciseLibraryViewModel.swift (in target 'FitTrackPro' from project 'FitTrackPro')
    cd /Users/p016324/.gemini/antigravity/scratch/FitTrackPro
    

SwiftCompile normal x86_64 /Users/p016324/.gemini/antigravity/scratch/FitTrackPro/Core/Models/TrainingPlan.swift (in target 'FitTrackPro' from project 'FitTrackPro')
    cd /Users/p016324/.gemini/antigravity/scratch/FitTrackPro
    

SwiftCompile normal x86_64 Compiling\ ThemeSettingsView.swift,\ ExerciseCardView.swift,\ SupersetIconStack.swift,\ WorkoutTimerHeaderView.swift,\ WorkoutManager.swift,\ WorkoutMiniPlayerView.swift,\ ZoomableImageView.swift,\ FoodAPIService.swift /Users/p016324/.gemini/antigravity/scratch/FitTrackPro/Features/Settings/ThemeSettingsView.swift /Users/p016324/.gemini/antigravity/scratch/FitTrackPro/Features/Training/ExerciseLibrary/ExerciseCardView.swift /Users/p016324/.gemini/antigravity/scratch/FitTrackPro/Core/Views/SupersetIconStack.swift /Users/p016324/.gemini/antigravity/scratch/FitTrackPro/Features/Training/Workout/WorkoutTimerHeaderView.swift /Users/p016324/.gemini/antigravity/scratch/FitTrackPro/Core/Managers/WorkoutManager.swift /Users/p016324/.gemini/antigravity/scratch/FitTrackPro/Features/Training/Workout/WorkoutMiniPlayerView.swift /Users/p016324/.gemini/antigravity/scratch/FitTrackPro/Core/Views/ZoomableImageView.swift /Users/p016324/.gemini/antigravity/scratch/FitTrackPro/Core/Services/FoodAPIService.swift (in target 'FitTrackPro' from project 'FitTrackPro')

SwiftCompile normal x86_64 /Users/p016324/.gemini/antigravity/scratch/FitTrackPro/Features/Settings/ThemeSettingsView.swift (in target 'FitTrackPro' from project 'FitTrackPro')
    cd /Users/p016324/.gemini/antigravity/scratch/FitTrackPro
    

SwiftCompile normal x86_64 /Users/p016324/.gemini/antigravity/scratch/FitTrackPro/Features/Training/ExerciseLibrary/ExerciseCardView.swift (in target 'FitTrackPro' from project 'FitTrackPro')
    cd /Users/p016324/.gemini/antigravity/scratch/FitTrackPro
    

SwiftCompile normal x86_64 /Users/p016324/.gemini/antigravity/scratch/FitTrackPro/Core/Views/SupersetIconStack.swift (in target 'FitTrackPro' from project 'FitTrackPro')
    cd /Users/p016324/.gemini/antigravity/scratch/FitTrackPro
    

SwiftCompile normal x86_64 /Users/p016324/.gemini/antigravity/scratch/FitTrackPro/Features/Training/Workout/WorkoutTimerHeaderView.swift (in target 'FitTrackPro' from project 'FitTrackPro')
    cd /Users/p016324/.gemini/antigravity/scratch/FitTrackPro
    

SwiftCompile normal x86_64 /Users/p016324/.gemini/antigravity/scratch/FitTrackPro/Core/Managers/WorkoutManager.swift (in target 'FitTrackPro' from project 'FitTrackPro')
    cd /Users/p016324/.gemini/antigravity/scratch/FitTrackPro
    

SwiftCompile normal x86_64 /Users/p016324/.gemini/antigravity/scratch/FitTrackPro/Features/Training/Workout/WorkoutMiniPlayerView.swift (in target 'FitTrackPro' from project 'FitTrackPro')
    cd /Users/p016324/.gemini/antigravity/scratch/FitTrackPro
    

SwiftCompile normal x86_64 /Users/p016324/.gemini/antigravity/scratch/FitTrackPro/Core/Views/ZoomableImageView.swift (in target 'FitTrackPro' from project 'FitTrackPro')
    cd /Users/p016324/.gemini/antigravity/scratch/FitTrackPro
    

SwiftCompile normal x86_64 /Users/p016324/.gemini/antigravity/scratch/FitTrackPro/Core/Services/FoodAPIService.swift (in target 'FitTrackPro' from project 'FitTrackPro')
    cd /Users/p016324/.gemini/antigravity/scratch/FitTrackPro
    
/Users/p016324/.gemini/antigravity/scratch/FitTrackPro/Core/Services/FoodAPIService.swift:125:47: warning: main actor-isolated conformance of 'OFFResponse' to 'Decodable' cannot be used in actor-isolated context; this is an error in the Swift 6 language mode
            let decodedResponse = try decoder.decode(OFFResponse.self, from: data)
                                              ^
/Users/p016324/.gemini/antigravity/scratch/FitTrackPro/Core/Services/FoodAPIService.swift:127:71: warning: main actor-isolated conformance of 'OFFProduct' to 'Equatable' cannot be used in nonisolated context; this is an error in the Swift 6 language mode
            if decodedResponse.status != 1 || decodedResponse.product == nil {
                                                                      ^
/Users/p016324/.gemini/antigravity/scratch/FitTrackPro/Core/Services/FoodAPIService.swift:162:47: warning: main actor-isolated conformance of 'OFFSearchResponse' to 'Decodable' cannot be used in actor-isolated context; this is an error in the Swift 6 language mode
            let decodedResponse = try decoder.decode(OFFSearchResponse.self, from: data)
                                              ^

SwiftCompile normal x86_64 Compiling\ NutritionDashboardView.swift,\ FoodEntryFormView.swift,\ BarcodeScannerView.swift,\ FoodSearchView.swift,\ MealDetailView.swift,\ FoodEntryDetailView.swift,\ DashboardView.swift,\ WeightTrackerView.swift /Users/p016324/.gemini/antigravity/scratch/FitTrackPro/Features/Nutrition/NutritionDashboardView.swift /Users/p016324/.gemini/antigravity/scratch/FitTrackPro/Features/Nutrition/FoodEntryFormView.swift /Users/p016324/.gemini/antigravity/scratch/FitTrackPro/Features/Nutrition/BarcodeScannerView.swift /Users/p016324/.gemini/antigravity/scratch/FitTrackPro/Features/Nutrition/FoodSearchView.swift /Users/p016324/.gemini/antigravity/scratch/FitTrackPro/Features/Nutrition/MealDetailView.swift /Users/p016324/.gemini/antigravity/scratch/FitTrackPro/Features/Nutrition/FoodEntryDetailView.swift /Users/p016324/.gemini/antigravity/scratch/FitTrackPro/Features/Dashboard/DashboardView.swift /Users/p016324/.gemini/antigravity/scratch/FitTrackPro/Features/WeightTracker/WeightTrackerView.swift (in target 'FitTrackPro' from project 'FitTrackPro')
SwiftCompile normal x86_64 /Users/p016324/.gemini/antigravity/scratch/FitTrackPro/Features/Nutrition/NutritionDashboardView.swift (in target 'FitTrackPro' from project 'FitTrackPro')
    cd /Users/p016324/.gemini/antigravity/scratch/FitTrackPro
    

SwiftCompile normal x86_64 /Users/p016324/.gemini/antigravity/scratch/FitTrackPro/Features/Nutrition/FoodEntryFormView.swift (in target 'FitTrackPro' from project 'FitTrackPro')
    cd /Users/p016324/.gemini/antigravity/scratch/FitTrackPro
    

SwiftCompile normal x86_64 /Users/p016324/.gemini/antigravity/scratch/FitTrackPro/Features/Nutrition/BarcodeScannerView.swift (in target 'FitTrackPro' from project 'FitTrackPro')
    cd /Users/p016324/.gemini/antigravity/scratch/FitTrackPro
    

SwiftCompile normal x86_64 /Users/p016324/.gemini/antigravity/scratch/FitTrackPro/Features/Nutrition/FoodSearchView.swift (in target 'FitTrackPro' from project 'FitTrackPro')
    cd /Users/p016324/.gemini/antigravity/scratch/FitTrackPro
    
/Users/p016324/.gemini/antigravity/scratch/FitTrackPro/Features/Nutrition/FoodSearchView.swift:152:24: warning: value 'onIngredientSelected' was defined but never used; consider replacing with boolean test
                if let onIngredientSelected = onIngredientSelected {
                   ~~~~^~~~~~~~~~~~~~~~~~~~~~~
                                                                   != nil

SwiftCompile normal x86_64 /Users/p016324/.gemini/antigravity/scratch/FitTrackPro/Features/Nutrition/MealDetailView.swift (in target 'FitTrackPro' from project 'FitTrackPro')
    cd /Users/p016324/.gemini/antigravity/scratch/FitTrackPro
    

SwiftCompile normal x86_64 /Users/p016324/.gemini/antigravity/scratch/FitTrackPro/Features/Nutrition/FoodEntryDetailView.swift (in target 'FitTrackPro' from project 'FitTrackPro')
    cd /Users/p016324/.gemini/antigravity/scratch/FitTrackPro
    

SwiftCompile normal x86_64 /Users/p016324/.gemini/antigravity/scratch/FitTrackPro/Features/Dashboard/DashboardView.swift (in target 'FitTrackPro' from project 'FitTrackPro')
    cd /Users/p016324/.gemini/antigravity/scratch/FitTrackPro
    

SwiftCompile normal x86_64 /Users/p016324/.gemini/antigravity/scratch/FitTrackPro/Features/WeightTracker/WeightTrackerView.swift (in target 'FitTrackPro' from project 'FitTrackPro')
    cd /Users/p016324/.gemini/antigravity/scratch/FitTrackPro
    
/Users/p016324/.gemini/antigravity/scratch/FitTrackPro/Features/WeightTracker/WeightTrackerView.swift:338:21: warning: '+' was deprecated in iOS 26.0: Use string interpolation on `Text` instead: `Text("Hello \(name)")`
                    + Text(" kg").font(.body).foregroundColor(.secondary)
                    ^

SwiftCompile normal x86_64 Compiling\ WeightEntryFormView.swift,\ OnboardingView.swift,\ OnboardingPages.swift,\ WorkoutHistoryView.swift,\ DashboardWidgets.swift,\ MediaStorageService.swift,\ ExerciseService.swift,\ StatisticsViewModel.swift /Users/p016324/.gemini/antigravity/scratch/FitTrackPro/Features/WeightTracker/WeightEntryFormView.swift /Users/p016324/.gemini/antigravity/scratch/FitTrackPro/Features/Onboarding/OnboardingView.swift /Users/p016324/.gemini/antigravity/scratch/FitTrackPro/Features/Onboarding/OnboardingPages.swift /Users/p016324/.gemini/antigravity/scratch/FitTrackPro/Features/Training/Workout/WorkoutHistoryView.swift /Users/p016324/.gemini/antigravity/scratch/FitTrackPro/Features/Dashboard/DashboardWidgets.swift /Users/p016324/.gemini/antigravity/scratch/FitTrackPro/Core/Services/MediaStorageService.swift /Users/p016324/.gemini/antigravity/scratch/FitTrackPro/Core/Services/ExerciseService.swift /Users/p016324/.gemini/antigravity/scratch/FitTrackPro/Features/Statistics/StatisticsViewModel.swift (in target 'FitTrackPro' from project 'FitTrackPro')
SwiftCompile normal x86_64 /Users/p016324/.gemini/antigravity/scratch/FitTrackPro/Features/WeightTracker/WeightEntryFormView.swift (in target 'FitTrackPro' from project 'FitTrackPro')
    cd /Users/p016324/.gemini/antigravity/scratch/FitTrackPro
    

SwiftCompile normal x86_64 /Users/p016324/.gemini/antigravity/scratch/FitTrackPro/Features/Onboarding/OnboardingView.swift (in target 'FitTrackPro' from project 'FitTrackPro')
    cd /Users/p016324/.gemini/antigravity/scratch/FitTrackPro
    

SwiftCompile normal x86_64 /Users/p016324/.gemini/antigravity/scratch/FitTrackPro/Features/Onboarding/OnboardingPages.swift (in target 'FitTrackPro' from project 'FitTrackPro')
    cd /Users/p016324/.gemini/antigravity/scratch/FitTrackPro
    

SwiftCompile normal x86_64 /Users/p016324/.gemini/antigravity/scratch/FitTrackPro/Features/Training/Workout/WorkoutHistoryView.swift (in target 'FitTrackPro' from project 'FitTrackPro')
    cd /Users/p016324/.gemini/antigravity/scratch/FitTrackPro
    

SwiftCompile normal x86_64 /Users/p016324/.gemini/antigravity/scratch/FitTrackPro/Features/Dashboard/DashboardWidgets.swift (in target 'FitTrackPro' from project 'FitTrackPro')
    cd /Users/p016324/.gemini/antigravity/scratch/FitTrackPro
    

SwiftCompile normal x86_64 /Users/p016324/.gemini/antigravity/scratch/FitTrackPro/Core/Services/MediaStorageService.swift (in target 'FitTrackPro' from project 'FitTrackPro')
    cd /Users/p016324/.gemini/antigravity/scratch/FitTrackPro
    

SwiftCompile normal x86_64 /Users/p016324/.gemini/antigravity/scratch/FitTrackPro/Core/Services/ExerciseService.swift (in target 'FitTrackPro' from project 'FitTrackPro')
    cd /Users/p016324/.gemini/antigravity/scratch/FitTrackPro
    

SwiftCompile normal x86_64 /Users/p016324/.gemini/antigravity/scratch/FitTrackPro/Features/Statistics/StatisticsViewModel.swift (in target 'FitTrackPro' from project 'FitTrackPro')
    cd /Users/p016324/.gemini/antigravity/scratch/FitTrackPro
    

SwiftCompile normal x86_64 Compiling\ View+Modifiers.swift,\ FitTrackProApp.swift,\ WorkoutSummaryView.swift,\ Color+Theme.swift,\ AppStorageKeys.swift,\ AppRouter.swift,\ WorkoutSession.swift,\ PlanExercise.swift,\ ExerciseLibraryView.swift /Users/p016324/.gemini/antigravity/scratch/FitTrackPro/Core/Extensions/View+Modifiers.swift /Users/p016324/.gemini/antigravity/scratch/FitTrackPro/App/FitTrackProApp.swift /Users/p016324/.gemini/antigravity/scratch/FitTrackPro/Features/Training/Workout/WorkoutSummaryView.swift /Users/p016324/.gemini/antigravity/scratch/FitTrackPro/Core/Extensions/Color+Theme.swift /Users/p016324/.gemini/antigravity/scratch/FitTrackPro/Core/Extensions/AppStorageKeys.swift /Users/p016324/.gemini/antigravity/scratch/FitTrackPro/App/AppRouter.swift /Users/p016324/.gemini/antigravity/scratch/FitTrackPro/Core/Models/WorkoutSession.swift /Users/p016324/.gemini/antigravity/scratch/FitTrackPro/Core/Models/PlanExercise.swift /Users/p016324/.gemini/antigravity/scratch/FitTrackPro/Features/Training/ExerciseLibrary/ExerciseLibraryView.swift (in target 'FitTrackPro' from project 'FitTrackPro')

SwiftCompile normal x86_64 /Users/p016324/.gemini/antigravity/scratch/FitTrackPro/Core/Extensions/View+Modifiers.swift (in target 'FitTrackPro' from project 'FitTrackPro')
    cd /Users/p016324/.gemini/antigravity/scratch/FitTrackPro
    

SwiftCompile normal x86_64 /Users/p016324/.gemini/antigravity/scratch/FitTrackPro/App/FitTrackProApp.swift (in target 'FitTrackPro' from project 'FitTrackPro')
    cd /Users/p016324/.gemini/antigravity/scratch/FitTrackPro
    
/Users/p016324/.gemini/antigravity/scratch/FitTrackPro/App/FitTrackProApp.swift:44:76: warning: main actor-isolated static method 'create()' cannot be called from outside of the actor; this is an error in the Swift 6 language mode
                                        newContainer = try SharedContainer.create()
                                                       ~~~~~~~~~~~~~~~~~~~~^~~~~~~~
                                                       await 

SwiftCompile normal x86_64 /Users/p016324/.gemini/antigravity/scratch/FitTrackPro/Features/Training/Workout/WorkoutSummaryView.swift (in target 'FitTrackPro' from project 'FitTrackPro')
    cd /Users/p016324/.gemini/antigravity/scratch/FitTrackPro
    

SwiftCompile normal x86_64 /Users/p016324/.gemini/antigravity/scratch/FitTrackPro/Core/Extensions/Color+Theme.swift (in target 'FitTrackPro' from project 'FitTrackPro')
    cd /Users/p016324/.gemini/antigravity/scratch/FitTrackPro
    

SwiftCompile normal x86_64 /Users/p016324/.gemini/antigravity/scratch/FitTrackPro/Core/Extensions/AppStorageKeys.swift (in target 'FitTrackPro' from project 'FitTrackPro')
    cd /Users/p016324/.gemini/antigravity/scratch/FitTrackPro
    

SwiftCompile normal x86_64 /Users/p016324/.gemini/antigravity/scratch/FitTrackPro/App/AppRouter.swift (in target 'FitTrackPro' from project 'FitTrackPro')
    cd /Users/p016324/.gemini/antigravity/scratch/FitTrackPro
    

SwiftCompile normal x86_64 /Users/p016324/.gemini/antigravity/scratch/FitTrackPro/Core/Models/WorkoutSession.swift (in target 'FitTrackPro' from project 'FitTrackPro')
    cd /Users/p016324/.gemini/antigravity/scratch/FitTrackPro
    

SwiftCompile normal x86_64 /Users/p016324/.gemini/antigravity/scratch/FitTrackPro/Core/Models/PlanExercise.swift (in target 'FitTrackPro' from project 'FitTrackPro')
    cd /Users/p016324/.gemini/antigravity/scratch/FitTrackPro
    

SwiftCompile normal x86_64 /Users/p016324/.gemini/antigravity/scratch/FitTrackPro/Features/Training/ExerciseLibrary/ExerciseLibraryView.swift (in target 'FitTrackPro' from project 'FitTrackPro')
    cd /Users/p016324/.gemini/antigravity/scratch/FitTrackPro
    

SwiftCompile normal x86_64 Compiling\ PlanDetailView.swift,\ PlanExerciseRowView.swift,\ ExerciseSelectionView.swift,\ ExerciseHistoryView.swift,\ TrainingPlansView.swift,\ FoodEntry.swift,\ WeightEntry.swift,\ WorkoutSet.swift /Users/p016324/.gemini/antigravity/scratch/FitTrackPro/Features/Training/Plans/PlanDetailView.swift /Users/p016324/.gemini/antigravity/scratch/FitTrackPro/Features/Training/Plans/PlanExerciseRowView.swift /Users/p016324/.gemini/antigravity/scratch/FitTrackPro/Features/Training/Plans/ExerciseSelectionView.swift /Users/p016324/.gemini/antigravity/scratch/FitTrackPro/Features/Training/Workout/ExerciseHistoryView.swift /Users/p016324/.gemini/antigravity/scratch/FitTrackPro/Features/Training/Plans/TrainingPlansView.swift /Users/p016324/.gemini/antigravity/scratch/FitTrackPro/Core/Models/FoodEntry.swift /Users/p016324/.gemini/antigravity/scratch/FitTrackPro/Core/Models/WeightEntry.swift /Users/p016324/.gemini/antigravity/scratch/FitTrackPro/Core/Models/WorkoutSet.swift (in target 'FitTrackPro' from project 'FitTrackPro')

SwiftCompile normal x86_64 /Users/p016324/.gemini/antigravity/scratch/FitTrackPro/Features/Training/Plans/PlanDetailView.swift (in target 'FitTrackPro' from project 'FitTrackPro')
    cd /Users/p016324/.gemini/antigravity/scratch/FitTrackPro
    

SwiftCompile normal x86_64 /Users/p016324/.gemini/antigravity/scratch/FitTrackPro/Features/Training/Plans/PlanExerciseRowView.swift (in target 'FitTrackPro' from project 'FitTrackPro')
    cd /Users/p016324/.gemini/antigravity/scratch/FitTrackPro
    

SwiftCompile normal x86_64 /Users/p016324/.gemini/antigravity/scratch/FitTrackPro/Features/Training/Plans/ExerciseSelectionView.swift (in target 'FitTrackPro' from project 'FitTrackPro')
    cd /Users/p016324/.gemini/antigravity/scratch/FitTrackPro
    

SwiftCompile normal x86_64 /Users/p016324/.gemini/antigravity/scratch/FitTrackPro/Features/Training/Workout/ExerciseHistoryView.swift (in target 'FitTrackPro' from project 'FitTrackPro')
    cd /Users/p016324/.gemini/antigravity/scratch/FitTrackPro
    

SwiftCompile normal x86_64 /Users/p016324/.gemini/antigravity/scratch/FitTrackPro/Features/Training/Plans/TrainingPlansView.swift (in target 'FitTrackPro' from project 'FitTrackPro')
    cd /Users/p016324/.gemini/antigravity/scratch/FitTrackPro
    
/Users/p016324/.gemini/antigravity/scratch/FitTrackPro/Features/Training/Plans/TrainingPlansView.swift:300:66: warning: left side of nil coalescing operator '??' has non-optional type 'Date', so the right side is never used
        let sessions = plan.sessions?.sorted(by: { ($0.startTime ?? Date.distantPast) > ($1.startTime ?? Date.distantPast) }) ?? []
                                                    ~~~~~~~~~~~~~^~~~~~~~~~~~~~~~~~~
                                                                
/Users/p016324/.gemini/antigravity/scratch/FitTrackPro/Features/Training/Plans/TrainingPlansView.swift:300:103: warning: left side of nil coalescing operator '??' has non-optional type 'Date', so the right side is never used
        let sessions = plan.sessions?.sorted(by: { ($0.startTime ?? Date.distantPast) > ($1.startTime ?? Date.distantPast) }) ?? []
                                                                                         ~~~~~~~~~~~~~^~~~~~~~~~~~~~~~~~~
                                                                                                     

SwiftCompile normal x86_64 /Users/p016324/.gemini/antigravity/scratch/FitTrackPro/Core/Models/FoodEntry.swift (in target 'FitTrackPro' from project 'FitTrackPro')
    cd /Users/p016324/.gemini/antigravity/scratch/FitTrackPro
    

SwiftCompile normal x86_64 /Users/p016324/.gemini/antigravity/scratch/FitTrackPro/Core/Models/WeightEntry.swift (in target 'FitTrackPro' from project 'FitTrackPro')
    cd /Users/p016324/.gemini/antigravity/scratch/FitTrackPro
    

SwiftCompile normal x86_64 /Users/p016324/.gemini/antigravity/scratch/FitTrackPro/Core/Models/WorkoutSet.swift (in target 'FitTrackPro' from project 'FitTrackPro')
    cd /Users/p016324/.gemini/antigravity/scratch/FitTrackPro
    

SwiftCompile normal x86_64 Compiling\ DashboardWidgetsSmall.swift,\ DashboardWidgetsLarge.swift,\ EnergyCalculator.swift,\ EnergyResult.swift,\ EnergyDetailView.swift,\ EnergyCard.swift,\ DashboardDragDrop.swift,\ GeneratedAssetSymbols.swift /Users/p016324/.gemini/antigravity/scratch/FitTrackPro/Features/Dashboard/DashboardWidgetsSmall.swift /Users/p016324/.gemini/antigravity/scratch/FitTrackPro/Features/Dashboard/DashboardWidgetsLarge.swift /Users/p016324/.gemini/antigravity/scratch/FitTrackPro/Features/Energy/EnergyCalculator.swift /Users/p016324/.gemini/antigravity/scratch/FitTrackPro/Features/Energy/EnergyResult.swift /Users/p016324/.gemini/antigravity/scratch/FitTrackPro/Features/Energy/EnergyDetailView.swift /Users/p016324/.gemini/antigravity/scratch/FitTrackPro/Features/Dashboard/EnergyCard.swift /Users/p016324/.gemini/antigravity/scratch/FitTrackPro/Features/Dashboard/DashboardDragDrop.swift /Users/p016324/Library/Developer/Xcode/DerivedData/FitTrackPro-dfuxzyqazqijhrdhlxwuokwbmmia/Build/Intermediates.noindex/FitTrackPro.build/Debug-iphonesimulator/FitTrackPro.build/DerivedSources/GeneratedAssetSymbols.swift (in target 'FitTrackPro' from project 'FitTrackPro')

SwiftCompile normal x86_64 /Users/p016324/.gemini/antigravity/scratch/FitTrackPro/Features/Dashboard/DashboardWidgetsSmall.swift (in target 'FitTrackPro' from project 'FitTrackPro')
    cd /Users/p016324/.gemini/antigravity/scratch/FitTrackPro
    

SwiftCompile normal x86_64 /Users/p016324/.gemini/antigravity/scratch/FitTrackPro/Features/Dashboard/DashboardWidgetsLarge.swift (in target 'FitTrackPro' from project 'FitTrackPro')
    cd /Users/p016324/.gemini/antigravity/scratch/FitTrackPro
    

SwiftCompile normal x86_64 /Users/p016324/.gemini/antigravity/scratch/FitTrackPro/Features/Energy/EnergyCalculator.swift (in target 'FitTrackPro' from project 'FitTrackPro')
    cd /Users/p016324/.gemini/antigravity/scratch/FitTrackPro
    

SwiftCompile normal x86_64 /Users/p016324/.gemini/antigravity/scratch/FitTrackPro/Features/Energy/EnergyResult.swift (in target 'FitTrackPro' from project 'FitTrackPro')
    cd /Users/p016324/.gemini/antigravity/scratch/FitTrackPro
    

SwiftCompile normal x86_64 /Users/p016324/.gemini/antigravity/scratch/FitTrackPro/Features/Energy/EnergyDetailView.swift (in target 'FitTrackPro' from project 'FitTrackPro')
    cd /Users/p016324/.gemini/antigravity/scratch/FitTrackPro
    

SwiftCompile normal x86_64 /Users/p016324/.gemini/antigravity/scratch/FitTrackPro/Features/Dashboard/EnergyCard.swift (in target 'FitTrackPro' from project 'FitTrackPro')
    cd /Users/p016324/.gemini/antigravity/scratch/FitTrackPro
    

SwiftCompile normal x86_64 /Users/p016324/.gemini/antigravity/scratch/FitTrackPro/Features/Dashboard/DashboardDragDrop.swift (in target 'FitTrackPro' from project 'FitTrackPro')
    cd /Users/p016324/.gemini/antigravity/scratch/FitTrackPro
    
/Users/p016324/.gemini/antigravity/scratch/FitTrackPro/Features/Dashboard/DashboardDragDrop.swift:26:14: warning: 'onChange(of:perform:)' was deprecated in iOS 17.0: Use `onChange` with a two or zero parameter action closure instead.
            .onChange(of: isEnabled) { enabled in
             ^
/Users/p016324/.gemini/antigravity/scratch/FitTrackPro/Features/Dashboard/DashboardDragDrop.swift:114:35: warning: main actor-isolated conformance of 'DashboardCardSizeKey' to 'LayoutValueKey' cannot be used in nonisolated context; this is an error in the Swift 6 language mode
            let sizeType = subview[DashboardCardSizeKey.self]
                                  ^
/Users/p016324/.gemini/antigravity/scratch/FitTrackPro/Features/Dashboard/DashboardDragDrop.swift:142:35: warning: main actor-isolated conformance of 'DashboardCardSizeKey' to 'LayoutValueKey' cannot be used in nonisolated context; this is an error in the Swift 6 language mode
            let sizeType = subview[DashboardCardSizeKey.self]
                                  ^

SwiftCompile normal x86_64 /Users/p016324/Library/Developer/Xcode/DerivedData/FitTrackPro-dfuxzyqazqijhrdhlxwuokwbmmia/Build/Intermediates.noindex/FitTrackPro.build/Debug-iphonesimulator/FitTrackPro.build/DerivedSources/GeneratedAssetSymbols.swift (in target 'FitTrackPro' from project 'FitTrackPro')
    cd /Users/p016324/.gemini/antigravity/scratch/FitTrackPro
    

SwiftCompile normal x86_64 Compiling\ SleepTrackerView.swift,\ SleepEntryFormView.swift,\ RecoveryCalculator.swift,\ RecoveryView.swift,\ SleepDaySummary.swift,\ SleepDetailView.swift,\ RecoveryFactorDetailView.swift,\ DashboardLayoutConfig.swift /Users/p016324/.gemini/antigravity/scratch/FitTrackPro/Features/SleepTracker/SleepTrackerView.swift /Users/p016324/.gemini/antigravity/scratch/FitTrackPro/Features/SleepTracker/SleepEntryFormView.swift /Users/p016324/.gemini/antigravity/scratch/FitTrackPro/Features/Recovery/RecoveryCalculator.swift /Users/p016324/.gemini/antigravity/scratch/FitTrackPro/Features/Recovery/RecoveryView.swift /Users/p016324/.gemini/antigravity/scratch/FitTrackPro/Core/Models/SleepDaySummary.swift /Users/p016324/.gemini/antigravity/scratch/FitTrackPro/Features/SleepTracker/SleepDetailView.swift /Users/p016324/.gemini/antigravity/scratch/FitTrackPro/Features/Recovery/RecoveryFactorDetailView.swift /Users/p016324/.gemini/antigravity/scratch/FitTrackPro/Core/Models/DashboardLayoutConfig.swift (in target 'FitTrackPro' from project 'FitTrackPro')

SwiftCompile normal x86_64 /Users/p016324/.gemini/antigravity/scratch/FitTrackPro/Features/SleepTracker/SleepTrackerView.swift (in target 'FitTrackPro' from project 'FitTrackPro')
    cd /Users/p016324/.gemini/antigravity/scratch/FitTrackPro
    

SwiftCompile normal x86_64 /Users/p016324/.gemini/antigravity/scratch/FitTrackPro/Features/SleepTracker/SleepEntryFormView.swift (in target 'FitTrackPro' from project 'FitTrackPro')
    cd /Users/p016324/.gemini/antigravity/scratch/FitTrackPro
    

SwiftCompile normal x86_64 /Users/p016324/.gemini/antigravity/scratch/FitTrackPro/Features/Recovery/RecoveryCalculator.swift (in target 'FitTrackPro' from project 'FitTrackPro')
    cd /Users/p016324/.gemini/antigravity/scratch/FitTrackPro
    

SwiftCompile normal x86_64 /Users/p016324/.gemini/antigravity/scratch/FitTrackPro/Features/Recovery/RecoveryView.swift (in target 'FitTrackPro' from project 'FitTrackPro')
    cd /Users/p016324/.gemini/antigravity/scratch/FitTrackPro
    

SwiftCompile normal x86_64 /Users/p016324/.gemini/antigravity/scratch/FitTrackPro/Core/Models/SleepDaySummary.swift (in target 'FitTrackPro' from project 'FitTrackPro')
    cd /Users/p016324/.gemini/antigravity/scratch/FitTrackPro
    

SwiftCompile normal x86_64 /Users/p016324/.gemini/antigravity/scratch/FitTrackPro/Features/SleepTracker/SleepDetailView.swift (in target 'FitTrackPro' from project 'FitTrackPro')
    cd /Users/p016324/.gemini/antigravity/scratch/FitTrackPro
    

SwiftCompile normal x86_64 /Users/p016324/.gemini/antigravity/scratch/FitTrackPro/Features/Recovery/RecoveryFactorDetailView.swift (in target 'FitTrackPro' from project 'FitTrackPro')
    cd /Users/p016324/.gemini/antigravity/scratch/FitTrackPro
    

SwiftCompile normal x86_64 /Users/p016324/.gemini/antigravity/scratch/FitTrackPro/Core/Models/DashboardLayoutConfig.swift (in target 'FitTrackPro' from project 'FitTrackPro')
    cd /Users/p016324/.gemini/antigravity/scratch/FitTrackPro
    

SwiftEmitModule normal arm64 Emitting\ module\ for\ FitTrackPro (in target 'FitTrackPro' from project 'FitTrackPro')

EmitSwiftModule normal arm64 (in target 'FitTrackPro' from project 'FitTrackPro')
    cd /Users/p016324/.gemini/antigravity/scratch/FitTrackPro
    

ConstructStubExecutorLinkFileList /Users/p016324/Library/Developer/Xcode/DerivedData/FitTrackPro-dfuxzyqazqijhrdhlxwuokwbmmia/Build/Intermediates.noindex/FitTrackPro.build/Debug-iphonesimulator/FitTrackProWidgetExtension.build/FitTrackProWidgetExtension-ExecutorLinkFileList-normal-x86_64.txt (in target 'FitTrackProWidgetExtension' from project 'FitTrackPro')
    cd /Users/p016324/.gemini/antigravity/scratch/FitTrackPro
    construct-stub-executor-link-file-list /Users/p016324/Library/Developer/Xcode/DerivedData/FitTrackPro-dfuxzyqazqijhrdhlxwuokwbmmia/Build/Intermediates.noindex/FitTrackPro.build/Debug-iphonesimulator/FitTrackProWidgetExtension.build/Objects-normal/x86_64/Binary/FitTrackProWidgetExtension.debug.dylib /Applications/Xcode.app/Contents/Developer/Platforms/iPhoneSimulator.platform/Developer/usr/lib/libPreviewsJITStubExecutor_no_swift_entry_point.a /Applications/Xcode.app/Contents/Developer/Platforms/iPhoneSimulator.platform/Developer/usr/lib/libPreviewsJITStubExecutor.a --output /Users/p016324/Library/Developer/Xcode/DerivedData/FitTrackPro-dfuxzyqazqijhrdhlxwuokwbmmia/Build/Intermediates.noindex/FitTrackPro.build/Debug-iphonesimulator/FitTrackProWidgetExtension.build/FitTrackProWidgetExtension-ExecutorLinkFileList-normal-x86_64.txt
note: Using stub executor library with Swift entry point. (in target 'FitTrackProWidgetExtension' from project 'FitTrackPro')

CreateUniversalBinary /Users/p016324/Library/Developer/Xcode/DerivedData/FitTrackPro-dfuxzyqazqijhrdhlxwuokwbmmia/Build/Products/Debug-iphonesimulator/FitTrackProWidgetExtension.appex/FitTrackProWidgetExtension.debug.dylib normal arm64\ x86_64 (in target 'FitTrackProWidgetExtension' from project 'FitTrackPro')
    cd /Users/p016324/.gemini/antigravity/scratch/FitTrackPro
    /Applications/Xcode.app/Contents/Developer/Toolchains/XcodeDefault.xctoolchain/usr/bin/lipo -create /Users/p016324/Library/Developer/Xcode/DerivedData/FitTrackPro-dfuxzyqazqijhrdhlxwuokwbmmia/Build/Intermediates.noindex/FitTrackPro.build/Debug-iphonesimulator/FitTrackProWidgetExtension.build/Objects-normal/arm64/Binary/FitTrackProWidgetExtension.debug.dylib /Users/p016324/Library/Developer/Xcode/DerivedData/FitTrackPro-dfuxzyqazqijhrdhlxwuokwbmmia/Build/Intermediates.noindex/FitTrackPro.build/Debug-iphonesimulator/FitTrackProWidgetExtension.build/Objects-normal/x86_64/Binary/FitTrackProWidgetExtension.debug.dylib -output /Users/p016324/Library/Developer/Xcode/DerivedData/FitTrackPro-dfuxzyqazqijhrdhlxwuokwbmmia/Build/Products/Debug-iphonesimulator/FitTrackProWidgetExtension.appex/FitTrackProWidgetExtension.debug.dylib

Ld /Users/p016324/Library/Developer/Xcode/DerivedData/FitTrackPro-dfuxzyqazqijhrdhlxwuokwbmmia/Build/Intermediates.noindex/FitTrackPro.build/Debug-iphonesimulator/FitTrackProWidgetExtension.build/Objects-normal/x86_64/Binary/FitTrackProWidgetExtension normal x86_64 (in target 'FitTrackProWidgetExtension' from project 'FitTrackPro')
    cd /Users/p016324/.gemini/antigravity/scratch/FitTrackPro
    /Applications/Xcode.app/Contents/Developer/Toolchains/XcodeDefault.xctoolchain/usr/bin/clang -Xlinker -reproducible -target x86_64-apple-ios26.5-simulator -isysroot /Applications/Xcode.app/Contents/Developer/Platforms/iPhoneSimulator.platform/Developer/SDKs/iPhoneSimulator26.5.sdk -O0 -L/Users/p016324/Library/Developer/Xcode/DerivedData/FitTrackPro-dfuxzyqazqijhrdhlxwuokwbmmia/Build/Products/Debug-iphonesimulator -F/Users/p016324/Library/Developer/Xcode/DerivedData/FitTrackPro-dfuxzyqazqijhrdhlxwuokwbmmia/Build/Products/Debug-iphonesimulator -Xlinker -rpath -Xlinker @executable_path -Xlinker -rpath -Xlinker @executable_path/Frameworks -Xlinker -rpath -Xlinker @executable_path/../../Frameworks -rdynamic -Xlinker -no_deduplicate -Xlinker -objc_abi_version -Xlinker 2 -e ___debug_blank_executor_main -Xlinker -sectcreate -Xlinker __TEXT -Xlinker __debug_dylib -Xlinker /Users/p016324/Library/Developer/Xcode/DerivedData/FitTrackPro-dfuxzyqazqijhrdhlxwuokwbmmia/Build/Intermediates.noindex/FitTrackPro.build/Debug-iphonesimulator/FitTrackProWidgetExtension.build/FitTrackProWidgetExtension-DebugDylibPath-normal-x86_64.txt -Xlinker -sectcreate -Xlinker __TEXT -Xlinker __debug_entry -Xlinker /Users/p016324/Library/Developer/Xcode/DerivedData/FitTrackPro-dfuxzyqazqijhrdhlxwuokwbmmia/Build/Intermediates.noindex/FitTrackPro.build/Debug-iphonesimulator/FitTrackProWidgetExtension.build/FitTrackProWidgetExtension-DebugEntryPoint-normal-x86_64.txt -Xlinker -sectcreate -Xlinker __TEXT -Xlinker __debug_instlnm -Xlinker /Users/p016324/Library/Developer/Xcode/DerivedData/FitTrackPro-dfuxzyqazqijhrdhlxwuokwbmmia/Build/Intermediates.noindex/FitTrackPro.build/Debug-iphonesimulator/FitTrackProWidgetExtension.build/FitTrackProWidgetExtension-DebugDylibInstallName-normal-x86_64.txt -Xlinker -filelist -Xlinker /Users/p016324/Library/Developer/Xcode/DerivedData/FitTrackPro-dfuxzyqazqijhrdhlxwuokwbmmia/Build/Intermediates.noindex/FitTrackPro.build/Debug-iphonesimulator/FitTrackProWidgetExtension.build/FitTrackProWidgetExtension-ExecutorLinkFileList-normal-x86_64.txt -Xlinker -sectcreate -Xlinker __TEXT -Xlinker __entitlements -Xlinker /Users/p016324/Library/Developer/Xcode/DerivedData/FitTrackPro-dfuxzyqazqijhrdhlxwuokwbmmia/Build/Intermediates.noindex/FitTrackPro.build/Debug-iphonesimulator/FitTrackProWidgetExtension.build/FitTrackProWidgetExtension.appex-Simulated.xcent -Xlinker -sectcreate -Xlinker __TEXT -Xlinker __ents_der -Xlinker /Users/p016324/Library/Developer/Xcode/DerivedData/FitTrackPro-dfuxzyqazqijhrdhlxwuokwbmmia/Build/Intermediates.noindex/FitTrackPro.build/Debug-iphonesimulator/FitTrackProWidgetExtension.build/FitTrackProWidgetExtension.appex-Simulated.xcent.der /Users/p016324/Library/Developer/Xcode/DerivedData/FitTrackPro-dfuxzyqazqijhrdhlxwuokwbmmia/Build/Intermediates.noindex/FitTrackPro.build/Debug-iphonesimulator/FitTrackProWidgetExtension.build/Objects-normal/x86_64/Binary/FitTrackProWidgetExtension.debug.dylib -Xlinker -no_adhoc_codesign -o /Users/p016324/Library/Developer/Xcode/DerivedData/FitTrackPro-dfuxzyqazqijhrdhlxwuokwbmmia/Build/Intermediates.noindex/FitTrackPro.build/Debug-iphonesimulator/FitTrackProWidgetExtension.build/Objects-normal/x86_64/Binary/FitTrackProWidgetExtension

ConstructStubExecutorLinkFileList /Users/p016324/Library/Developer/Xcode/DerivedData/FitTrackPro-dfuxzyqazqijhrdhlxwuokwbmmia/Build/Intermediates.noindex/FitTrackPro.build/Debug-iphonesimulator/FitTrackProWidgetExtension.build/FitTrackProWidgetExtension-ExecutorLinkFileList-normal-arm64.txt (in target 'FitTrackProWidgetExtension' from project 'FitTrackPro')
    cd /Users/p016324/.gemini/antigravity/scratch/FitTrackPro
    construct-stub-executor-link-file-list /Users/p016324/Library/Developer/Xcode/DerivedData/FitTrackPro-dfuxzyqazqijhrdhlxwuokwbmmia/Build/Intermediates.noindex/FitTrackPro.build/Debug-iphonesimulator/FitTrackProWidgetExtension.build/Objects-normal/arm64/Binary/FitTrackProWidgetExtension.debug.dylib /Applications/Xcode.app/Contents/Developer/Platforms/iPhoneSimulator.platform/Developer/usr/lib/libPreviewsJITStubExecutor_no_swift_entry_point.a /Applications/Xcode.app/Contents/Developer/Platforms/iPhoneSimulator.platform/Developer/usr/lib/libPreviewsJITStubExecutor.a --output /Users/p016324/Library/Developer/Xcode/DerivedData/FitTrackPro-dfuxzyqazqijhrdhlxwuokwbmmia/Build/Intermediates.noindex/FitTrackPro.build/Debug-iphonesimulator/FitTrackProWidgetExtension.build/FitTrackProWidgetExtension-ExecutorLinkFileList-normal-arm64.txt
note: Using stub executor library with Swift entry point. (in target 'FitTrackProWidgetExtension' from project 'FitTrackPro')

SwiftEmitModule normal x86_64 Emitting\ module\ for\ FitTrackPro (in target 'FitTrackPro' from project 'FitTrackPro')

EmitSwiftModule normal x86_64 (in target 'FitTrackPro' from project 'FitTrackPro')
    cd /Users/p016324/.gemini/antigravity/scratch/FitTrackPro
    

Ld /Users/p016324/Library/Developer/Xcode/DerivedData/FitTrackPro-dfuxzyqazqijhrdhlxwuokwbmmia/Build/Intermediates.noindex/FitTrackPro.build/Debug-iphonesimulator/FitTrackProWidgetExtension.build/Objects-normal/arm64/Binary/FitTrackProWidgetExtension normal arm64 (in target 'FitTrackProWidgetExtension' from project 'FitTrackPro')
    cd /Users/p016324/.gemini/antigravity/scratch/FitTrackPro
    /Applications/Xcode.app/Contents/Developer/Toolchains/XcodeDefault.xctoolchain/usr/bin/clang -Xlinker -reproducible -target arm64-apple-ios26.5-simulator -isysroot /Applications/Xcode.app/Contents/Developer/Platforms/iPhoneSimulator.platform/Developer/SDKs/iPhoneSimulator26.5.sdk -O0 -L/Users/p016324/Library/Developer/Xcode/DerivedData/FitTrackPro-dfuxzyqazqijhrdhlxwuokwbmmia/Build/Products/Debug-iphonesimulator -F/Users/p016324/Library/Developer/Xcode/DerivedData/FitTrackPro-dfuxzyqazqijhrdhlxwuokwbmmia/Build/Products/Debug-iphonesimulator -Xlinker -rpath -Xlinker @executable_path -Xlinker -rpath -Xlinker @executable_path/Frameworks -Xlinker -rpath -Xlinker @executable_path/../../Frameworks -rdynamic -Xlinker -no_deduplicate -Xlinker -objc_abi_version -Xlinker 2 -e ___debug_blank_executor_main -Xlinker -sectcreate -Xlinker __TEXT -Xlinker __debug_dylib -Xlinker /Users/p016324/Library/Developer/Xcode/DerivedData/FitTrackPro-dfuxzyqazqijhrdhlxwuokwbmmia/Build/Intermediates.noindex/FitTrackPro.build/Debug-iphonesimulator/FitTrackProWidgetExtension.build/FitTrackProWidgetExtension-DebugDylibPath-normal-arm64.txt -Xlinker -sectcreate -Xlinker __TEXT -Xlinker __debug_entry -Xlinker /Users/p016324/Library/Developer/Xcode/DerivedData/FitTrackPro-dfuxzyqazqijhrdhlxwuokwbmmia/Build/Intermediates.noindex/FitTrackPro.build/Debug-iphonesimulator/FitTrackProWidgetExtension.build/FitTrackProWidgetExtension-DebugEntryPoint-normal-arm64.txt -Xlinker -sectcreate -Xlinker __TEXT -Xlinker __debug_instlnm -Xlinker /Users/p016324/Library/Developer/Xcode/DerivedData/FitTrackPro-dfuxzyqazqijhrdhlxwuokwbmmia/Build/Intermediates.noindex/FitTrackPro.build/Debug-iphonesimulator/FitTrackProWidgetExtension.build/FitTrackProWidgetExtension-DebugDylibInstallName-normal-arm64.txt -Xlinker -filelist -Xlinker /Users/p016324/Library/Developer/Xcode/DerivedData/FitTrackPro-dfuxzyqazqijhrdhlxwuokwbmmia/Build/Intermediates.noindex/FitTrackPro.build/Debug-iphonesimulator/FitTrackProWidgetExtension.build/FitTrackProWidgetExtension-ExecutorLinkFileList-normal-arm64.txt -Xlinker -sectcreate -Xlinker __TEXT -Xlinker __entitlements -Xlinker /Users/p016324/Library/Developer/Xcode/DerivedData/FitTrackPro-dfuxzyqazqijhrdhlxwuokwbmmia/Build/Intermediates.noindex/FitTrackPro.build/Debug-iphonesimulator/FitTrackProWidgetExtension.build/FitTrackProWidgetExtension.appex-Simulated.xcent -Xlinker -sectcreate -Xlinker __TEXT -Xlinker __ents_der -Xlinker /Users/p016324/Library/Developer/Xcode/DerivedData/FitTrackPro-dfuxzyqazqijhrdhlxwuokwbmmia/Build/Intermediates.noindex/FitTrackPro.build/Debug-iphonesimulator/FitTrackProWidgetExtension.build/FitTrackProWidgetExtension.appex-Simulated.xcent.der /Users/p016324/Library/Developer/Xcode/DerivedData/FitTrackPro-dfuxzyqazqijhrdhlxwuokwbmmia/Build/Intermediates.noindex/FitTrackPro.build/Debug-iphonesimulator/FitTrackProWidgetExtension.build/Objects-normal/arm64/Binary/FitTrackProWidgetExtension.debug.dylib -Xlinker -no_adhoc_codesign -o /Users/p016324/Library/Developer/Xcode/DerivedData/FitTrackPro-dfuxzyqazqijhrdhlxwuokwbmmia/Build/Intermediates.noindex/FitTrackPro.build/Debug-iphonesimulator/FitTrackProWidgetExtension.build/Objects-normal/arm64/Binary/FitTrackProWidgetExtension

SwiftCompile normal arm64 Compiling\ SavedFoodFormView.swift,\ WaterEntry.swift,\ SleepEntry.swift,\ WaterTrackerCard.swift,\ SleepTrackerCard.swift,\ RecoveryCard.swift,\ WaterTrackerView.swift,\ WaterEntryFormView.swift /Users/p016324/.gemini/antigravity/scratch/FitTrackPro/Features/Nutrition/SavedFoodFormView.swift /Users/p016324/.gemini/antigravity/scratch/FitTrackPro/Core/Models/WaterEntry.swift /Users/p016324/.gemini/antigravity/scratch/FitTrackPro/Core/Models/SleepEntry.swift /Users/p016324/.gemini/antigravity/scratch/FitTrackPro/Features/Dashboard/WaterTrackerCard.swift /Users/p016324/.gemini/antigravity/scratch/FitTrackPro/Features/Dashboard/SleepTrackerCard.swift /Users/p016324/.gemini/antigravity/scratch/FitTrackPro/Features/Dashboard/RecoveryCard.swift /Users/p016324/.gemini/antigravity/scratch/FitTrackPro/Features/WaterTracker/WaterTrackerView.swift /Users/p016324/.gemini/antigravity/scratch/FitTrackPro/Features/WaterTracker/WaterEntryFormView.swift (in target 'FitTrackPro' from project 'FitTrackPro')

SwiftCompile normal arm64 /Users/p016324/.gemini/antigravity/scratch/FitTrackPro/Features/Nutrition/SavedFoodFormView.swift (in target 'FitTrackPro' from project 'FitTrackPro')
    cd /Users/p016324/.gemini/antigravity/scratch/FitTrackPro
    

SwiftCompile normal arm64 /Users/p016324/.gemini/antigravity/scratch/FitTrackPro/Core/Models/WaterEntry.swift (in target 'FitTrackPro' from project 'FitTrackPro')
    cd /Users/p016324/.gemini/antigravity/scratch/FitTrackPro
    

SwiftCompile normal arm64 /Users/p016324/.gemini/antigravity/scratch/FitTrackPro/Core/Models/SleepEntry.swift (in target 'FitTrackPro' from project 'FitTrackPro')
    cd /Users/p016324/.gemini/antigravity/scratch/FitTrackPro
    

SwiftCompile normal arm64 /Users/p016324/.gemini/antigravity/scratch/FitTrackPro/Features/Dashboard/WaterTrackerCard.swift (in target 'FitTrackPro' from project 'FitTrackPro')
    cd /Users/p016324/.gemini/antigravity/scratch/FitTrackPro
    

SwiftCompile normal arm64 /Users/p016324/.gemini/antigravity/scratch/FitTrackPro/Features/Dashboard/SleepTrackerCard.swift (in target 'FitTrackPro' from project 'FitTrackPro')
    cd /Users/p016324/.gemini/antigravity/scratch/FitTrackPro
    

SwiftCompile normal arm64 /Users/p016324/.gemini/antigravity/scratch/FitTrackPro/Features/Dashboard/RecoveryCard.swift (in target 'FitTrackPro' from project 'FitTrackPro')
    cd /Users/p016324/.gemini/antigravity/scratch/FitTrackPro
    

SwiftCompile normal arm64 /Users/p016324/.gemini/antigravity/scratch/FitTrackPro/Features/WaterTracker/WaterTrackerView.swift (in target 'FitTrackPro' from project 'FitTrackPro')
    cd /Users/p016324/.gemini/antigravity/scratch/FitTrackPro
    
/Users/p016324/.gemini/antigravity/scratch/FitTrackPro/Features/WaterTracker/WaterTrackerView.swift:331:21: warning: '+' was deprecated in iOS 26.0: Use string interpolation on `Text` instead: `Text("Hello \(name)")`
                    + Text(" ml").font(.body).foregroundColor(.secondary)
                    ^

SwiftCompile normal arm64 /Users/p016324/.gemini/antigravity/scratch/FitTrackPro/Features/WaterTracker/WaterEntryFormView.swift (in target 'FitTrackPro' from project 'FitTrackPro')
    cd /Users/p016324/.gemini/antigravity/scratch/FitTrackPro
    

CreateUniversalBinary /Users/p016324/Library/Developer/Xcode/DerivedData/FitTrackPro-dfuxzyqazqijhrdhlxwuokwbmmia/Build/Products/Debug-iphonesimulator/FitTrackProWidgetExtension.appex/FitTrackProWidgetExtension normal arm64\ x86_64 (in target 'FitTrackProWidgetExtension' from project 'FitTrackPro')
    cd /Users/p016324/.gemini/antigravity/scratch/FitTrackPro
    /Applications/Xcode.app/Contents/Developer/Toolchains/XcodeDefault.xctoolchain/usr/bin/lipo -create /Users/p016324/Library/Developer/Xcode/DerivedData/FitTrackPro-dfuxzyqazqijhrdhlxwuokwbmmia/Build/Intermediates.noindex/FitTrackPro.build/Debug-iphonesimulator/FitTrackProWidgetExtension.build/Objects-normal/arm64/Binary/FitTrackProWidgetExtension /Users/p016324/Library/Developer/Xcode/DerivedData/FitTrackPro-dfuxzyqazqijhrdhlxwuokwbmmia/Build/Intermediates.noindex/FitTrackPro.build/Debug-iphonesimulator/FitTrackProWidgetExtension.build/Objects-normal/x86_64/Binary/FitTrackProWidgetExtension -output /Users/p016324/Library/Developer/Xcode/DerivedData/FitTrackPro-dfuxzyqazqijhrdhlxwuokwbmmia/Build/Products/Debug-iphonesimulator/FitTrackProWidgetExtension.appex/FitTrackProWidgetExtension

SwiftDriverJobDiscovery normal x86_64 Compiling DailyLog.swift, Exercise.swift, SettingsView.swift, NotificationNames.swift, Logger+App.swift, TrainingPlan+Grouping.swift, ThemeManager.swift, ExerciseIconView.swift (in target 'FitTrackPro' from project 'FitTrackPro')

SwiftCompile normal arm64 Compiling\ DashboardWidgetsSmall.swift,\ DashboardWidgetsLarge.swift,\ EnergyCalculator.swift,\ EnergyResult.swift,\ EnergyDetailView.swift,\ EnergyCard.swift,\ DashboardDragDrop.swift,\ GeneratedAssetSymbols.swift /Users/p016324/.gemini/antigravity/scratch/FitTrackPro/Features/Dashboard/DashboardWidgetsSmall.swift /Users/p016324/.gemini/antigravity/scratch/FitTrackPro/Features/Dashboard/DashboardWidgetsLarge.swift /Users/p016324/.gemini/antigravity/scratch/FitTrackPro/Features/Energy/EnergyCalculator.swift /Users/p016324/.gemini/antigravity/scratch/FitTrackPro/Features/Energy/EnergyResult.swift /Users/p016324/.gemini/antigravity/scratch/FitTrackPro/Features/Energy/EnergyDetailView.swift /Users/p016324/.gemini/antigravity/scratch/FitTrackPro/Features/Dashboard/EnergyCard.swift /Users/p016324/.gemini/antigravity/scratch/FitTrackPro/Features/Dashboard/DashboardDragDrop.swift /Users/p016324/Library/Developer/Xcode/DerivedData/FitTrackPro-dfuxzyqazqijhrdhlxwuokwbmmia/Build/Intermediates.noindex/FitTrackPro.build/Debug-iphonesimulator/FitTrackPro.build/DerivedSources/GeneratedAssetSymbols.swift (in target 'FitTrackPro' from project 'FitTrackPro')

SwiftCompile normal arm64 /Users/p016324/.gemini/antigravity/scratch/FitTrackPro/Features/Dashboard/DashboardWidgetsSmall.swift (in target 'FitTrackPro' from project 'FitTrackPro')
    cd /Users/p016324/.gemini/antigravity/scratch/FitTrackPro
    

SwiftCompile normal arm64 /Users/p016324/.gemini/antigravity/scratch/FitTrackPro/Features/Dashboard/DashboardWidgetsLarge.swift (in target 'FitTrackPro' from project 'FitTrackPro')
    cd /Users/p016324/.gemini/antigravity/scratch/FitTrackPro
    

SwiftCompile normal arm64 /Users/p016324/.gemini/antigravity/scratch/FitTrackPro/Features/Energy/EnergyCalculator.swift (in target 'FitTrackPro' from project 'FitTrackPro')
    cd /Users/p016324/.gemini/antigravity/scratch/FitTrackPro
    

SwiftCompile normal arm64 /Users/p016324/.gemini/antigravity/scratch/FitTrackPro/Features/Energy/EnergyResult.swift (in target 'FitTrackPro' from project 'FitTrackPro')
    cd /Users/p016324/.gemini/antigravity/scratch/FitTrackPro
    

SwiftCompile normal arm64 /Users/p016324/.gemini/antigravity/scratch/FitTrackPro/Features/Energy/EnergyDetailView.swift (in target 'FitTrackPro' from project 'FitTrackPro')
    cd /Users/p016324/.gemini/antigravity/scratch/FitTrackPro
    

SwiftCompile normal arm64 /Users/p016324/.gemini/antigravity/scratch/FitTrackPro/Features/Dashboard/EnergyCard.swift (in target 'FitTrackPro' from project 'FitTrackPro')
    cd /Users/p016324/.gemini/antigravity/scratch/FitTrackPro
    

SwiftCompile normal arm64 /Users/p016324/.gemini/antigravity/scratch/FitTrackPro/Features/Dashboard/DashboardDragDrop.swift (in target 'FitTrackPro' from project 'FitTrackPro')
    cd /Users/p016324/.gemini/antigravity/scratch/FitTrackPro
    
/Users/p016324/.gemini/antigravity/scratch/FitTrackPro/Features/Dashboard/DashboardDragDrop.swift:26:14: warning: 'onChange(of:perform:)' was deprecated in iOS 17.0: Use `onChange` with a two or zero parameter action closure instead.
            .onChange(of: isEnabled) { enabled in
             ^
/Users/p016324/.gemini/antigravity/scratch/FitTrackPro/Features/Dashboard/DashboardDragDrop.swift:114:35: warning: main actor-isolated conformance of 'DashboardCardSizeKey' to 'LayoutValueKey' cannot be used in nonisolated context; this is an error in the Swift 6 language mode
            let sizeType = subview[DashboardCardSizeKey.self]
                                  ^
/Users/p016324/.gemini/antigravity/scratch/FitTrackPro/Features/Dashboard/DashboardDragDrop.swift:142:35: warning: main actor-isolated conformance of 'DashboardCardSizeKey' to 'LayoutValueKey' cannot be used in nonisolated context; this is an error in the Swift 6 language mode
            let sizeType = subview[DashboardCardSizeKey.self]
                                  ^

SwiftCompile normal arm64 /Users/p016324/Library/Developer/Xcode/DerivedData/FitTrackPro-dfuxzyqazqijhrdhlxwuokwbmmia/Build/Intermediates.noindex/FitTrackPro.build/Debug-iphonesimulator/FitTrackPro.build/DerivedSources/GeneratedAssetSymbols.swift (in target 'FitTrackPro' from project 'FitTrackPro')
    cd /Users/p016324/.gemini/antigravity/scratch/FitTrackPro
    

SwiftDriverJobDiscovery normal x86_64 Emitting module for FitTrackPro (in target 'FitTrackPro' from project 'FitTrackPro')

SwiftCompile normal arm64 Compiling\ NutritionDashboardView.swift,\ FoodEntryFormView.swift,\ BarcodeScannerView.swift,\ FoodSearchView.swift,\ MealDetailView.swift,\ FoodEntryDetailView.swift,\ DashboardView.swift,\ WeightTrackerView.swift /Users/p016324/.gemini/antigravity/scratch/FitTrackPro/Features/Nutrition/NutritionDashboardView.swift /Users/p016324/.gemini/antigravity/scratch/FitTrackPro/Features/Nutrition/FoodEntryFormView.swift /Users/p016324/.gemini/antigravity/scratch/FitTrackPro/Features/Nutrition/BarcodeScannerView.swift /Users/p016324/.gemini/antigravity/scratch/FitTrackPro/Features/Nutrition/FoodSearchView.swift /Users/p016324/.gemini/antigravity/scratch/FitTrackPro/Features/Nutrition/MealDetailView.swift /Users/p016324/.gemini/antigravity/scratch/FitTrackPro/Features/Nutrition/FoodEntryDetailView.swift /Users/p016324/.gemini/antigravity/scratch/FitTrackPro/Features/Dashboard/DashboardView.swift /Users/p016324/.gemini/antigravity/scratch/FitTrackPro/Features/WeightTracker/WeightTrackerView.swift (in target 'FitTrackPro' from project 'FitTrackPro')

SwiftCompile normal arm64 /Users/p016324/.gemini/antigravity/scratch/FitTrackPro/Features/Nutrition/NutritionDashboardView.swift (in target 'FitTrackPro' from project 'FitTrackPro')
    cd /Users/p016324/.gemini/antigravity/scratch/FitTrackPro
    

SwiftCompile normal arm64 /Users/p016324/.gemini/antigravity/scratch/FitTrackPro/Features/Nutrition/FoodEntryFormView.swift (in target 'FitTrackPro' from project 'FitTrackPro')
    cd /Users/p016324/.gemini/antigravity/scratch/FitTrackPro
    

SwiftCompile normal arm64 /Users/p016324/.gemini/antigravity/scratch/FitTrackPro/Features/Nutrition/BarcodeScannerView.swift (in target 'FitTrackPro' from project 'FitTrackPro')
    cd /Users/p016324/.gemini/antigravity/scratch/FitTrackPro
    

SwiftCompile normal arm64 /Users/p016324/.gemini/antigravity/scratch/FitTrackPro/Features/Nutrition/FoodSearchView.swift (in target 'FitTrackPro' from project 'FitTrackPro')
    cd /Users/p016324/.gemini/antigravity/scratch/FitTrackPro
    
/Users/p016324/.gemini/antigravity/scratch/FitTrackPro/Features/Nutrition/FoodSearchView.swift:152:24: warning: value 'onIngredientSelected' was defined but never used; consider replacing with boolean test
                if let onIngredientSelected = onIngredientSelected {
                   ~~~~^~~~~~~~~~~~~~~~~~~~~~~
                                                                   != nil

SwiftCompile normal arm64 /Users/p016324/.gemini/antigravity/scratch/FitTrackPro/Features/Nutrition/MealDetailView.swift (in target 'FitTrackPro' from project 'FitTrackPro')
    cd /Users/p016324/.gemini/antigravity/scratch/FitTrackPro
    

SwiftCompile normal arm64 /Users/p016324/.gemini/antigravity/scratch/FitTrackPro/Features/Nutrition/FoodEntryDetailView.swift (in target 'FitTrackPro' from project 'FitTrackPro')
    cd /Users/p016324/.gemini/antigravity/scratch/FitTrackPro
    

SwiftCompile normal arm64 /Users/p016324/.gemini/antigravity/scratch/FitTrackPro/Features/Dashboard/DashboardView.swift (in target 'FitTrackPro' from project 'FitTrackPro')
    cd /Users/p016324/.gemini/antigravity/scratch/FitTrackPro
    

SwiftCompile normal arm64 /Users/p016324/.gemini/antigravity/scratch/FitTrackPro/Features/WeightTracker/WeightTrackerView.swift (in target 'FitTrackPro' from project 'FitTrackPro')
    cd /Users/p016324/.gemini/antigravity/scratch/FitTrackPro
    
/Users/p016324/.gemini/antigravity/scratch/FitTrackPro/Features/WeightTracker/WeightTrackerView.swift:338:21: warning: '+' was deprecated in iOS 26.0: Use string interpolation on `Text` instead: `Text("Hello \(name)")`
                    + Text(" kg").font(.body).foregroundColor(.secondary)
                    ^

SwiftDriverJobDiscovery normal arm64 Emitting module for FitTrackPro (in target 'FitTrackPro' from project 'FitTrackPro')

SwiftDriver\ Compilation\ Requirements FitTrackPro normal x86_64 com.apple.xcode.tools.swift.compiler (in target 'FitTrackPro' from project 'FitTrackPro')
    cd /Users/p016324/.gemini/antigravity/scratch/FitTrackPro
    builtin-Swift-Compilation-Requirements -- /Applications/Xcode.app/Contents/Developer/Toolchains/XcodeDefault.xctoolchain/usr/bin/swiftc -module-name FitTrackPro -Onone @/Users/p016324/Library/Developer/Xcode/DerivedData/FitTrackPro-dfuxzyqazqijhrdhlxwuokwbmmia/Build/Intermediates.noindex/FitTrackPro.build/Debug-iphonesimulator/FitTrackPro.build/Objects-normal/x86_64/FitTrackPro.SwiftFileList -DDEBUG -default-isolation\=MainActor -enable-bare-slash-regex -enable-upcoming-feature DisableOutwardActorInference -enable-upcoming-feature InferSendableFromCaptures -enable-upcoming-feature GlobalActorIsolatedTypesUsability -enable-upcoming-feature MemberImportVisibility -enable-upcoming-feature InferIsolatedConformances -enable-upcoming-feature NonisolatedNonsendingByDefault -enable-experimental-feature DebugDescriptionMacro -sdk /Applications/Xcode.app/Contents/Developer/Platforms/iPhoneSimulator.platform/Developer/SDKs/iPhoneSimulator26.5.sdk -target x86_64-apple-ios26.5-simulator -g -module-cache-path /Users/p016324/Library/Developer/Xcode/DerivedData/ModuleCache.noindex -Xfrontend -serialize-debugging-options -enable-testing -index-store-path /Users/p016324/Library/Developer/Xcode/DerivedData/FitTrackPro-dfuxzyqazqijhrdhlxwuokwbmmia/Index.noindex/DataStore -Xcc -D_LIBCPP_HARDENING_MODE\=_LIBCPP_HARDENING_MODE_DEBUG -swift-version 5 -I /Users/p016324/Library/Developer/Xcode/DerivedData/FitTrackPro-dfuxzyqazqijhrdhlxwuokwbmmia/Build/Products/Debug-iphonesimulator -F /Users/p016324/Library/Developer/Xcode/DerivedData/FitTrackPro-dfuxzyqazqijhrdhlxwuokwbmmia/Build/Products/Debug-iphonesimulator -emit-localized-strings -emit-localized-strings-path /Users/p016324/Library/Developer/Xcode/DerivedData/FitTrackPro-dfuxzyqazqijhrdhlxwuokwbmmia/Build/Intermediates.noindex/FitTrackPro.build/Debug-iphonesimulator/FitTrackPro.build/Objects-normal/x86_64 -c -j12 -enable-batch-mode -incremental -Xcc -ivfsstatcache -Xcc /Users/p016324/Library/Developer/Xcode/DerivedData/SDKStatCaches.noindex/iphonesimulator26.5-23F81a-6cfe768891a92b912361537c460fe42b.sdkstatcache -output-file-map /Users/p016324/Library/Developer/Xcode/DerivedData/FitTrackPro-dfuxzyqazqijhrdhlxwuokwbmmia/Build/Intermediates.noindex/FitTrackPro.build/Debug-iphonesimulator/FitTrackPro.build/Objects-normal/x86_64/FitTrackPro-OutputFileMap.json -use-frontend-parseable-output -save-temps -no-color-diagnostics -explicit-module-build -module-cache-path /Users/p016324/Library/Developer/Xcode/DerivedData/FitTrackPro-dfuxzyqazqijhrdhlxwuokwbmmia/Build/Intermediates.noindex/SwiftExplicitPrecompiledModules -clang-scanner-module-cache-path /Users/p016324/Library/Developer/Xcode/DerivedData/ModuleCache.noindex -sdk-module-cache-path /Users/p016324/Library/Developer/Xcode/DerivedData/ModuleCache.noindex -serialize-diagnostics -emit-dependencies -emit-module -emit-module-path /Users/p016324/Library/Developer/Xcode/DerivedData/FitTrackPro-dfuxzyqazqijhrdhlxwuokwbmmia/Build/Intermediates.noindex/FitTrackPro.build/Debug-iphonesimulator/FitTrackPro.build/Objects-normal/x86_64/FitTrackPro.swiftmodule -validate-clang-modules-once -clang-build-session-file /Users/p016324/Library/Developer/Xcode/DerivedData/ModuleCache.noindex/Session.modulevalidation -Xcc -I/Users/p016324/Library/Developer/Xcode/DerivedData/FitTrackPro-dfuxzyqazqijhrdhlxwuokwbmmia/Build/Intermediates.noindex/FitTrackPro.build/Debug-iphonesimulator/FitTrackPro.build/swift-overrides.hmap -emit-const-values -Xfrontend -const-gather-protocols-file -Xfrontend /Users/p016324/Library/Developer/Xcode/DerivedData/FitTrackPro-dfuxzyqazqijhrdhlxwuokwbmmia/Build/Intermediates.noindex/FitTrackPro.build/Debug-iphonesimulator/FitTrackPro.build/Objects-normal/x86_64/FitTrackPro_const_extract_protocols.json -Xcc -iquote -Xcc /Users/p016324/Library/Developer/Xcode/DerivedData/FitTrackPro-dfuxzyqazqijhrdhlxwuokwbmmia/Build/Intermediates.noindex/FitTrackPro.build/Debug-iphonesimulator/FitTrackPro.build/FitTrackPro-generated-files.hmap -Xcc -I/Users/p016324/Library/Developer/Xcode/DerivedData/FitTrackPro-dfuxzyqazqijhrdhlxwuokwbmmia/Build/Intermediates.noindex/FitTrackPro.build/Debug-iphonesimulator/FitTrackPro.build/FitTrackPro-own-target-headers.hmap -Xcc -I/Users/p016324/Library/Developer/Xcode/DerivedData/FitTrackPro-dfuxzyqazqijhrdhlxwuokwbmmia/Build/Intermediates.noindex/FitTrackPro.build/Debug-iphonesimulator/FitTrackPro.build/FitTrackPro-all-target-headers.hmap -Xcc -iquote -Xcc /Users/p016324/Library/Developer/Xcode/DerivedData/FitTrackPro-dfuxzyqazqijhrdhlxwuokwbmmia/Build/Intermediates.noindex/FitTrackPro.build/Debug-iphonesimulator/FitTrackPro.build/FitTrackPro-project-headers.hmap -Xcc -I/Users/p016324/Library/Developer/Xcode/DerivedData/FitTrackPro-dfuxzyqazqijhrdhlxwuokwbmmia/Build/Products/Debug-iphonesimulator/include -Xcc -I/Users/p016324/Library/Developer/Xcode/DerivedData/FitTrackPro-dfuxzyqazqijhrdhlxwuokwbmmia/Build/Intermediates.noindex/FitTrackPro.build/Debug-iphonesimulator/FitTrackPro.build/DerivedSources-normal/x86_64 -Xcc -I/Users/p016324/Library/Developer/Xcode/DerivedData/FitTrackPro-dfuxzyqazqijhrdhlxwuokwbmmia/Build/Intermediates.noindex/FitTrackPro.build/Debug-iphonesimulator/FitTrackPro.build/DerivedSources/x86_64 -Xcc -I/Users/p016324/Library/Developer/Xcode/DerivedData/FitTrackPro-dfuxzyqazqijhrdhlxwuokwbmmia/Build/Intermediates.noindex/FitTrackPro.build/Debug-iphonesimulator/FitTrackPro.build/DerivedSources -Xcc -DDEBUG\=1 -emit-objc-header -emit-objc-header-path /Users/p016324/Library/Developer/Xcode/DerivedData/FitTrackPro-dfuxzyqazqijhrdhlxwuokwbmmia/Build/Intermediates.noindex/FitTrackPro.build/Debug-iphonesimulator/FitTrackPro.build/Objects-normal/x86_64/FitTrackPro-Swift.h -working-directory /Users/p016324/.gemini/antigravity/scratch/FitTrackPro -experimental-emit-module-separately -disable-cmo

SwiftDriver\ Compilation\ Requirements FitTrackPro normal arm64 com.apple.xcode.tools.swift.compiler (in target 'FitTrackPro' from project 'FitTrackPro')
    cd /Users/p016324/.gemini/antigravity/scratch/FitTrackPro
    builtin-Swift-Compilation-Requirements -- /Applications/Xcode.app/Contents/Developer/Toolchains/XcodeDefault.xctoolchain/usr/bin/swiftc -module-name FitTrackPro -Onone @/Users/p016324/Library/Developer/Xcode/DerivedData/FitTrackPro-dfuxzyqazqijhrdhlxwuokwbmmia/Build/Intermediates.noindex/FitTrackPro.build/Debug-iphonesimulator/FitTrackPro.build/Objects-normal/arm64/FitTrackPro.SwiftFileList -DDEBUG -default-isolation\=MainActor -enable-bare-slash-regex -enable-upcoming-feature DisableOutwardActorInference -enable-upcoming-feature InferSendableFromCaptures -enable-upcoming-feature GlobalActorIsolatedTypesUsability -enable-upcoming-feature MemberImportVisibility -enable-upcoming-feature InferIsolatedConformances -enable-upcoming-feature NonisolatedNonsendingByDefault -enable-experimental-feature DebugDescriptionMacro -sdk /Applications/Xcode.app/Contents/Developer/Platforms/iPhoneSimulator.platform/Developer/SDKs/iPhoneSimulator26.5.sdk -target arm64-apple-ios26.5-simulator -g -module-cache-path /Users/p016324/Library/Developer/Xcode/DerivedData/ModuleCache.noindex -Xfrontend -serialize-debugging-options -enable-testing -index-store-path /Users/p016324/Library/Developer/Xcode/DerivedData/FitTrackPro-dfuxzyqazqijhrdhlxwuokwbmmia/Index.noindex/DataStore -Xcc -D_LIBCPP_HARDENING_MODE\=_LIBCPP_HARDENING_MODE_DEBUG -swift-version 5 -I /Users/p016324/Library/Developer/Xcode/DerivedData/FitTrackPro-dfuxzyqazqijhrdhlxwuokwbmmia/Build/Products/Debug-iphonesimulator -F /Users/p016324/Library/Developer/Xcode/DerivedData/FitTrackPro-dfuxzyqazqijhrdhlxwuokwbmmia/Build/Products/Debug-iphonesimulator -emit-localized-strings -emit-localized-strings-path /Users/p016324/Library/Developer/Xcode/DerivedData/FitTrackPro-dfuxzyqazqijhrdhlxwuokwbmmia/Build/Intermediates.noindex/FitTrackPro.build/Debug-iphonesimulator/FitTrackPro.build/Objects-normal/arm64 -c -j12 -enable-batch-mode -incremental -Xcc -ivfsstatcache -Xcc /Users/p016324/Library/Developer/Xcode/DerivedData/SDKStatCaches.noindex/iphonesimulator26.5-23F81a-6cfe768891a92b912361537c460fe42b.sdkstatcache -output-file-map /Users/p016324/Library/Developer/Xcode/DerivedData/FitTrackPro-dfuxzyqazqijhrdhlxwuokwbmmia/Build/Intermediates.noindex/FitTrackPro.build/Debug-iphonesimulator/FitTrackPro.build/Objects-normal/arm64/FitTrackPro-OutputFileMap.json -use-frontend-parseable-output -save-temps -no-color-diagnostics -explicit-module-build -module-cache-path /Users/p016324/Library/Developer/Xcode/DerivedData/FitTrackPro-dfuxzyqazqijhrdhlxwuokwbmmia/Build/Intermediates.noindex/SwiftExplicitPrecompiledModules -clang-scanner-module-cache-path /Users/p016324/Library/Developer/Xcode/DerivedData/ModuleCache.noindex -sdk-module-cache-path /Users/p016324/Library/Developer/Xcode/DerivedData/ModuleCache.noindex -serialize-diagnostics -emit-dependencies -emit-module -emit-module-path /Users/p016324/Library/Developer/Xcode/DerivedData/FitTrackPro-dfuxzyqazqijhrdhlxwuokwbmmia/Build/Intermediates.noindex/FitTrackPro.build/Debug-iphonesimulator/FitTrackPro.build/Objects-normal/arm64/FitTrackPro.swiftmodule -validate-clang-modules-once -clang-build-session-file /Users/p016324/Library/Developer/Xcode/DerivedData/ModuleCache.noindex/Session.modulevalidation -Xcc -I/Users/p016324/Library/Developer/Xcode/DerivedData/FitTrackPro-dfuxzyqazqijhrdhlxwuokwbmmia/Build/Intermediates.noindex/FitTrackPro.build/Debug-iphonesimulator/FitTrackPro.build/swift-overrides.hmap -emit-const-values -Xfrontend -const-gather-protocols-file -Xfrontend /Users/p016324/Library/Developer/Xcode/DerivedData/FitTrackPro-dfuxzyqazqijhrdhlxwuokwbmmia/Build/Intermediates.noindex/FitTrackPro.build/Debug-iphonesimulator/FitTrackPro.build/Objects-normal/arm64/FitTrackPro_const_extract_protocols.json -Xcc -iquote -Xcc /Users/p016324/Library/Developer/Xcode/DerivedData/FitTrackPro-dfuxzyqazqijhrdhlxwuokwbmmia/Build/Intermediates.noindex/FitTrackPro.build/Debug-iphonesimulator/FitTrackPro.build/FitTrackPro-generated-files.hmap -Xcc -I/Users/p016324/Library/Developer/Xcode/DerivedData/FitTrackPro-dfuxzyqazqijhrdhlxwuokwbmmia/Build/Intermediates.noindex/FitTrackPro.build/Debug-iphonesimulator/FitTrackPro.build/FitTrackPro-own-target-headers.hmap -Xcc -I/Users/p016324/Library/Developer/Xcode/DerivedData/FitTrackPro-dfuxzyqazqijhrdhlxwuokwbmmia/Build/Intermediates.noindex/FitTrackPro.build/Debug-iphonesimulator/FitTrackPro.build/FitTrackPro-all-target-headers.hmap -Xcc -iquote -Xcc /Users/p016324/Library/Developer/Xcode/DerivedData/FitTrackPro-dfuxzyqazqijhrdhlxwuokwbmmia/Build/Intermediates.noindex/FitTrackPro.build/Debug-iphonesimulator/FitTrackPro.build/FitTrackPro-project-headers.hmap -Xcc -I/Users/p016324/Library/Developer/Xcode/DerivedData/FitTrackPro-dfuxzyqazqijhrdhlxwuokwbmmia/Build/Products/Debug-iphonesimulator/include -Xcc -I/Users/p016324/Library/Developer/Xcode/DerivedData/FitTrackPro-dfuxzyqazqijhrdhlxwuokwbmmia/Build/Intermediates.noindex/FitTrackPro.build/Debug-iphonesimulator/FitTrackPro.build/DerivedSources-normal/arm64 -Xcc -I/Users/p016324/Library/Developer/Xcode/DerivedData/FitTrackPro-dfuxzyqazqijhrdhlxwuokwbmmia/Build/Intermediates.noindex/FitTrackPro.build/Debug-iphonesimulator/FitTrackPro.build/DerivedSources/arm64 -Xcc -I/Users/p016324/Library/Developer/Xcode/DerivedData/FitTrackPro-dfuxzyqazqijhrdhlxwuokwbmmia/Build/Intermediates.noindex/FitTrackPro.build/Debug-iphonesimulator/FitTrackPro.build/DerivedSources -Xcc -DDEBUG\=1 -emit-objc-header -emit-objc-header-path /Users/p016324/Library/Developer/Xcode/DerivedData/FitTrackPro-dfuxzyqazqijhrdhlxwuokwbmmia/Build/Intermediates.noindex/FitTrackPro.build/Debug-iphonesimulator/FitTrackPro.build/Objects-normal/arm64/FitTrackPro-Swift.h -working-directory /Users/p016324/.gemini/antigravity/scratch/FitTrackPro -experimental-emit-module-separately -disable-cmo

Copy /Users/p016324/Library/Developer/Xcode/DerivedData/FitTrackPro-dfuxzyqazqijhrdhlxwuokwbmmia/Build/Products/Debug-iphonesimulator/FitTrackPro.swiftmodule/x86_64-apple-ios-simulator.swiftmodule /Users/p016324/Library/Developer/Xcode/DerivedData/FitTrackPro-dfuxzyqazqijhrdhlxwuokwbmmia/Build/Intermediates.noindex/FitTrackPro.build/Debug-iphonesimulator/FitTrackPro.build/Objects-normal/x86_64/FitTrackPro.swiftmodule (in target 'FitTrackPro' from project 'FitTrackPro')
    cd /Users/p016324/.gemini/antigravity/scratch/FitTrackPro
    builtin-copy -exclude .DS_Store -exclude CVS -exclude .svn -exclude .git -exclude .hg -resolve-src-symlinks -rename /Users/p016324/Library/Developer/Xcode/DerivedData/FitTrackPro-dfuxzyqazqijhrdhlxwuokwbmmia/Build/Intermediates.noindex/FitTrackPro.build/Debug-iphonesimulator/FitTrackPro.build/Objects-normal/x86_64/FitTrackPro.swiftmodule /Users/p016324/Library/Developer/Xcode/DerivedData/FitTrackPro-dfuxzyqazqijhrdhlxwuokwbmmia/Build/Products/Debug-iphonesimulator/FitTrackPro.swiftmodule/x86_64-apple-ios-simulator.swiftmodule

SwiftMergeGeneratedHeaders /Users/p016324/Library/Developer/Xcode/DerivedData/FitTrackPro-dfuxzyqazqijhrdhlxwuokwbmmia/Build/Intermediates.noindex/FitTrackPro.build/Debug-iphonesimulator/FitTrackPro.build/DerivedSources/FitTrackPro-Swift.h /Users/p016324/Library/Developer/Xcode/DerivedData/FitTrackPro-dfuxzyqazqijhrdhlxwuokwbmmia/Build/Intermediates.noindex/FitTrackPro.build/Debug-iphonesimulator/FitTrackPro.build/Objects-normal/arm64/FitTrackPro-Swift.h /Users/p016324/Library/Developer/Xcode/DerivedData/FitTrackPro-dfuxzyqazqijhrdhlxwuokwbmmia/Build/Intermediates.noindex/FitTrackPro.build/Debug-iphonesimulator/FitTrackPro.build/Objects-normal/x86_64/FitTrackPro-Swift.h (in target 'FitTrackPro' from project 'FitTrackPro')
    cd /Users/p016324/.gemini/antigravity/scratch/FitTrackPro
    builtin-swiftHeaderTool -arch arm64 /Users/p016324/Library/Developer/Xcode/DerivedData/FitTrackPro-dfuxzyqazqijhrdhlxwuokwbmmia/Build/Intermediates.noindex/FitTrackPro.build/Debug-iphonesimulator/FitTrackPro.build/Objects-normal/arm64/FitTrackPro-Swift.h -arch x86_64 /Users/p016324/Library/Developer/Xcode/DerivedData/FitTrackPro-dfuxzyqazqijhrdhlxwuokwbmmia/Build/Intermediates.noindex/FitTrackPro.build/Debug-iphonesimulator/FitTrackPro.build/Objects-normal/x86_64/FitTrackPro-Swift.h -o /Users/p016324/Library/Developer/Xcode/DerivedData/FitTrackPro-dfuxzyqazqijhrdhlxwuokwbmmia/Build/Intermediates.noindex/FitTrackPro.build/Debug-iphonesimulator/FitTrackPro.build/DerivedSources/FitTrackPro-Swift.h

Copy /Users/p016324/Library/Developer/Xcode/DerivedData/FitTrackPro-dfuxzyqazqijhrdhlxwuokwbmmia/Build/Products/Debug-iphonesimulator/FitTrackPro.swiftmodule/x86_64-apple-ios-simulator.swiftdoc /Users/p016324/Library/Developer/Xcode/DerivedData/FitTrackPro-dfuxzyqazqijhrdhlxwuokwbmmia/Build/Intermediates.noindex/FitTrackPro.build/Debug-iphonesimulator/FitTrackPro.build/Objects-normal/x86_64/FitTrackPro.swiftdoc (in target 'FitTrackPro' from project 'FitTrackPro')
    cd /Users/p016324/.gemini/antigravity/scratch/FitTrackPro
    builtin-copy -exclude .DS_Store -exclude CVS -exclude .svn -exclude .git -exclude .hg -resolve-src-symlinks -rename /Users/p016324/Library/Developer/Xcode/DerivedData/FitTrackPro-dfuxzyqazqijhrdhlxwuokwbmmia/Build/Intermediates.noindex/FitTrackPro.build/Debug-iphonesimulator/FitTrackPro.build/Objects-normal/x86_64/FitTrackPro.swiftdoc /Users/p016324/Library/Developer/Xcode/DerivedData/FitTrackPro-dfuxzyqazqijhrdhlxwuokwbmmia/Build/Products/Debug-iphonesimulator/FitTrackPro.swiftmodule/x86_64-apple-ios-simulator.swiftdoc

Copy /Users/p016324/Library/Developer/Xcode/DerivedData/FitTrackPro-dfuxzyqazqijhrdhlxwuokwbmmia/Build/Products/Debug-iphonesimulator/FitTrackPro.swiftmodule/x86_64-apple-ios-simulator.abi.json /Users/p016324/Library/Developer/Xcode/DerivedData/FitTrackPro-dfuxzyqazqijhrdhlxwuokwbmmia/Build/Intermediates.noindex/FitTrackPro.build/Debug-iphonesimulator/FitTrackPro.build/Objects-normal/x86_64/FitTrackPro.abi.json (in target 'FitTrackPro' from project 'FitTrackPro')
    cd /Users/p016324/.gemini/antigravity/scratch/FitTrackPro
    builtin-copy -exclude .DS_Store -exclude CVS -exclude .svn -exclude .git -exclude .hg -resolve-src-symlinks -rename /Users/p016324/Library/Developer/Xcode/DerivedData/FitTrackPro-dfuxzyqazqijhrdhlxwuokwbmmia/Build/Intermediates.noindex/FitTrackPro.build/Debug-iphonesimulator/FitTrackPro.build/Objects-normal/x86_64/FitTrackPro.abi.json /Users/p016324/Library/Developer/Xcode/DerivedData/FitTrackPro-dfuxzyqazqijhrdhlxwuokwbmmia/Build/Products/Debug-iphonesimulator/FitTrackPro.swiftmodule/x86_64-apple-ios-simulator.abi.json

Copy /Users/p016324/Library/Developer/Xcode/DerivedData/FitTrackPro-dfuxzyqazqijhrdhlxwuokwbmmia/Build/Products/Debug-iphonesimulator/FitTrackPro.swiftmodule/arm64-apple-ios-simulator.swiftmodule /Users/p016324/Library/Developer/Xcode/DerivedData/FitTrackPro-dfuxzyqazqijhrdhlxwuokwbmmia/Build/Intermediates.noindex/FitTrackPro.build/Debug-iphonesimulator/FitTrackPro.build/Objects-normal/arm64/FitTrackPro.swiftmodule (in target 'FitTrackPro' from project 'FitTrackPro')
    cd /Users/p016324/.gemini/antigravity/scratch/FitTrackPro
    builtin-copy -exclude .DS_Store -exclude CVS -exclude .svn -exclude .git -exclude .hg -resolve-src-symlinks -rename /Users/p016324/Library/Developer/Xcode/DerivedData/FitTrackPro-dfuxzyqazqijhrdhlxwuokwbmmia/Build/Intermediates.noindex/FitTrackPro.build/Debug-iphonesimulator/FitTrackPro.build/Objects-normal/arm64/FitTrackPro.swiftmodule /Users/p016324/Library/Developer/Xcode/DerivedData/FitTrackPro-dfuxzyqazqijhrdhlxwuokwbmmia/Build/Products/Debug-iphonesimulator/FitTrackPro.swiftmodule/arm64-apple-ios-simulator.swiftmodule

Copy /Users/p016324/Library/Developer/Xcode/DerivedData/FitTrackPro-dfuxzyqazqijhrdhlxwuokwbmmia/Build/Products/Debug-iphonesimulator/FitTrackPro.swiftmodule/arm64-apple-ios-simulator.swiftdoc /Users/p016324/Library/Developer/Xcode/DerivedData/FitTrackPro-dfuxzyqazqijhrdhlxwuokwbmmia/Build/Intermediates.noindex/FitTrackPro.build/Debug-iphonesimulator/FitTrackPro.build/Objects-normal/arm64/FitTrackPro.swiftdoc (in target 'FitTrackPro' from project 'FitTrackPro')
    cd /Users/p016324/.gemini/antigravity/scratch/FitTrackPro
    builtin-copy -exclude .DS_Store -exclude CVS -exclude .svn -exclude .git -exclude .hg -resolve-src-symlinks -rename /Users/p016324/Library/Developer/Xcode/DerivedData/FitTrackPro-dfuxzyqazqijhrdhlxwuokwbmmia/Build/Intermediates.noindex/FitTrackPro.build/Debug-iphonesimulator/FitTrackPro.build/Objects-normal/arm64/FitTrackPro.swiftdoc /Users/p016324/Library/Developer/Xcode/DerivedData/FitTrackPro-dfuxzyqazqijhrdhlxwuokwbmmia/Build/Products/Debug-iphonesimulator/FitTrackPro.swiftmodule/arm64-apple-ios-simulator.swiftdoc

Copy /Users/p016324/Library/Developer/Xcode/DerivedData/FitTrackPro-dfuxzyqazqijhrdhlxwuokwbmmia/Build/Products/Debug-iphonesimulator/FitTrackPro.swiftmodule/arm64-apple-ios-simulator.abi.json /Users/p016324/Library/Developer/Xcode/DerivedData/FitTrackPro-dfuxzyqazqijhrdhlxwuokwbmmia/Build/Intermediates.noindex/FitTrackPro.build/Debug-iphonesimulator/FitTrackPro.build/Objects-normal/arm64/FitTrackPro.abi.json (in target 'FitTrackPro' from project 'FitTrackPro')
    cd /Users/p016324/.gemini/antigravity/scratch/FitTrackPro
    builtin-copy -exclude .DS_Store -exclude CVS -exclude .svn -exclude .git -exclude .hg -resolve-src-symlinks -rename /Users/p016324/Library/Developer/Xcode/DerivedData/FitTrackPro-dfuxzyqazqijhrdhlxwuokwbmmia/Build/Intermediates.noindex/FitTrackPro.build/Debug-iphonesimulator/FitTrackPro.build/Objects-normal/arm64/FitTrackPro.abi.json /Users/p016324/Library/Developer/Xcode/DerivedData/FitTrackPro-dfuxzyqazqijhrdhlxwuokwbmmia/Build/Products/Debug-iphonesimulator/FitTrackPro.swiftmodule/arm64-apple-ios-simulator.abi.json

Copy /Users/p016324/Library/Developer/Xcode/DerivedData/FitTrackPro-dfuxzyqazqijhrdhlxwuokwbmmia/Build/Products/Debug-iphonesimulator/FitTrackPro.swiftmodule/Project/x86_64-apple-ios-simulator.swiftsourceinfo /Users/p016324/Library/Developer/Xcode/DerivedData/FitTrackPro-dfuxzyqazqijhrdhlxwuokwbmmia/Build/Intermediates.noindex/FitTrackPro.build/Debug-iphonesimulator/FitTrackPro.build/Objects-normal/x86_64/FitTrackPro.swiftsourceinfo (in target 'FitTrackPro' from project 'FitTrackPro')
    cd /Users/p016324/.gemini/antigravity/scratch/FitTrackPro
    builtin-copy -exclude .DS_Store -exclude CVS -exclude .svn -exclude .git -exclude .hg -resolve-src-symlinks -rename /Users/p016324/Library/Developer/Xcode/DerivedData/FitTrackPro-dfuxzyqazqijhrdhlxwuokwbmmia/Build/Intermediates.noindex/FitTrackPro.build/Debug-iphonesimulator/FitTrackPro.build/Objects-normal/x86_64/FitTrackPro.swiftsourceinfo /Users/p016324/Library/Developer/Xcode/DerivedData/FitTrackPro-dfuxzyqazqijhrdhlxwuokwbmmia/Build/Products/Debug-iphonesimulator/FitTrackPro.swiftmodule/Project/x86_64-apple-ios-simulator.swiftsourceinfo

Copy /Users/p016324/Library/Developer/Xcode/DerivedData/FitTrackPro-dfuxzyqazqijhrdhlxwuokwbmmia/Build/Products/Debug-iphonesimulator/FitTrackPro.swiftmodule/Project/arm64-apple-ios-simulator.swiftsourceinfo /Users/p016324/Library/Developer/Xcode/DerivedData/FitTrackPro-dfuxzyqazqijhrdhlxwuokwbmmia/Build/Intermediates.noindex/FitTrackPro.build/Debug-iphonesimulator/FitTrackPro.build/Objects-normal/arm64/FitTrackPro.swiftsourceinfo (in target 'FitTrackPro' from project 'FitTrackPro')
    cd /Users/p016324/.gemini/antigravity/scratch/FitTrackPro
    builtin-copy -exclude .DS_Store -exclude CVS -exclude .svn -exclude .git -exclude .hg -resolve-src-symlinks -rename /Users/p016324/Library/Developer/Xcode/DerivedData/FitTrackPro-dfuxzyqazqijhrdhlxwuokwbmmia/Build/Intermediates.noindex/FitTrackPro.build/Debug-iphonesimulator/FitTrackPro.build/Objects-normal/arm64/FitTrackPro.swiftsourceinfo /Users/p016324/Library/Developer/Xcode/DerivedData/FitTrackPro-dfuxzyqazqijhrdhlxwuokwbmmia/Build/Products/Debug-iphonesimulator/FitTrackPro.swiftmodule/Project/arm64-apple-ios-simulator.swiftsourceinfo

SwiftDriverJobDiscovery normal x86_64 Compiling ThemeSettingsView.swift, ExerciseCardView.swift, SupersetIconStack.swift, WorkoutTimerHeaderView.swift, WorkoutManager.swift, WorkoutMiniPlayerView.swift, ZoomableImageView.swift, FoodAPIService.swift (in target 'FitTrackPro' from project 'FitTrackPro')

SwiftCompile normal arm64 Compiling\ HealthKitService.swift,\ StepEntry.swift,\ StepTrackerView.swift,\ StepEntryFormView.swift,\ SavedFood.swift,\ Recipe.swift,\ FoodManagementView.swift,\ RecipeBuilderView.swift /Users/p016324/.gemini/antigravity/scratch/FitTrackPro/Core/Services/HealthKitService.swift /Users/p016324/.gemini/antigravity/scratch/FitTrackPro/Core/Models/StepEntry.swift /Users/p016324/.gemini/antigravity/scratch/FitTrackPro/Features/Steps/StepTrackerView.swift /Users/p016324/.gemini/antigravity/scratch/FitTrackPro/Features/Steps/StepEntryFormView.swift /Users/p016324/.gemini/antigravity/scratch/FitTrackPro/Core/Models/SavedFood.swift /Users/p016324/.gemini/antigravity/scratch/FitTrackPro/Core/Models/Recipe.swift /Users/p016324/.gemini/antigravity/scratch/FitTrackPro/Features/Nutrition/FoodManagementView.swift /Users/p016324/.gemini/antigravity/scratch/FitTrackPro/Features/Nutrition/RecipeBuilderView.swift (in target 'FitTrackPro' from project 'FitTrackPro')

SwiftCompile normal arm64 /Users/p016324/.gemini/antigravity/scratch/FitTrackPro/Core/Services/HealthKitService.swift (in target 'FitTrackPro' from project 'FitTrackPro')
    cd /Users/p016324/.gemini/antigravity/scratch/FitTrackPro
    
/Users/p016324/.gemini/antigravity/scratch/FitTrackPro/Core/Services/HealthKitService.swift:91:23: warning: 'init(activityType:start:end:workoutEvents:totalEnergyBurned:totalDistance:metadata:)' was deprecated in iOS 17.0: Use HKWorkoutBuilder
        let workout = HKWorkout(
                      ^
/Users/p016324/.gemini/antigravity/scratch/FitTrackPro/Core/Services/HealthKitService.swift:507:25: warning: variable 'currentStart' was never mutated; consider changing to 'let' constant
                    var currentStart = unspec.start
                    ~~~ ^
                    let

SwiftCompile normal arm64 /Users/p016324/.gemini/antigravity/scratch/FitTrackPro/Core/Models/StepEntry.swift (in target 'FitTrackPro' from project 'FitTrackPro')
    cd /Users/p016324/.gemini/antigravity/scratch/FitTrackPro
    

SwiftCompile normal arm64 /Users/p016324/.gemini/antigravity/scratch/FitTrackPro/Features/Steps/StepTrackerView.swift (in target 'FitTrackPro' from project 'FitTrackPro')
    cd /Users/p016324/.gemini/antigravity/scratch/FitTrackPro
    
/Users/p016324/.gemini/antigravity/scratch/FitTrackPro/Features/Steps/StepTrackerView.swift:51:18: warning: 'onChange(of:perform:)' was deprecated in iOS 17.0: Use `onChange` with a two or zero parameter action closure instead.
                .onChange(of: selectedTimeRange) { _ in
                 ^
/Users/p016324/.gemini/antigravity/scratch/FitTrackPro/Features/Steps/StepTrackerView.swift:186:10: warning: 'onChange(of:perform:)' was deprecated in iOS 17.0: Use `onChange` with a two or zero parameter action closure instead.
        .onChange(of: manualEntries) { _ in
         ^

SwiftCompile normal arm64 /Users/p016324/.gemini/antigravity/scratch/FitTrackPro/Features/Steps/StepEntryFormView.swift (in target 'FitTrackPro' from project 'FitTrackPro')
    cd /Users/p016324/.gemini/antigravity/scratch/FitTrackPro
    

SwiftCompile normal arm64 /Users/p016324/.gemini/antigravity/scratch/FitTrackPro/Core/Models/SavedFood.swift (in target 'FitTrackPro' from project 'FitTrackPro')
    cd /Users/p016324/.gemini/antigravity/scratch/FitTrackPro
    

SwiftCompile normal arm64 /Users/p016324/.gemini/antigravity/scratch/FitTrackPro/Core/Models/Recipe.swift (in target 'FitTrackPro' from project 'FitTrackPro')
    cd /Users/p016324/.gemini/antigravity/scratch/FitTrackPro
    

SwiftCompile normal arm64 /Users/p016324/.gemini/antigravity/scratch/FitTrackPro/Features/Nutrition/FoodManagementView.swift (in target 'FitTrackPro' from project 'FitTrackPro')
    cd /Users/p016324/.gemini/antigravity/scratch/FitTrackPro
    

SwiftCompile normal arm64 /Users/p016324/.gemini/antigravity/scratch/FitTrackPro/Features/Nutrition/RecipeBuilderView.swift (in target 'FitTrackPro' from project 'FitTrackPro')
    cd /Users/p016324/.gemini/antigravity/scratch/FitTrackPro
    

LinkAssetCatalog /Users/p016324/.gemini/antigravity/scratch/FitTrackPro/Resources/Assets.xcassets (in target 'FitTrackPro' from project 'FitTrackPro')
    cd /Users/p016324/.gemini/antigravity/scratch/FitTrackPro
    builtin-linkAssetCatalog --thinned /Users/p016324/Library/Developer/Xcode/DerivedData/FitTrackPro-dfuxzyqazqijhrdhlxwuokwbmmia/Build/Intermediates.noindex/FitTrackPro.build/Debug-iphonesimulator/FitTrackPro.build/assetcatalog_output/thinned --thinned-dependencies /Users/p016324/Library/Developer/Xcode/DerivedData/FitTrackPro-dfuxzyqazqijhrdhlxwuokwbmmia/Build/Intermediates.noindex/FitTrackPro.build/Debug-iphonesimulator/FitTrackPro.build/assetcatalog_dependencies_thinned --thinned-info-plist-content /Users/p016324/Library/Developer/Xcode/DerivedData/FitTrackPro-dfuxzyqazqijhrdhlxwuokwbmmia/Build/Intermediates.noindex/FitTrackPro.build/Debug-iphonesimulator/FitTrackPro.build/assetcatalog_generated_info.plist_thinned --unthinned /Users/p016324/Library/Developer/Xcode/DerivedData/FitTrackPro-dfuxzyqazqijhrdhlxwuokwbmmia/Build/Intermediates.noindex/FitTrackPro.build/Debug-iphonesimulator/FitTrackPro.build/assetcatalog_output/unthinned --unthinned-dependencies /Users/p016324/Library/Developer/Xcode/DerivedData/FitTrackPro-dfuxzyqazqijhrdhlxwuokwbmmia/Build/Intermediates.noindex/FitTrackPro.build/Debug-iphonesimulator/FitTrackPro.build/assetcatalog_dependencies_unthinned --unthinned-info-plist-content /Users/p016324/Library/Developer/Xcode/DerivedData/FitTrackPro-dfuxzyqazqijhrdhlxwuokwbmmia/Build/Intermediates.noindex/FitTrackPro.build/Debug-iphonesimulator/FitTrackPro.build/assetcatalog_generated_info.plist_unthinned --output /Users/p016324/Library/Developer/Xcode/DerivedData/FitTrackPro-dfuxzyqazqijhrdhlxwuokwbmmia/Build/Products/Debug-iphonesimulator/FitTrackPro.app --plist-output /Users/p016324/Library/Developer/Xcode/DerivedData/FitTrackPro-dfuxzyqazqijhrdhlxwuokwbmmia/Build/Intermediates.noindex/FitTrackPro.build/Debug-iphonesimulator/FitTrackPro.build/assetcatalog_generated_info.plist
note: Emplaced /Users/p016324/Library/Developer/Xcode/DerivedData/FitTrackPro-dfuxzyqazqijhrdhlxwuokwbmmia/Build/Products/Debug-iphonesimulator/FitTrackPro.app/AppIcon60x60@2x.png (in target 'FitTrackPro' from project 'FitTrackPro')
note: Emplaced /Users/p016324/Library/Developer/Xcode/DerivedData/FitTrackPro-dfuxzyqazqijhrdhlxwuokwbmmia/Build/Products/Debug-iphonesimulator/FitTrackPro.app/Assets.car (in target 'FitTrackPro' from project 'FitTrackPro')

SwiftCompile normal arm64 Compiling\ ThemeSettingsView.swift,\ ExerciseCardView.swift,\ SupersetIconStack.swift,\ WorkoutTimerHeaderView.swift,\ WorkoutManager.swift,\ WorkoutMiniPlayerView.swift,\ ZoomableImageView.swift,\ FoodAPIService.swift /Users/p016324/.gemini/antigravity/scratch/FitTrackPro/Features/Settings/ThemeSettingsView.swift /Users/p016324/.gemini/antigravity/scratch/FitTrackPro/Features/Training/ExerciseLibrary/ExerciseCardView.swift /Users/p016324/.gemini/antigravity/scratch/FitTrackPro/Core/Views/SupersetIconStack.swift /Users/p016324/.gemini/antigravity/scratch/FitTrackPro/Features/Training/Workout/WorkoutTimerHeaderView.swift /Users/p016324/.gemini/antigravity/scratch/FitTrackPro/Core/Managers/WorkoutManager.swift /Users/p016324/.gemini/antigravity/scratch/FitTrackPro/Features/Training/Workout/WorkoutMiniPlayerView.swift /Users/p016324/.gemini/antigravity/scratch/FitTrackPro/Core/Views/ZoomableImageView.swift /Users/p016324/.gemini/antigravity/scratch/FitTrackPro/Core/Services/FoodAPIService.swift (in target 'FitTrackPro' from project 'FitTrackPro')

SwiftCompile normal arm64 /Users/p016324/.gemini/antigravity/scratch/FitTrackPro/Features/Settings/ThemeSettingsView.swift (in target 'FitTrackPro' from project 'FitTrackPro')
    cd /Users/p016324/.gemini/antigravity/scratch/FitTrackPro
    

SwiftCompile normal arm64 /Users/p016324/.gemini/antigravity/scratch/FitTrackPro/Features/Training/ExerciseLibrary/ExerciseCardView.swift (in target 'FitTrackPro' from project 'FitTrackPro')
    cd /Users/p016324/.gemini/antigravity/scratch/FitTrackPro
    

SwiftCompile normal arm64 /Users/p016324/.gemini/antigravity/scratch/FitTrackPro/Core/Views/SupersetIconStack.swift (in target 'FitTrackPro' from project 'FitTrackPro')
    cd /Users/p016324/.gemini/antigravity/scratch/FitTrackPro
    

SwiftCompile normal arm64 /Users/p016324/.gemini/antigravity/scratch/FitTrackPro/Features/Training/Workout/WorkoutTimerHeaderView.swift (in target 'FitTrackPro' from project 'FitTrackPro')
    cd /Users/p016324/.gemini/antigravity/scratch/FitTrackPro
    

SwiftCompile normal arm64 /Users/p016324/.gemini/antigravity/scratch/FitTrackPro/Core/Managers/WorkoutManager.swift (in target 'FitTrackPro' from project 'FitTrackPro')
    cd /Users/p016324/.gemini/antigravity/scratch/FitTrackPro
    

SwiftCompile normal arm64 /Users/p016324/.gemini/antigravity/scratch/FitTrackPro/Features/Training/Workout/WorkoutMiniPlayerView.swift (in target 'FitTrackPro' from project 'FitTrackPro')
    cd /Users/p016324/.gemini/antigravity/scratch/FitTrackPro
    

SwiftCompile normal arm64 /Users/p016324/.gemini/antigravity/scratch/FitTrackPro/Core/Views/ZoomableImageView.swift (in target 'FitTrackPro' from project 'FitTrackPro')
    cd /Users/p016324/.gemini/antigravity/scratch/FitTrackPro
    

SwiftCompile normal arm64 /Users/p016324/.gemini/antigravity/scratch/FitTrackPro/Core/Services/FoodAPIService.swift (in target 'FitTrackPro' from project 'FitTrackPro')
    cd /Users/p016324/.gemini/antigravity/scratch/FitTrackPro
    
/Users/p016324/.gemini/antigravity/scratch/FitTrackPro/Core/Services/FoodAPIService.swift:125:47: warning: main actor-isolated conformance of 'OFFResponse' to 'Decodable' cannot be used in actor-isolated context; this is an error in the Swift 6 language mode
            let decodedResponse = try decoder.decode(OFFResponse.self, from: data)
                                              ^
/Users/p016324/.gemini/antigravity/scratch/FitTrackPro/Core/Services/FoodAPIService.swift:127:71: warning: main actor-isolated conformance of 'OFFProduct' to 'Equatable' cannot be used in nonisolated context; this is an error in the Swift 6 language mode
            if decodedResponse.status != 1 || decodedResponse.product == nil {
                                                                      ^
/Users/p016324/.gemini/antigravity/scratch/FitTrackPro/Core/Services/FoodAPIService.swift:162:47: warning: main actor-isolated conformance of 'OFFSearchResponse' to 'Decodable' cannot be used in actor-isolated context; this is an error in the Swift 6 language mode
            let decodedResponse = try decoder.decode(OFFSearchResponse.self, from: data)
                                              ^

SwiftDriverJobDiscovery normal x86_64 Compiling DashboardWidgetsSmall.swift, DashboardWidgetsLarge.swift, EnergyCalculator.swift, EnergyResult.swift, EnergyDetailView.swift, EnergyCard.swift, DashboardDragDrop.swift, GeneratedAssetSymbols.swift (in target 'FitTrackPro' from project 'FitTrackPro')

SwiftCompile normal arm64 Compiling\ ExerciseFormView.swift,\ NotificationService.swift,\ WorkoutSessionView.swift,\ WorkoutSetRowView.swift,\ WorkoutSessionViewModel.swift,\ ExerciseDetailView.swift,\ SeedDataService.swift,\ ExerciseLibraryViewModel.swift,\ TrainingPlan.swift /Users/p016324/.gemini/antigravity/scratch/FitTrackPro/Features/Training/ExerciseLibrary/ExerciseFormView.swift /Users/p016324/.gemini/antigravity/scratch/FitTrackPro/Core/Services/NotificationService.swift /Users/p016324/.gemini/antigravity/scratch/FitTrackPro/Features/Training/Workout/WorkoutSessionView.swift /Users/p016324/.gemini/antigravity/scratch/FitTrackPro/Features/Training/Workout/WorkoutSetRowView.swift /Users/p016324/.gemini/antigravity/scratch/FitTrackPro/Features/Training/Workout/WorkoutSessionViewModel.swift /Users/p016324/.gemini/antigravity/scratch/FitTrackPro/Features/Training/ExerciseLibrary/ExerciseDetailView.swift /Users/p016324/.gemini/antigravity/scratch/FitTrackPro/Core/Services/SeedDataService.swift /Users/p016324/.gemini/antigravity/scratch/FitTrackPro/Features/Training/ExerciseLibrary/ExerciseLibraryViewModel.swift /Users/p016324/.gemini/antigravity/scratch/FitTrackPro/Core/Models/TrainingPlan.swift (in target 'FitTrackPro' from project 'FitTrackPro')

SwiftCompile normal arm64 /Users/p016324/.gemini/antigravity/scratch/FitTrackPro/Features/Training/ExerciseLibrary/ExerciseFormView.swift (in target 'FitTrackPro' from project 'FitTrackPro')
    cd /Users/p016324/.gemini/antigravity/scratch/FitTrackPro
    

SwiftCompile normal arm64 /Users/p016324/.gemini/antigravity/scratch/FitTrackPro/Core/Services/NotificationService.swift (in target 'FitTrackPro' from project 'FitTrackPro')
    cd /Users/p016324/.gemini/antigravity/scratch/FitTrackPro
    

SwiftCompile normal arm64 /Users/p016324/.gemini/antigravity/scratch/FitTrackPro/Features/Training/Workout/WorkoutSessionView.swift (in target 'FitTrackPro' from project 'FitTrackPro')
    cd /Users/p016324/.gemini/antigravity/scratch/FitTrackPro
    

SwiftCompile normal arm64 /Users/p016324/.gemini/antigravity/scratch/FitTrackPro/Features/Training/Workout/WorkoutSetRowView.swift (in target 'FitTrackPro' from project 'FitTrackPro')
    cd /Users/p016324/.gemini/antigravity/scratch/FitTrackPro
    

SwiftCompile normal arm64 /Users/p016324/.gemini/antigravity/scratch/FitTrackPro/Features/Training/Workout/WorkoutSessionViewModel.swift (in target 'FitTrackPro' from project 'FitTrackPro')
    cd /Users/p016324/.gemini/antigravity/scratch/FitTrackPro
    

SwiftCompile normal arm64 /Users/p016324/.gemini/antigravity/scratch/FitTrackPro/Features/Training/ExerciseLibrary/ExerciseDetailView.swift (in target 'FitTrackPro' from project 'FitTrackPro')
    cd /Users/p016324/.gemini/antigravity/scratch/FitTrackPro
    

SwiftCompile normal arm64 /Users/p016324/.gemini/antigravity/scratch/FitTrackPro/Core/Services/SeedDataService.swift (in target 'FitTrackPro' from project 'FitTrackPro')
    cd /Users/p016324/.gemini/antigravity/scratch/FitTrackPro
    

SwiftCompile normal arm64 /Users/p016324/.gemini/antigravity/scratch/FitTrackPro/Features/Training/ExerciseLibrary/ExerciseLibraryViewModel.swift (in target 'FitTrackPro' from project 'FitTrackPro')
    cd /Users/p016324/.gemini/antigravity/scratch/FitTrackPro
    

SwiftCompile normal arm64 /Users/p016324/.gemini/antigravity/scratch/FitTrackPro/Core/Models/TrainingPlan.swift (in target 'FitTrackPro' from project 'FitTrackPro')
    cd /Users/p016324/.gemini/antigravity/scratch/FitTrackPro
    

SwiftCompile normal x86_64 Compiling\ ExerciseProgressChart.swift,\ PlanProgressView.swift,\ StatisticsView.swift,\ ShareSheet.swift,\ PDFExportService.swift,\ PDFEmptyPlanTemplate.swift,\ PDFHistoricalPlanTemplate.swift,\ SharedContainer.swift /Users/p016324/.gemini/antigravity/scratch/FitTrackPro/Features/Statistics/ExerciseProgressChart.swift /Users/p016324/.gemini/antigravity/scratch/FitTrackPro/Features/Statistics/PlanProgressView.swift /Users/p016324/.gemini/antigravity/scratch/FitTrackPro/Features/Statistics/StatisticsView.swift /Users/p016324/.gemini/antigravity/scratch/FitTrackPro/Core/UI/ShareSheet.swift /Users/p016324/.gemini/antigravity/scratch/FitTrackPro/Core/Services/PDFExportService.swift /Users/p016324/.gemini/antigravity/scratch/FitTrackPro/Features/Training/Plans/PDF/PDFEmptyPlanTemplate.swift /Users/p016324/.gemini/antigravity/scratch/FitTrackPro/Features/Training/Plans/PDF/PDFHistoricalPlanTemplate.swift /Users/p016324/.gemini/antigravity/scratch/FitTrackPro/Core/Database/SharedContainer.swift (in target 'FitTrackPro' from project 'FitTrackPro')

SwiftCompile normal x86_64 /Users/p016324/.gemini/antigravity/scratch/FitTrackPro/Features/Statistics/ExerciseProgressChart.swift (in target 'FitTrackPro' from project 'FitTrackPro')
    cd /Users/p016324/.gemini/antigravity/scratch/FitTrackPro
    

SwiftCompile normal x86_64 /Users/p016324/.gemini/antigravity/scratch/FitTrackPro/Features/Statistics/PlanProgressView.swift (in target 'FitTrackPro' from project 'FitTrackPro')
    cd /Users/p016324/.gemini/antigravity/scratch/FitTrackPro
    

SwiftCompile normal x86_64 /Users/p016324/.gemini/antigravity/scratch/FitTrackPro/Features/Statistics/StatisticsView.swift (in target 'FitTrackPro' from project 'FitTrackPro')
    cd /Users/p016324/.gemini/antigravity/scratch/FitTrackPro
    

SwiftCompile normal x86_64 /Users/p016324/.gemini/antigravity/scratch/FitTrackPro/Core/UI/ShareSheet.swift (in target 'FitTrackPro' from project 'FitTrackPro')
    cd /Users/p016324/.gemini/antigravity/scratch/FitTrackPro
    

SwiftCompile normal x86_64 /Users/p016324/.gemini/antigravity/scratch/FitTrackPro/Core/Services/PDFExportService.swift (in target 'FitTrackPro' from project 'FitTrackPro')
    cd /Users/p016324/.gemini/antigravity/scratch/FitTrackPro
    

SwiftCompile normal x86_64 /Users/p016324/.gemini/antigravity/scratch/FitTrackPro/Features/Training/Plans/PDF/PDFEmptyPlanTemplate.swift (in target 'FitTrackPro' from project 'FitTrackPro')
    cd /Users/p016324/.gemini/antigravity/scratch/FitTrackPro
    

SwiftCompile normal x86_64 /Users/p016324/.gemini/antigravity/scratch/FitTrackPro/Features/Training/Plans/PDF/PDFHistoricalPlanTemplate.swift (in target 'FitTrackPro' from project 'FitTrackPro')
    cd /Users/p016324/.gemini/antigravity/scratch/FitTrackPro
    

SwiftCompile normal x86_64 /Users/p016324/.gemini/antigravity/scratch/FitTrackPro/Core/Database/SharedContainer.swift (in target 'FitTrackPro' from project 'FitTrackPro')
    cd /Users/p016324/.gemini/antigravity/scratch/FitTrackPro
    

SwiftDriverJobDiscovery normal x86_64 Compiling View+Modifiers.swift, FitTrackProApp.swift, WorkoutSummaryView.swift, Color+Theme.swift, AppStorageKeys.swift, AppRouter.swift, WorkoutSession.swift, PlanExercise.swift, ExerciseLibraryView.swift (in target 'FitTrackPro' from project 'FitTrackPro')

SwiftCompile normal arm64 Compiling\ WeightEntryFormView.swift,\ OnboardingView.swift,\ OnboardingPages.swift,\ WorkoutHistoryView.swift,\ DashboardWidgets.swift,\ MediaStorageService.swift,\ ExerciseService.swift,\ StatisticsViewModel.swift /Users/p016324/.gemini/antigravity/scratch/FitTrackPro/Features/WeightTracker/WeightEntryFormView.swift /Users/p016324/.gemini/antigravity/scratch/FitTrackPro/Features/Onboarding/OnboardingView.swift /Users/p016324/.gemini/antigravity/scratch/FitTrackPro/Features/Onboarding/OnboardingPages.swift /Users/p016324/.gemini/antigravity/scratch/FitTrackPro/Features/Training/Workout/WorkoutHistoryView.swift /Users/p016324/.gemini/antigravity/scratch/FitTrackPro/Features/Dashboard/DashboardWidgets.swift /Users/p016324/.gemini/antigravity/scratch/FitTrackPro/Core/Services/MediaStorageService.swift /Users/p016324/.gemini/antigravity/scratch/FitTrackPro/Core/Services/ExerciseService.swift /Users/p016324/.gemini/antigravity/scratch/FitTrackPro/Features/Statistics/StatisticsViewModel.swift (in target 'FitTrackPro' from project 'FitTrackPro')
SwiftCompile normal arm64 /Users/p016324/.gemini/antigravity/scratch/FitTrackPro/Features/WeightTracker/WeightEntryFormView.swift (in target 'FitTrackPro' from project 'FitTrackPro')
    cd /Users/p016324/.gemini/antigravity/scratch/FitTrackPro
    

SwiftCompile normal arm64 /Users/p016324/.gemini/antigravity/scratch/FitTrackPro/Features/Onboarding/OnboardingView.swift (in target 'FitTrackPro' from project 'FitTrackPro')
    cd /Users/p016324/.gemini/antigravity/scratch/FitTrackPro
    

SwiftCompile normal arm64 /Users/p016324/.gemini/antigravity/scratch/FitTrackPro/Features/Onboarding/OnboardingPages.swift (in target 'FitTrackPro' from project 'FitTrackPro')
    cd /Users/p016324/.gemini/antigravity/scratch/FitTrackPro
    

SwiftCompile normal arm64 /Users/p016324/.gemini/antigravity/scratch/FitTrackPro/Features/Training/Workout/WorkoutHistoryView.swift (in target 'FitTrackPro' from project 'FitTrackPro')
    cd /Users/p016324/.gemini/antigravity/scratch/FitTrackPro
    

SwiftCompile normal arm64 /Users/p016324/.gemini/antigravity/scratch/FitTrackPro/Features/Dashboard/DashboardWidgets.swift (in target 'FitTrackPro' from project 'FitTrackPro')
    cd /Users/p016324/.gemini/antigravity/scratch/FitTrackPro
    

SwiftCompile normal arm64 /Users/p016324/.gemini/antigravity/scratch/FitTrackPro/Core/Services/MediaStorageService.swift (in target 'FitTrackPro' from project 'FitTrackPro')
    cd /Users/p016324/.gemini/antigravity/scratch/FitTrackPro
    

SwiftCompile normal arm64 /Users/p016324/.gemini/antigravity/scratch/FitTrackPro/Core/Services/ExerciseService.swift (in target 'FitTrackPro' from project 'FitTrackPro')
    cd /Users/p016324/.gemini/antigravity/scratch/FitTrackPro
    

SwiftCompile normal arm64 /Users/p016324/.gemini/antigravity/scratch/FitTrackPro/Features/Statistics/StatisticsViewModel.swift (in target 'FitTrackPro' from project 'FitTrackPro')
    cd /Users/p016324/.gemini/antigravity/scratch/FitTrackPro
    

SwiftDriverJobDiscovery normal x86_64 Compiling ExerciseFormView.swift, NotificationService.swift, WorkoutSessionView.swift, WorkoutSetRowView.swift, WorkoutSessionViewModel.swift, ExerciseDetailView.swift, SeedDataService.swift, ExerciseLibraryViewModel.swift, TrainingPlan.swift (in target 'FitTrackPro' from project 'FitTrackPro')

SwiftCompile normal arm64 Compiling\ View+Modifiers.swift,\ FitTrackProApp.swift,\ WorkoutSummaryView.swift,\ Color+Theme.swift,\ AppStorageKeys.swift,\ AppRouter.swift,\ WorkoutSession.swift,\ PlanExercise.swift,\ ExerciseLibraryView.swift /Users/p016324/.gemini/antigravity/scratch/FitTrackPro/Core/Extensions/View+Modifiers.swift /Users/p016324/.gemini/antigravity/scratch/FitTrackPro/App/FitTrackProApp.swift /Users/p016324/.gemini/antigravity/scratch/FitTrackPro/Features/Training/Workout/WorkoutSummaryView.swift /Users/p016324/.gemini/antigravity/scratch/FitTrackPro/Core/Extensions/Color+Theme.swift /Users/p016324/.gemini/antigravity/scratch/FitTrackPro/Core/Extensions/AppStorageKeys.swift /Users/p016324/.gemini/antigravity/scratch/FitTrackPro/App/AppRouter.swift /Users/p016324/.gemini/antigravity/scratch/FitTrackPro/Core/Models/WorkoutSession.swift /Users/p016324/.gemini/antigravity/scratch/FitTrackPro/Core/Models/PlanExercise.swift /Users/p016324/.gemini/antigravity/scratch/FitTrackPro/Features/Training/ExerciseLibrary/ExerciseLibraryView.swift (in target 'FitTrackPro' from project 'FitTrackPro')

SwiftCompile normal arm64 /Users/p016324/.gemini/antigravity/scratch/FitTrackPro/Core/Extensions/View+Modifiers.swift (in target 'FitTrackPro' from project 'FitTrackPro')
    cd /Users/p016324/.gemini/antigravity/scratch/FitTrackPro
    

SwiftCompile normal arm64 /Users/p016324/.gemini/antigravity/scratch/FitTrackPro/App/FitTrackProApp.swift (in target 'FitTrackPro' from project 'FitTrackPro')
    cd /Users/p016324/.gemini/antigravity/scratch/FitTrackPro
    
/Users/p016324/.gemini/antigravity/scratch/FitTrackPro/App/FitTrackProApp.swift:44:76: warning: main actor-isolated static method 'create()' cannot be called from outside of the actor; this is an error in the Swift 6 language mode
                                        newContainer = try SharedContainer.create()
                                                       ~~~~~~~~~~~~~~~~~~~~^~~~~~~~
                                                       await 

SwiftCompile normal arm64 /Users/p016324/.gemini/antigravity/scratch/FitTrackPro/Features/Training/Workout/WorkoutSummaryView.swift (in target 'FitTrackPro' from project 'FitTrackPro')
    cd /Users/p016324/.gemini/antigravity/scratch/FitTrackPro
    

SwiftCompile normal arm64 /Users/p016324/.gemini/antigravity/scratch/FitTrackPro/Core/Extensions/Color+Theme.swift (in target 'FitTrackPro' from project 'FitTrackPro')
    cd /Users/p016324/.gemini/antigravity/scratch/FitTrackPro
    

SwiftCompile normal arm64 /Users/p016324/.gemini/antigravity/scratch/FitTrackPro/Core/Extensions/AppStorageKeys.swift (in target 'FitTrackPro' from project 'FitTrackPro')
    cd /Users/p016324/.gemini/antigravity/scratch/FitTrackPro
    

SwiftCompile normal arm64 /Users/p016324/.gemini/antigravity/scratch/FitTrackPro/App/AppRouter.swift (in target 'FitTrackPro' from project 'FitTrackPro')
    cd /Users/p016324/.gemini/antigravity/scratch/FitTrackPro
    

SwiftCompile normal arm64 /Users/p016324/.gemini/antigravity/scratch/FitTrackPro/Core/Models/WorkoutSession.swift (in target 'FitTrackPro' from project 'FitTrackPro')
    cd /Users/p016324/.gemini/antigravity/scratch/FitTrackPro
    

SwiftCompile normal arm64 /Users/p016324/.gemini/antigravity/scratch/FitTrackPro/Core/Models/PlanExercise.swift (in target 'FitTrackPro' from project 'FitTrackPro')
    cd /Users/p016324/.gemini/antigravity/scratch/FitTrackPro
    

SwiftCompile normal arm64 /Users/p016324/.gemini/antigravity/scratch/FitTrackPro/Features/Training/ExerciseLibrary/ExerciseLibraryView.swift (in target 'FitTrackPro' from project 'FitTrackPro')
    cd /Users/p016324/.gemini/antigravity/scratch/FitTrackPro
    

SwiftDriverJobDiscovery normal x86_64 Compiling SleepTrackerView.swift, SleepEntryFormView.swift, RecoveryCalculator.swift, RecoveryView.swift, SleepDaySummary.swift, SleepDetailView.swift, RecoveryFactorDetailView.swift, DashboardLayoutConfig.swift (in target 'FitTrackPro' from project 'FitTrackPro')

SwiftCompile normal x86_64 Compiling\ SavedFoodFormView.swift,\ WaterEntry.swift,\ SleepEntry.swift,\ WaterTrackerCard.swift,\ SleepTrackerCard.swift,\ RecoveryCard.swift,\ WaterTrackerView.swift,\ WaterEntryFormView.swift /Users/p016324/.gemini/antigravity/scratch/FitTrackPro/Features/Nutrition/SavedFoodFormView.swift /Users/p016324/.gemini/antigravity/scratch/FitTrackPro/Core/Models/WaterEntry.swift /Users/p016324/.gemini/antigravity/scratch/FitTrackPro/Core/Models/SleepEntry.swift /Users/p016324/.gemini/antigravity/scratch/FitTrackPro/Features/Dashboard/WaterTrackerCard.swift /Users/p016324/.gemini/antigravity/scratch/FitTrackPro/Features/Dashboard/SleepTrackerCard.swift /Users/p016324/.gemini/antigravity/scratch/FitTrackPro/Features/Dashboard/RecoveryCard.swift /Users/p016324/.gemini/antigravity/scratch/FitTrackPro/Features/WaterTracker/WaterTrackerView.swift /Users/p016324/.gemini/antigravity/scratch/FitTrackPro/Features/WaterTracker/WaterEntryFormView.swift (in target 'FitTrackPro' from project 'FitTrackPro')

SwiftCompile normal x86_64 /Users/p016324/.gemini/antigravity/scratch/FitTrackPro/Features/Nutrition/SavedFoodFormView.swift (in target 'FitTrackPro' from project 'FitTrackPro')
    cd /Users/p016324/.gemini/antigravity/scratch/FitTrackPro
    

SwiftCompile normal x86_64 /Users/p016324/.gemini/antigravity/scratch/FitTrackPro/Core/Models/WaterEntry.swift (in target 'FitTrackPro' from project 'FitTrackPro')
    cd /Users/p016324/.gemini/antigravity/scratch/FitTrackPro
    

SwiftCompile normal x86_64 /Users/p016324/.gemini/antigravity/scratch/FitTrackPro/Core/Models/SleepEntry.swift (in target 'FitTrackPro' from project 'FitTrackPro')
    cd /Users/p016324/.gemini/antigravity/scratch/FitTrackPro
    

SwiftCompile normal x86_64 /Users/p016324/.gemini/antigravity/scratch/FitTrackPro/Features/Dashboard/WaterTrackerCard.swift (in target 'FitTrackPro' from project 'FitTrackPro')
    cd /Users/p016324/.gemini/antigravity/scratch/FitTrackPro
    

SwiftCompile normal x86_64 /Users/p016324/.gemini/antigravity/scratch/FitTrackPro/Features/Dashboard/SleepTrackerCard.swift (in target 'FitTrackPro' from project 'FitTrackPro')
    cd /Users/p016324/.gemini/antigravity/scratch/FitTrackPro
    

SwiftCompile normal x86_64 /Users/p016324/.gemini/antigravity/scratch/FitTrackPro/Features/Dashboard/RecoveryCard.swift (in target 'FitTrackPro' from project 'FitTrackPro')
    cd /Users/p016324/.gemini/antigravity/scratch/FitTrackPro
    

SwiftCompile normal x86_64 /Users/p016324/.gemini/antigravity/scratch/FitTrackPro/Features/WaterTracker/WaterTrackerView.swift (in target 'FitTrackPro' from project 'FitTrackPro')
    cd /Users/p016324/.gemini/antigravity/scratch/FitTrackPro
    
/Users/p016324/.gemini/antigravity/scratch/FitTrackPro/Features/WaterTracker/WaterTrackerView.swift:331:21: warning: '+' was deprecated in iOS 26.0: Use string interpolation on `Text` instead: `Text("Hello \(name)")`
                    + Text(" ml").font(.body).foregroundColor(.secondary)
                    ^

SwiftCompile normal x86_64 /Users/p016324/.gemini/antigravity/scratch/FitTrackPro/Features/WaterTracker/WaterEntryFormView.swift (in target 'FitTrackPro' from project 'FitTrackPro')
    cd /Users/p016324/.gemini/antigravity/scratch/FitTrackPro
    

SwiftDriverJobDiscovery normal arm64 Compiling SavedFoodFormView.swift, WaterEntry.swift, SleepEntry.swift, WaterTrackerCard.swift, SleepTrackerCard.swift, RecoveryCard.swift, WaterTrackerView.swift, WaterEntryFormView.swift (in target 'FitTrackPro' from project 'FitTrackPro')

SwiftCompile normal arm64 Compiling\ PlanDetailView.swift,\ PlanExerciseRowView.swift,\ ExerciseSelectionView.swift,\ ExerciseHistoryView.swift,\ TrainingPlansView.swift,\ FoodEntry.swift,\ WeightEntry.swift,\ WorkoutSet.swift /Users/p016324/.gemini/antigravity/scratch/FitTrackPro/Features/Training/Plans/PlanDetailView.swift /Users/p016324/.gemini/antigravity/scratch/FitTrackPro/Features/Training/Plans/PlanExerciseRowView.swift /Users/p016324/.gemini/antigravity/scratch/FitTrackPro/Features/Training/Plans/ExerciseSelectionView.swift /Users/p016324/.gemini/antigravity/scratch/FitTrackPro/Features/Training/Workout/ExerciseHistoryView.swift /Users/p016324/.gemini/antigravity/scratch/FitTrackPro/Features/Training/Plans/TrainingPlansView.swift /Users/p016324/.gemini/antigravity/scratch/FitTrackPro/Core/Models/FoodEntry.swift /Users/p016324/.gemini/antigravity/scratch/FitTrackPro/Core/Models/WeightEntry.swift /Users/p016324/.gemini/antigravity/scratch/FitTrackPro/Core/Models/WorkoutSet.swift (in target 'FitTrackPro' from project 'FitTrackPro')

SwiftCompile normal arm64 /Users/p016324/.gemini/antigravity/scratch/FitTrackPro/Features/Training/Plans/PlanDetailView.swift (in target 'FitTrackPro' from project 'FitTrackPro')
    cd /Users/p016324/.gemini/antigravity/scratch/FitTrackPro
    

SwiftCompile normal arm64 /Users/p016324/.gemini/antigravity/scratch/FitTrackPro/Features/Training/Plans/PlanExerciseRowView.swift (in target 'FitTrackPro' from project 'FitTrackPro')
    cd /Users/p016324/.gemini/antigravity/scratch/FitTrackPro
    

SwiftCompile normal arm64 /Users/p016324/.gemini/antigravity/scratch/FitTrackPro/Features/Training/Plans/ExerciseSelectionView.swift (in target 'FitTrackPro' from project 'FitTrackPro')
    cd /Users/p016324/.gemini/antigravity/scratch/FitTrackPro
    

SwiftCompile normal arm64 /Users/p016324/.gemini/antigravity/scratch/FitTrackPro/Features/Training/Workout/ExerciseHistoryView.swift (in target 'FitTrackPro' from project 'FitTrackPro')
    cd /Users/p016324/.gemini/antigravity/scratch/FitTrackPro
    

SwiftCompile normal arm64 /Users/p016324/.gemini/antigravity/scratch/FitTrackPro/Features/Training/Plans/TrainingPlansView.swift (in target 'FitTrackPro' from project 'FitTrackPro')
    cd /Users/p016324/.gemini/antigravity/scratch/FitTrackPro
    
/Users/p016324/.gemini/antigravity/scratch/FitTrackPro/Features/Training/Plans/TrainingPlansView.swift:300:66: warning: left side of nil coalescing operator '??' has non-optional type 'Date', so the right side is never used
        let sessions = plan.sessions?.sorted(by: { ($0.startTime ?? Date.distantPast) > ($1.startTime ?? Date.distantPast) }) ?? []
                                                    ~~~~~~~~~~~~~^~~~~~~~~~~~~~~~~~~
                                                                
/Users/p016324/.gemini/antigravity/scratch/FitTrackPro/Features/Training/Plans/TrainingPlansView.swift:300:103: warning: left side of nil coalescing operator '??' has non-optional type 'Date', so the right side is never used
        let sessions = plan.sessions?.sorted(by: { ($0.startTime ?? Date.distantPast) > ($1.startTime ?? Date.distantPast) }) ?? []
                                                                                         ~~~~~~~~~~~~~^~~~~~~~~~~~~~~~~~~
                                                                                                     

SwiftCompile normal arm64 /Users/p016324/.gemini/antigravity/scratch/FitTrackPro/Core/Models/FoodEntry.swift (in target 'FitTrackPro' from project 'FitTrackPro')
    cd /Users/p016324/.gemini/antigravity/scratch/FitTrackPro
    

SwiftCompile normal arm64 /Users/p016324/.gemini/antigravity/scratch/FitTrackPro/Core/Models/WeightEntry.swift (in target 'FitTrackPro' from project 'FitTrackPro')
    cd /Users/p016324/.gemini/antigravity/scratch/FitTrackPro
    

SwiftCompile normal arm64 /Users/p016324/.gemini/antigravity/scratch/FitTrackPro/Core/Models/WorkoutSet.swift (in target 'FitTrackPro' from project 'FitTrackPro')
    cd /Users/p016324/.gemini/antigravity/scratch/FitTrackPro
    

SwiftDriverJobDiscovery normal arm64 Compiling ThemeSettingsView.swift, ExerciseCardView.swift, SupersetIconStack.swift, WorkoutTimerHeaderView.swift, WorkoutManager.swift, WorkoutMiniPlayerView.swift, ZoomableImageView.swift, FoodAPIService.swift (in target 'FitTrackPro' from project 'FitTrackPro')

SwiftCompile normal arm64 Compiling\ DailyLog.swift,\ Exercise.swift,\ SettingsView.swift,\ NotificationNames.swift,\ Logger+App.swift,\ TrainingPlan+Grouping.swift,\ ThemeManager.swift,\ ExerciseIconView.swift /Users/p016324/.gemini/antigravity/scratch/FitTrackPro/Core/Models/DailyLog.swift /Users/p016324/.gemini/antigravity/scratch/FitTrackPro/Core/Models/Exercise.swift /Users/p016324/.gemini/antigravity/scratch/FitTrackPro/Features/Settings/SettingsView.swift /Users/p016324/.gemini/antigravity/scratch/FitTrackPro/Core/Extensions/NotificationNames.swift /Users/p016324/.gemini/antigravity/scratch/FitTrackPro/Core/Extensions/Logger+App.swift /Users/p016324/.gemini/antigravity/scratch/FitTrackPro/Core/Extensions/TrainingPlan+Grouping.swift /Users/p016324/.gemini/antigravity/scratch/FitTrackPro/Core/Managers/ThemeManager.swift /Users/p016324/.gemini/antigravity/scratch/FitTrackPro/Core/Views/ExerciseIconView.swift (in target 'FitTrackPro' from project 'FitTrackPro')

SwiftCompile normal arm64 /Users/p016324/.gemini/antigravity/scratch/FitTrackPro/Core/Models/DailyLog.swift (in target 'FitTrackPro' from project 'FitTrackPro')
    cd /Users/p016324/.gemini/antigravity/scratch/FitTrackPro
    

SwiftCompile normal arm64 /Users/p016324/.gemini/antigravity/scratch/FitTrackPro/Core/Models/Exercise.swift (in target 'FitTrackPro' from project 'FitTrackPro')
    cd /Users/p016324/.gemini/antigravity/scratch/FitTrackPro
    

SwiftCompile normal arm64 /Users/p016324/.gemini/antigravity/scratch/FitTrackPro/Features/Settings/SettingsView.swift (in target 'FitTrackPro' from project 'FitTrackPro')
    cd /Users/p016324/.gemini/antigravity/scratch/FitTrackPro
    

SwiftCompile normal arm64 /Users/p016324/.gemini/antigravity/scratch/FitTrackPro/Core/Extensions/NotificationNames.swift (in target 'FitTrackPro' from project 'FitTrackPro')
    cd /Users/p016324/.gemini/antigravity/scratch/FitTrackPro
    

SwiftCompile normal arm64 /Users/p016324/.gemini/antigravity/scratch/FitTrackPro/Core/Extensions/Logger+App.swift (in target 'FitTrackPro' from project 'FitTrackPro')
    cd /Users/p016324/.gemini/antigravity/scratch/FitTrackPro
    

SwiftCompile normal arm64 /Users/p016324/.gemini/antigravity/scratch/FitTrackPro/Core/Extensions/TrainingPlan+Grouping.swift (in target 'FitTrackPro' from project 'FitTrackPro')
    cd /Users/p016324/.gemini/antigravity/scratch/FitTrackPro
    

SwiftCompile normal arm64 /Users/p016324/.gemini/antigravity/scratch/FitTrackPro/Core/Managers/ThemeManager.swift (in target 'FitTrackPro' from project 'FitTrackPro')
    cd /Users/p016324/.gemini/antigravity/scratch/FitTrackPro
    

SwiftCompile normal arm64 /Users/p016324/.gemini/antigravity/scratch/FitTrackPro/Core/Views/ExerciseIconView.swift (in target 'FitTrackPro' from project 'FitTrackPro')
    cd /Users/p016324/.gemini/antigravity/scratch/FitTrackPro
    

SwiftDriverJobDiscovery normal arm64 Compiling DashboardWidgetsSmall.swift, DashboardWidgetsLarge.swift, EnergyCalculator.swift, EnergyResult.swift, EnergyDetailView.swift, EnergyCard.swift, DashboardDragDrop.swift, GeneratedAssetSymbols.swift (in target 'FitTrackPro' from project 'FitTrackPro')

SwiftCompile normal arm64 Compiling\ ExerciseProgressChart.swift,\ PlanProgressView.swift,\ StatisticsView.swift,\ ShareSheet.swift,\ PDFExportService.swift,\ PDFEmptyPlanTemplate.swift,\ PDFHistoricalPlanTemplate.swift,\ SharedContainer.swift /Users/p016324/.gemini/antigravity/scratch/FitTrackPro/Features/Statistics/ExerciseProgressChart.swift /Users/p016324/.gemini/antigravity/scratch/FitTrackPro/Features/Statistics/PlanProgressView.swift /Users/p016324/.gemini/antigravity/scratch/FitTrackPro/Features/Statistics/StatisticsView.swift /Users/p016324/.gemini/antigravity/scratch/FitTrackPro/Core/UI/ShareSheet.swift /Users/p016324/.gemini/antigravity/scratch/FitTrackPro/Core/Services/PDFExportService.swift /Users/p016324/.gemini/antigravity/scratch/FitTrackPro/Features/Training/Plans/PDF/PDFEmptyPlanTemplate.swift /Users/p016324/.gemini/antigravity/scratch/FitTrackPro/Features/Training/Plans/PDF/PDFHistoricalPlanTemplate.swift /Users/p016324/.gemini/antigravity/scratch/FitTrackPro/Core/Database/SharedContainer.swift (in target 'FitTrackPro' from project 'FitTrackPro')

SwiftCompile normal arm64 /Users/p016324/.gemini/antigravity/scratch/FitTrackPro/Features/Statistics/ExerciseProgressChart.swift (in target 'FitTrackPro' from project 'FitTrackPro')
    cd /Users/p016324/.gemini/antigravity/scratch/FitTrackPro
    

SwiftCompile normal arm64 /Users/p016324/.gemini/antigravity/scratch/FitTrackPro/Features/Statistics/PlanProgressView.swift (in target 'FitTrackPro' from project 'FitTrackPro')
    cd /Users/p016324/.gemini/antigravity/scratch/FitTrackPro
    

SwiftCompile normal arm64 /Users/p016324/.gemini/antigravity/scratch/FitTrackPro/Features/Statistics/StatisticsView.swift (in target 'FitTrackPro' from project 'FitTrackPro')
    cd /Users/p016324/.gemini/antigravity/scratch/FitTrackPro
    

SwiftCompile normal arm64 /Users/p016324/.gemini/antigravity/scratch/FitTrackPro/Core/UI/ShareSheet.swift (in target 'FitTrackPro' from project 'FitTrackPro')
    cd /Users/p016324/.gemini/antigravity/scratch/FitTrackPro
    

SwiftCompile normal arm64 /Users/p016324/.gemini/antigravity/scratch/FitTrackPro/Core/Services/PDFExportService.swift (in target 'FitTrackPro' from project 'FitTrackPro')
    cd /Users/p016324/.gemini/antigravity/scratch/FitTrackPro
    

SwiftCompile normal arm64 /Users/p016324/.gemini/antigravity/scratch/FitTrackPro/Features/Training/Plans/PDF/PDFEmptyPlanTemplate.swift (in target 'FitTrackPro' from project 'FitTrackPro')
    cd /Users/p016324/.gemini/antigravity/scratch/FitTrackPro
    

SwiftCompile normal arm64 /Users/p016324/.gemini/antigravity/scratch/FitTrackPro/Features/Training/Plans/PDF/PDFHistoricalPlanTemplate.swift (in target 'FitTrackPro' from project 'FitTrackPro')
    cd /Users/p016324/.gemini/antigravity/scratch/FitTrackPro
    

SwiftCompile normal arm64 /Users/p016324/.gemini/antigravity/scratch/FitTrackPro/Core/Database/SharedContainer.swift (in target 'FitTrackPro' from project 'FitTrackPro')
    cd /Users/p016324/.gemini/antigravity/scratch/FitTrackPro
    

SwiftDriverJobDiscovery normal x86_64 Compiling NutritionDashboardView.swift, FoodEntryFormView.swift, BarcodeScannerView.swift, FoodSearchView.swift, MealDetailView.swift, FoodEntryDetailView.swift, DashboardView.swift, WeightTrackerView.swift (in target 'FitTrackPro' from project 'FitTrackPro')

SwiftCompile normal x86_64 Compiling\ HealthKitService.swift,\ StepEntry.swift,\ StepTrackerView.swift,\ StepEntryFormView.swift,\ SavedFood.swift,\ Recipe.swift,\ FoodManagementView.swift,\ RecipeBuilderView.swift /Users/p016324/.gemini/antigravity/scratch/FitTrackPro/Core/Services/HealthKitService.swift /Users/p016324/.gemini/antigravity/scratch/FitTrackPro/Core/Models/StepEntry.swift /Users/p016324/.gemini/antigravity/scratch/FitTrackPro/Features/Steps/StepTrackerView.swift /Users/p016324/.gemini/antigravity/scratch/FitTrackPro/Features/Steps/StepEntryFormView.swift /Users/p016324/.gemini/antigravity/scratch/FitTrackPro/Core/Models/SavedFood.swift /Users/p016324/.gemini/antigravity/scratch/FitTrackPro/Core/Models/Recipe.swift /Users/p016324/.gemini/antigravity/scratch/FitTrackPro/Features/Nutrition/FoodManagementView.swift /Users/p016324/.gemini/antigravity/scratch/FitTrackPro/Features/Nutrition/RecipeBuilderView.swift (in target 'FitTrackPro' from project 'FitTrackPro')

SwiftCompile normal x86_64 /Users/p016324/.gemini/antigravity/scratch/FitTrackPro/Core/Services/HealthKitService.swift (in target 'FitTrackPro' from project 'FitTrackPro')
    cd /Users/p016324/.gemini/antigravity/scratch/FitTrackPro
    
/Users/p016324/.gemini/antigravity/scratch/FitTrackPro/Core/Services/HealthKitService.swift:91:23: warning: 'init(activityType:start:end:workoutEvents:totalEnergyBurned:totalDistance:metadata:)' was deprecated in iOS 17.0: Use HKWorkoutBuilder
        let workout = HKWorkout(
                      ^
/Users/p016324/.gemini/antigravity/scratch/FitTrackPro/Core/Services/HealthKitService.swift:507:25: warning: variable 'currentStart' was never mutated; consider changing to 'let' constant
                    var currentStart = unspec.start
                    ~~~ ^
                    let

SwiftCompile normal x86_64 /Users/p016324/.gemini/antigravity/scratch/FitTrackPro/Core/Models/StepEntry.swift (in target 'FitTrackPro' from project 'FitTrackPro')
    cd /Users/p016324/.gemini/antigravity/scratch/FitTrackPro
    

SwiftCompile normal x86_64 /Users/p016324/.gemini/antigravity/scratch/FitTrackPro/Features/Steps/StepTrackerView.swift (in target 'FitTrackPro' from project 'FitTrackPro')
    cd /Users/p016324/.gemini/antigravity/scratch/FitTrackPro
    
/Users/p016324/.gemini/antigravity/scratch/FitTrackPro/Features/Steps/StepTrackerView.swift:51:18: warning: 'onChange(of:perform:)' was deprecated in iOS 17.0: Use `onChange` with a two or zero parameter action closure instead.
                .onChange(of: selectedTimeRange) { _ in
                 ^
/Users/p016324/.gemini/antigravity/scratch/FitTrackPro/Features/Steps/StepTrackerView.swift:186:10: warning: 'onChange(of:perform:)' was deprecated in iOS 17.0: Use `onChange` with a two or zero parameter action closure instead.
        .onChange(of: manualEntries) { _ in
         ^

SwiftCompile normal x86_64 /Users/p016324/.gemini/antigravity/scratch/FitTrackPro/Features/Steps/StepEntryFormView.swift (in target 'FitTrackPro' from project 'FitTrackPro')
    cd /Users/p016324/.gemini/antigravity/scratch/FitTrackPro
    

SwiftCompile normal x86_64 /Users/p016324/.gemini/antigravity/scratch/FitTrackPro/Core/Models/SavedFood.swift (in target 'FitTrackPro' from project 'FitTrackPro')
    cd /Users/p016324/.gemini/antigravity/scratch/FitTrackPro
    

SwiftCompile normal x86_64 /Users/p016324/.gemini/antigravity/scratch/FitTrackPro/Core/Models/Recipe.swift (in target 'FitTrackPro' from project 'FitTrackPro')
    cd /Users/p016324/.gemini/antigravity/scratch/FitTrackPro
    

SwiftCompile normal x86_64 /Users/p016324/.gemini/antigravity/scratch/FitTrackPro/Features/Nutrition/FoodManagementView.swift (in target 'FitTrackPro' from project 'FitTrackPro')
    cd /Users/p016324/.gemini/antigravity/scratch/FitTrackPro
    

SwiftCompile normal x86_64 /Users/p016324/.gemini/antigravity/scratch/FitTrackPro/Features/Nutrition/RecipeBuilderView.swift (in target 'FitTrackPro' from project 'FitTrackPro')
    cd /Users/p016324/.gemini/antigravity/scratch/FitTrackPro
    

SwiftDriverJobDiscovery normal arm64 Compiling HealthKitService.swift, StepEntry.swift, StepTrackerView.swift, StepEntryFormView.swift, SavedFood.swift, Recipe.swift, FoodManagementView.swift, RecipeBuilderView.swift (in target 'FitTrackPro' from project 'FitTrackPro')

SwiftCompile normal arm64 Compiling\ SleepTrackerView.swift,\ SleepEntryFormView.swift,\ RecoveryCalculator.swift,\ RecoveryView.swift,\ SleepDaySummary.swift,\ SleepDetailView.swift,\ RecoveryFactorDetailView.swift,\ DashboardLayoutConfig.swift /Users/p016324/.gemini/antigravity/scratch/FitTrackPro/Features/SleepTracker/SleepTrackerView.swift /Users/p016324/.gemini/antigravity/scratch/FitTrackPro/Features/SleepTracker/SleepEntryFormView.swift /Users/p016324/.gemini/antigravity/scratch/FitTrackPro/Features/Recovery/RecoveryCalculator.swift /Users/p016324/.gemini/antigravity/scratch/FitTrackPro/Features/Recovery/RecoveryView.swift /Users/p016324/.gemini/antigravity/scratch/FitTrackPro/Core/Models/SleepDaySummary.swift /Users/p016324/.gemini/antigravity/scratch/FitTrackPro/Features/SleepTracker/SleepDetailView.swift /Users/p016324/.gemini/antigravity/scratch/FitTrackPro/Features/Recovery/RecoveryFactorDetailView.swift /Users/p016324/.gemini/antigravity/scratch/FitTrackPro/Core/Models/DashboardLayoutConfig.swift (in target 'FitTrackPro' from project 'FitTrackPro')

SwiftCompile normal arm64 /Users/p016324/.gemini/antigravity/scratch/FitTrackPro/Features/SleepTracker/SleepTrackerView.swift (in target 'FitTrackPro' from project 'FitTrackPro')
    cd /Users/p016324/.gemini/antigravity/scratch/FitTrackPro
    

SwiftCompile normal arm64 /Users/p016324/.gemini/antigravity/scratch/FitTrackPro/Features/SleepTracker/SleepEntryFormView.swift (in target 'FitTrackPro' from project 'FitTrackPro')
    cd /Users/p016324/.gemini/antigravity/scratch/FitTrackPro
    

SwiftCompile normal arm64 /Users/p016324/.gemini/antigravity/scratch/FitTrackPro/Features/Recovery/RecoveryCalculator.swift (in target 'FitTrackPro' from project 'FitTrackPro')
    cd /Users/p016324/.gemini/antigravity/scratch/FitTrackPro
    

SwiftCompile normal arm64 /Users/p016324/.gemini/antigravity/scratch/FitTrackPro/Features/Recovery/RecoveryView.swift (in target 'FitTrackPro' from project 'FitTrackPro')
    cd /Users/p016324/.gemini/antigravity/scratch/FitTrackPro
    

SwiftCompile normal arm64 /Users/p016324/.gemini/antigravity/scratch/FitTrackPro/Core/Models/SleepDaySummary.swift (in target 'FitTrackPro' from project 'FitTrackPro')
    cd /Users/p016324/.gemini/antigravity/scratch/FitTrackPro
    

SwiftCompile normal arm64 /Users/p016324/.gemini/antigravity/scratch/FitTrackPro/Features/SleepTracker/SleepDetailView.swift (in target 'FitTrackPro' from project 'FitTrackPro')
    cd /Users/p016324/.gemini/antigravity/scratch/FitTrackPro
    

SwiftCompile normal arm64 /Users/p016324/.gemini/antigravity/scratch/FitTrackPro/Features/Recovery/RecoveryFactorDetailView.swift (in target 'FitTrackPro' from project 'FitTrackPro')
    cd /Users/p016324/.gemini/antigravity/scratch/FitTrackPro
    

SwiftCompile normal arm64 /Users/p016324/.gemini/antigravity/scratch/FitTrackPro/Core/Models/DashboardLayoutConfig.swift (in target 'FitTrackPro' from project 'FitTrackPro')
    cd /Users/p016324/.gemini/antigravity/scratch/FitTrackPro
    

SwiftDriverJobDiscovery normal arm64 Compiling ExerciseFormView.swift, NotificationService.swift, WorkoutSessionView.swift, WorkoutSetRowView.swift, WorkoutSessionViewModel.swift, ExerciseDetailView.swift, SeedDataService.swift, ExerciseLibraryViewModel.swift, TrainingPlan.swift (in target 'FitTrackPro' from project 'FitTrackPro')

SwiftDriverJobDiscovery normal x86_64 Compiling PlanDetailView.swift, PlanExerciseRowView.swift, ExerciseSelectionView.swift, ExerciseHistoryView.swift, TrainingPlansView.swift, FoodEntry.swift, WeightEntry.swift, WorkoutSet.swift (in target 'FitTrackPro' from project 'FitTrackPro')

ExtractAppIntentsMetadata (in target 'FitTrackProWidgetExtension' from project 'FitTrackPro')
    cd /Users/p016324/.gemini/antigravity/scratch/FitTrackPro
    /Applications/Xcode.app/Contents/Developer/Toolchains/XcodeDefault.xctoolchain/usr/bin/appintentsmetadataprocessor --toolchain-dir /Applications/Xcode.app/Contents/Developer/Toolchains/XcodeDefault.xctoolchain --module-name FitTrackProWidgetExtension --sdk-root /Applications/Xcode.app/Contents/Developer/Platforms/iPhoneSimulator.platform/Developer/SDKs/iPhoneSimulator26.5.sdk --xcode-version 17F113 --platform-family iOS --deployment-target 26.5 --bundle-identifier com.riccardopfeiler.FitTrackPro.FitTrackProWidget --output /Users/p016324/Library/Developer/Xcode/DerivedData/FitTrackPro-dfuxzyqazqijhrdhlxwuokwbmmia/Build/Products/Debug-iphonesimulator/FitTrackProWidgetExtension.appex --target-triple arm64-apple-ios26.5-simulator --target-triple x86_64-apple-ios26.5-simulator --binary-file /Users/p016324/Library/Developer/Xcode/DerivedData/FitTrackPro-dfuxzyqazqijhrdhlxwuokwbmmia/Build/Products/Debug-iphonesimulator/FitTrackProWidgetExtension.appex/FitTrackProWidgetExtension --dependency-file /Users/p016324/Library/Developer/Xcode/DerivedData/FitTrackPro-dfuxzyqazqijhrdhlxwuokwbmmia/Build/Intermediates.noindex/FitTrackPro.build/Debug-iphonesimulator/FitTrackProWidgetExtension.build/Objects-normal/arm64/FitTrackProWidgetExtension_dependency_info.dat --dependency-file /Users/p016324/Library/Developer/Xcode/DerivedData/FitTrackPro-dfuxzyqazqijhrdhlxwuokwbmmia/Build/Intermediates.noindex/FitTrackPro.build/Debug-iphonesimulator/FitTrackProWidgetExtension.build/Objects-normal/x86_64/FitTrackProWidgetExtension_dependency_info.dat --stringsdata-file /Users/p016324/Library/Developer/Xcode/DerivedData/FitTrackPro-dfuxzyqazqijhrdhlxwuokwbmmia/Build/Intermediates.noindex/FitTrackPro.build/Debug-iphonesimulator/FitTrackProWidgetExtension.build/Objects-normal/arm64/ExtractedAppShortcutsMetadata.stringsdata --stringsdata-file /Users/p016324/Library/Developer/Xcode/DerivedData/FitTrackPro-dfuxzyqazqijhrdhlxwuokwbmmia/Build/Intermediates.noindex/FitTrackPro.build/Debug-iphonesimulator/FitTrackProWidgetExtension.build/Objects-normal/x86_64/ExtractedAppShortcutsMetadata.stringsdata --source-file-list /Users/p016324/Library/Developer/Xcode/DerivedData/FitTrackPro-dfuxzyqazqijhrdhlxwuokwbmmia/Build/Intermediates.noindex/FitTrackPro.build/Debug-iphonesimulator/FitTrackProWidgetExtension.build/Objects-normal/arm64/FitTrackProWidgetExtension.SwiftFileList --source-file-list /Users/p016324/Library/Developer/Xcode/DerivedData/FitTrackPro-dfuxzyqazqijhrdhlxwuokwbmmia/Build/Intermediates.noindex/FitTrackPro.build/Debug-iphonesimulator/FitTrackProWidgetExtension.build/Objects-normal/x86_64/FitTrackProWidgetExtension.SwiftFileList --metadata-file-list /Users/p016324/Library/Developer/Xcode/DerivedData/FitTrackPro-dfuxzyqazqijhrdhlxwuokwbmmia/Build/Intermediates.noindex/FitTrackPro.build/Debug-iphonesimulator/FitTrackProWidgetExtension.build/FitTrackProWidgetExtension.DependencyMetadataFileList --static-metadata-file-list /Users/p016324/Library/Developer/Xcode/DerivedData/FitTrackPro-dfuxzyqazqijhrdhlxwuokwbmmia/Build/Intermediates.noindex/FitTrackPro.build/Debug-iphonesimulator/FitTrackProWidgetExtension.build/FitTrackProWidgetExtension.DependencyStaticMetadataFileList --swift-const-vals-list /Users/p016324/Library/Developer/Xcode/DerivedData/FitTrackPro-dfuxzyqazqijhrdhlxwuokwbmmia/Build/Intermediates.noindex/FitTrackPro.build/Debug-iphonesimulator/FitTrackProWidgetExtension.build/Objects-normal/arm64/FitTrackProWidgetExtension.SwiftConstValuesFileList --swift-const-vals-list /Users/p016324/Library/Developer/Xcode/DerivedData/FitTrackPro-dfuxzyqazqijhrdhlxwuokwbmmia/Build/Intermediates.noindex/FitTrackPro.build/Debug-iphonesimulator/FitTrackProWidgetExtension.build/Objects-normal/x86_64/FitTrackProWidgetExtension.SwiftConstValuesFileList --compile-time-extraction --deployment-aware-processing --validate-assistant-intents --no-app-shortcuts-localization
2026-07-05 15:35:36.997 appintentsmetadataprocessor[39461:1101033] Starting appintentsmetadataprocessor export
2026-07-05 15:35:37.050 appintentsmetadataprocessor[39461:1101033] Writing Metadata.appintents
2026-07-05 15:35:37.050 appintentsmetadataprocessor[39461:1101033] Metadata root: /Users/p016324/Library/Developer/Xcode/DerivedData/FitTrackPro-dfuxzyqazqijhrdhlxwuokwbmmia/Build/Products/Debug-iphonesimulator/FitTrackProWidgetExtension.appex/Metadata.appintents

AppIntentsSSUTraining (in target 'FitTrackProWidgetExtension' from project 'FitTrackPro')
    cd /Users/p016324/.gemini/antigravity/scratch/FitTrackPro
    /Applications/Xcode.app/Contents/Developer/Toolchains/XcodeDefault.xctoolchain/usr/bin/appintentsnltrainingprocessor --infoplist-path /Users/p016324/Library/Developer/Xcode/DerivedData/FitTrackPro-dfuxzyqazqijhrdhlxwuokwbmmia/Build/Products/Debug-iphonesimulator/FitTrackProWidgetExtension.appex/Info.plist --temp-dir-path /Users/p016324/Library/Developer/Xcode/DerivedData/FitTrackPro-dfuxzyqazqijhrdhlxwuokwbmmia/Build/Intermediates.noindex/FitTrackPro.build/Debug-iphonesimulator/FitTrackProWidgetExtension.build/ssu --bundle-id com.riccardopfeiler.FitTrackPro.FitTrackProWidget --product-path /Users/p016324/Library/Developer/Xcode/DerivedData/FitTrackPro-dfuxzyqazqijhrdhlxwuokwbmmia/Build/Products/Debug-iphonesimulator/FitTrackProWidgetExtension.appex --extracted-metadata-path /Users/p016324/Library/Developer/Xcode/DerivedData/FitTrackPro-dfuxzyqazqijhrdhlxwuokwbmmia/Build/Products/Debug-iphonesimulator/FitTrackProWidgetExtension.appex/Metadata.appintents --metadata-file-list /Users/p016324/Library/Developer/Xcode/DerivedData/FitTrackPro-dfuxzyqazqijhrdhlxwuokwbmmia/Build/Intermediates.noindex/FitTrackPro.build/Debug-iphonesimulator/FitTrackProWidgetExtension.build/FitTrackProWidgetExtension.DependencyMetadataFileList --source-file /Users/p016324/Library/Developer/Xcode/DerivedData/FitTrackPro-dfuxzyqazqijhrdhlxwuokwbmmia/Build/Products/Debug-iphonesimulator/FitTrackProWidgetExtension.appex/Info.plist --archive-ssu-assets
2026-07-05 15:35:37.115 appintentsnltrainingprocessor[39462:1101038] Parsing options for appintentsnltrainingprocessor
2026-07-05 15:35:37.116 appintentsnltrainingprocessor[39462:1101038] Starting AppIntents SSU YAML Generation
2026-07-05 15:35:37.145 appintentsnltrainingprocessor[39462:1101038] No AppShortcuts found - Skipping.

CodeSign /Users/p016324/Library/Developer/Xcode/DerivedData/FitTrackPro-dfuxzyqazqijhrdhlxwuokwbmmia/Build/Products/Debug-iphonesimulator/FitTrackProWidgetExtension.appex/FitTrackProWidgetExtension.debug.dylib (in target 'FitTrackProWidgetExtension' from project 'FitTrackPro')
    cd /Users/p016324/.gemini/antigravity/scratch/FitTrackPro
    
    Signing Identity:     "Sign to Run Locally"
    
    /usr/bin/codesign --force --sign - --timestamp\=none --generate-entitlement-der /Users/p016324/Library/Developer/Xcode/DerivedData/FitTrackPro-dfuxzyqazqijhrdhlxwuokwbmmia/Build/Products/Debug-iphonesimulator/FitTrackProWidgetExtension.appex/FitTrackProWidgetExtension.debug.dylib

CodeSign /Users/p016324/Library/Developer/Xcode/DerivedData/FitTrackPro-dfuxzyqazqijhrdhlxwuokwbmmia/Build/Products/Debug-iphonesimulator/FitTrackProWidgetExtension.appex/__preview.dylib (in target 'FitTrackProWidgetExtension' from project 'FitTrackPro')
    cd /Users/p016324/.gemini/antigravity/scratch/FitTrackPro
    
    Signing Identity:     "Sign to Run Locally"
    
    /usr/bin/codesign --force --sign - --timestamp\=none --generate-entitlement-der /Users/p016324/Library/Developer/Xcode/DerivedData/FitTrackPro-dfuxzyqazqijhrdhlxwuokwbmmia/Build/Products/Debug-iphonesimulator/FitTrackProWidgetExtension.appex/__preview.dylib

CodeSign /Users/p016324/Library/Developer/Xcode/DerivedData/FitTrackPro-dfuxzyqazqijhrdhlxwuokwbmmia/Build/Products/Debug-iphonesimulator/FitTrackProWidgetExtension.appex (in target 'FitTrackProWidgetExtension' from project 'FitTrackPro')
    cd /Users/p016324/.gemini/antigravity/scratch/FitTrackPro
    
    Signing Identity:     "Sign to Run Locally"
    
    /usr/bin/codesign --force --sign - --entitlements /Users/p016324/Library/Developer/Xcode/DerivedData/FitTrackPro-dfuxzyqazqijhrdhlxwuokwbmmia/Build/Intermediates.noindex/FitTrackPro.build/Debug-iphonesimulator/FitTrackProWidgetExtension.build/FitTrackProWidgetExtension.appex.xcent --timestamp\=none --generate-entitlement-der /Users/p016324/Library/Developer/Xcode/DerivedData/FitTrackPro-dfuxzyqazqijhrdhlxwuokwbmmia/Build/Products/Debug-iphonesimulator/FitTrackProWidgetExtension.appex

RegisterExecutionPolicyException /Users/p016324/Library/Developer/Xcode/DerivedData/FitTrackPro-dfuxzyqazqijhrdhlxwuokwbmmia/Build/Products/Debug-iphonesimulator/FitTrackProWidgetExtension.appex (in target 'FitTrackProWidgetExtension' from project 'FitTrackPro')
    cd /Users/p016324/.gemini/antigravity/scratch/FitTrackPro
    builtin-RegisterExecutionPolicyException /Users/p016324/Library/Developer/Xcode/DerivedData/FitTrackPro-dfuxzyqazqijhrdhlxwuokwbmmia/Build/Products/Debug-iphonesimulator/FitTrackProWidgetExtension.appex

Touch /Users/p016324/Library/Developer/Xcode/DerivedData/FitTrackPro-dfuxzyqazqijhrdhlxwuokwbmmia/Build/Products/Debug-iphonesimulator/FitTrackProWidgetExtension.appex (in target 'FitTrackProWidgetExtension' from project 'FitTrackPro')
    cd /Users/p016324/.gemini/antigravity/scratch/FitTrackPro
    /usr/bin/touch -c /Users/p016324/Library/Developer/Xcode/DerivedData/FitTrackPro-dfuxzyqazqijhrdhlxwuokwbmmia/Build/Products/Debug-iphonesimulator/FitTrackProWidgetExtension.appex

CopyStringsFile /Users/p016324/Library/Developer/Xcode/DerivedData/FitTrackPro-dfuxzyqazqijhrdhlxwuokwbmmia/Build/Products/Debug-iphonesimulator/FitTrackPro.app/en.lproj/Localizable.strings /Users/p016324/.gemini/antigravity/scratch/FitTrackPro/Resources/en.lproj/Localizable.strings (in target 'FitTrackPro' from project 'FitTrackPro')
    cd /Users/p016324/.gemini/antigravity/scratch/FitTrackPro
    builtin-copyStrings --validate --outputencoding binary --outfilename Localizable.strings --outdir /Users/p016324/Library/Developer/Xcode/DerivedData/FitTrackPro-dfuxzyqazqijhrdhlxwuokwbmmia/Build/Products/Debug-iphonesimulator/FitTrackPro.app/en.lproj -- /Users/p016324/.gemini/antigravity/scratch/FitTrackPro/Resources/en.lproj/Localizable.strings
/Users/p016324/.gemini/antigravity/scratch/FitTrackPro/Resources/en.lproj/Localizable.strings:1:1: note: detected encoding of input file as Unicode (UTF-8) (in target 'FitTrackPro' from project 'FitTrackPro')

Ld /Users/p016324/Library/Developer/Xcode/DerivedData/FitTrackPro-dfuxzyqazqijhrdhlxwuokwbmmia/Build/Intermediates.noindex/FitTrackPro.build/Debug-iphonesimulator/FitTrackPro.build/Objects-normal/x86_64/Binary/__preview.dylib normal x86_64 (in target 'FitTrackPro' from project 'FitTrackPro')
    cd /Users/p016324/.gemini/antigravity/scratch/FitTrackPro
    /Applications/Xcode.app/Contents/Developer/Toolchains/XcodeDefault.xctoolchain/usr/bin/clang -Xlinker -reproducible -target x86_64-apple-ios26.5-simulator -dynamiclib -isysroot /Applications/Xcode.app/Contents/Developer/Platforms/iPhoneSimulator.platform/Developer/SDKs/iPhoneSimulator26.5.sdk -O0 -L/Users/p016324/Library/Developer/Xcode/DerivedData/FitTrackPro-dfuxzyqazqijhrdhlxwuokwbmmia/Build/Products/Debug-iphonesimulator -F/Users/p016324/Library/Developer/Xcode/DerivedData/FitTrackPro-dfuxzyqazqijhrdhlxwuokwbmmia/Build/Products/Debug-iphonesimulator -install_name @rpath/FitTrackPro.debug.dylib -Xlinker -dead_strip -rdynamic -Xlinker -no_deduplicate -Xlinker -objc_abi_version -Xlinker 2 -Xlinker -dependency_info -Xlinker /Users/p016324/Library/Developer/Xcode/DerivedData/FitTrackPro-dfuxzyqazqijhrdhlxwuokwbmmia/Build/Intermediates.noindex/FitTrackPro.build/Debug-iphonesimulator/FitTrackPro.build/Objects-normal/x86_64/FitTrackPro_dependency_info.dat -Xlinker -sectcreate -Xlinker __TEXT -Xlinker __entitlements -Xlinker /Users/p016324/Library/Developer/Xcode/DerivedData/FitTrackPro-dfuxzyqazqijhrdhlxwuokwbmmia/Build/Intermediates.noindex/FitTrackPro.build/Debug-iphonesimulator/FitTrackPro.build/FitTrackPro.app-Simulated.xcent -Xlinker -sectcreate -Xlinker __TEXT -Xlinker __ents_der -Xlinker /Users/p016324/Library/Developer/Xcode/DerivedData/FitTrackPro-dfuxzyqazqijhrdhlxwuokwbmmia/Build/Intermediates.noindex/FitTrackPro.build/Debug-iphonesimulator/FitTrackPro.build/FitTrackPro.app-Simulated.xcent.der -Xlinker -no_adhoc_codesign -o /Users/p016324/Library/Developer/Xcode/DerivedData/FitTrackPro-dfuxzyqazqijhrdhlxwuokwbmmia/Build/Intermediates.noindex/FitTrackPro.build/Debug-iphonesimulator/FitTrackPro.build/Objects-normal/x86_64/Binary/__preview.dylib

Ld /Users/p016324/Library/Developer/Xcode/DerivedData/FitTrackPro-dfuxzyqazqijhrdhlxwuokwbmmia/Build/Intermediates.noindex/FitTrackPro.build/Debug-iphonesimulator/FitTrackPro.build/Objects-normal/arm64/Binary/__preview.dylib normal arm64 (in target 'FitTrackPro' from project 'FitTrackPro')
    cd /Users/p016324/.gemini/antigravity/scratch/FitTrackPro
    /Applications/Xcode.app/Contents/Developer/Toolchains/XcodeDefault.xctoolchain/usr/bin/clang -Xlinker -reproducible -target arm64-apple-ios26.5-simulator -dynamiclib -isysroot /Applications/Xcode.app/Contents/Developer/Platforms/iPhoneSimulator.platform/Developer/SDKs/iPhoneSimulator26.5.sdk -O0 -L/Users/p016324/Library/Developer/Xcode/DerivedData/FitTrackPro-dfuxzyqazqijhrdhlxwuokwbmmia/Build/Products/Debug-iphonesimulator -F/Users/p016324/Library/Developer/Xcode/DerivedData/FitTrackPro-dfuxzyqazqijhrdhlxwuokwbmmia/Build/Products/Debug-iphonesimulator -install_name @rpath/FitTrackPro.debug.dylib -Xlinker -dead_strip -rdynamic -Xlinker -no_deduplicate -Xlinker -objc_abi_version -Xlinker 2 -Xlinker -dependency_info -Xlinker /Users/p016324/Library/Developer/Xcode/DerivedData/FitTrackPro-dfuxzyqazqijhrdhlxwuokwbmmia/Build/Intermediates.noindex/FitTrackPro.build/Debug-iphonesimulator/FitTrackPro.build/Objects-normal/arm64/FitTrackPro_dependency_info.dat -Xlinker -sectcreate -Xlinker __TEXT -Xlinker __entitlements -Xlinker /Users/p016324/Library/Developer/Xcode/DerivedData/FitTrackPro-dfuxzyqazqijhrdhlxwuokwbmmia/Build/Intermediates.noindex/FitTrackPro.build/Debug-iphonesimulator/FitTrackPro.build/FitTrackPro.app-Simulated.xcent -Xlinker -sectcreate -Xlinker __TEXT -Xlinker __ents_der -Xlinker /Users/p016324/Library/Developer/Xcode/DerivedData/FitTrackPro-dfuxzyqazqijhrdhlxwuokwbmmia/Build/Intermediates.noindex/FitTrackPro.build/Debug-iphonesimulator/FitTrackPro.build/FitTrackPro.app-Simulated.xcent.der -Xlinker -no_adhoc_codesign -o /Users/p016324/Library/Developer/Xcode/DerivedData/FitTrackPro-dfuxzyqazqijhrdhlxwuokwbmmia/Build/Intermediates.noindex/FitTrackPro.build/Debug-iphonesimulator/FitTrackPro.build/Objects-normal/arm64/Binary/__preview.dylib

CopyStringsFile /Users/p016324/Library/Developer/Xcode/DerivedData/FitTrackPro-dfuxzyqazqijhrdhlxwuokwbmmia/Build/Products/Debug-iphonesimulator/FitTrackPro.app/en.lproj/InfoPlist.strings /Users/p016324/.gemini/antigravity/scratch/FitTrackPro/Resources/en.lproj/InfoPlist.strings (in target 'FitTrackPro' from project 'FitTrackPro')
    cd /Users/p016324/.gemini/antigravity/scratch/FitTrackPro
    builtin-copyStrings --validate --outputencoding binary --outfilename InfoPlist.strings --outdir /Users/p016324/Library/Developer/Xcode/DerivedData/FitTrackPro-dfuxzyqazqijhrdhlxwuokwbmmia/Build/Products/Debug-iphonesimulator/FitTrackPro.app/en.lproj -- /Users/p016324/.gemini/antigravity/scratch/FitTrackPro/Resources/en.lproj/InfoPlist.strings
/Users/p016324/.gemini/antigravity/scratch/FitTrackPro/Resources/en.lproj/InfoPlist.strings:1:1: note: detected encoding of input file as Unicode (UTF-8) (in target 'FitTrackPro' from project 'FitTrackPro')

SwiftDriverJobDiscovery normal arm64 Compiling View+Modifiers.swift, FitTrackProApp.swift, WorkoutSummaryView.swift, Color+Theme.swift, AppStorageKeys.swift, AppRouter.swift, WorkoutSession.swift, PlanExercise.swift, ExerciseLibraryView.swift (in target 'FitTrackPro' from project 'FitTrackPro')

CopyStringsFile /Users/p016324/Library/Developer/Xcode/DerivedData/FitTrackPro-dfuxzyqazqijhrdhlxwuokwbmmia/Build/Products/Debug-iphonesimulator/FitTrackPro.app/de.lproj/Localizable.strings /Users/p016324/.gemini/antigravity/scratch/FitTrackPro/Resources/de.lproj/Localizable.strings (in target 'FitTrackPro' from project 'FitTrackPro')
    cd /Users/p016324/.gemini/antigravity/scratch/FitTrackPro
    builtin-copyStrings --validate --outputencoding binary --outfilename Localizable.strings --outdir /Users/p016324/Library/Developer/Xcode/DerivedData/FitTrackPro-dfuxzyqazqijhrdhlxwuokwbmmia/Build/Products/Debug-iphonesimulator/FitTrackPro.app/de.lproj -- /Users/p016324/.gemini/antigravity/scratch/FitTrackPro/Resources/de.lproj/Localizable.strings
/Users/p016324/.gemini/antigravity/scratch/FitTrackPro/Resources/de.lproj/Localizable.strings:1:1: note: detected encoding of input file as Unicode (UTF-8) (in target 'FitTrackPro' from project 'FitTrackPro')

CopyStringsFile /Users/p016324/Library/Developer/Xcode/DerivedData/FitTrackPro-dfuxzyqazqijhrdhlxwuokwbmmia/Build/Products/Debug-iphonesimulator/FitTrackPro.app/de.lproj/InfoPlist.strings /Users/p016324/.gemini/antigravity/scratch/FitTrackPro/Resources/de.lproj/InfoPlist.strings (in target 'FitTrackPro' from project 'FitTrackPro')
    cd /Users/p016324/.gemini/antigravity/scratch/FitTrackPro
    builtin-copyStrings --validate --outputencoding binary --outfilename InfoPlist.strings --outdir /Users/p016324/Library/Developer/Xcode/DerivedData/FitTrackPro-dfuxzyqazqijhrdhlxwuokwbmmia/Build/Products/Debug-iphonesimulator/FitTrackPro.app/de.lproj -- /Users/p016324/.gemini/antigravity/scratch/FitTrackPro/Resources/de.lproj/InfoPlist.strings
/Users/p016324/.gemini/antigravity/scratch/FitTrackPro/Resources/de.lproj/InfoPlist.strings:1:1: note: detected encoding of input file as Unicode (UTF-8) (in target 'FitTrackPro' from project 'FitTrackPro')

CopyPNGFile /Users/p016324/Library/Developer/Xcode/DerivedData/FitTrackPro-dfuxzyqazqijhrdhlxwuokwbmmia/Build/Products/Debug-iphonesimulator/FitTrackPro.app/VigrLaunchLogo_raw.png /Users/p016324/.gemini/antigravity/scratch/FitTrackPro/VigrLaunchLogo_raw.png (in target 'FitTrackPro' from project 'FitTrackPro')
    cd /Users/p016324/.gemini/antigravity/scratch/FitTrackPro
    /Applications/Xcode.app/Contents/Developer/usr/bin/copypng -compress -strip-PNG-text /Users/p016324/.gemini/antigravity/scratch/FitTrackPro/VigrLaunchLogo_raw.png /Users/p016324/Library/Developer/Xcode/DerivedData/FitTrackPro-dfuxzyqazqijhrdhlxwuokwbmmia/Build/Products/Debug-iphonesimulator/FitTrackPro.app/VigrLaunchLogo_raw.png

CopyPNGFile /Users/p016324/Library/Developer/Xcode/DerivedData/FitTrackPro-dfuxzyqazqijhrdhlxwuokwbmmia/Build/Products/Debug-iphonesimulator/FitTrackPro.app/VigrLaunchLogo_clean_v2.png /Users/p016324/.gemini/antigravity/scratch/FitTrackPro/VigrLaunchLogo_clean_v2.png (in target 'FitTrackPro' from project 'FitTrackPro')
    cd /Users/p016324/.gemini/antigravity/scratch/FitTrackPro
    /Applications/Xcode.app/Contents/Developer/usr/bin/copypng -compress -strip-PNG-text /Users/p016324/.gemini/antigravity/scratch/FitTrackPro/VigrLaunchLogo_clean_v2.png /Users/p016324/Library/Developer/Xcode/DerivedData/FitTrackPro-dfuxzyqazqijhrdhlxwuokwbmmia/Build/Products/Debug-iphonesimulator/FitTrackPro.app/VigrLaunchLogo_clean_v2.png

CreateUniversalBinary /Users/p016324/Library/Developer/Xcode/DerivedData/FitTrackPro-dfuxzyqazqijhrdhlxwuokwbmmia/Build/Products/Debug-iphonesimulator/FitTrackPro.app/__preview.dylib normal arm64\ x86_64 (in target 'FitTrackPro' from project 'FitTrackPro')
    cd /Users/p016324/.gemini/antigravity/scratch/FitTrackPro
    /Applications/Xcode.app/Contents/Developer/Toolchains/XcodeDefault.xctoolchain/usr/bin/lipo -create /Users/p016324/Library/Developer/Xcode/DerivedData/FitTrackPro-dfuxzyqazqijhrdhlxwuokwbmmia/Build/Intermediates.noindex/FitTrackPro.build/Debug-iphonesimulator/FitTrackPro.build/Objects-normal/arm64/Binary/__preview.dylib /Users/p016324/Library/Developer/Xcode/DerivedData/FitTrackPro-dfuxzyqazqijhrdhlxwuokwbmmia/Build/Intermediates.noindex/FitTrackPro.build/Debug-iphonesimulator/FitTrackPro.build/Objects-normal/x86_64/Binary/__preview.dylib -output /Users/p016324/Library/Developer/Xcode/DerivedData/FitTrackPro-dfuxzyqazqijhrdhlxwuokwbmmia/Build/Products/Debug-iphonesimulator/FitTrackPro.app/__preview.dylib

SwiftDriverJobDiscovery normal x86_64 Compiling SavedFoodFormView.swift, WaterEntry.swift, SleepEntry.swift, WaterTrackerCard.swift, SleepTrackerCard.swift, RecoveryCard.swift, WaterTrackerView.swift, WaterEntryFormView.swift (in target 'FitTrackPro' from project 'FitTrackPro')

CopyPNGFile /Users/p016324/Library/Developer/Xcode/DerivedData/FitTrackPro-dfuxzyqazqijhrdhlxwuokwbmmia/Build/Products/Debug-iphonesimulator/FitTrackPro.app/LaunchLogoV3_raw.png /Users/p016324/.gemini/antigravity/scratch/FitTrackPro/LaunchLogoV3_raw.png (in target 'FitTrackPro' from project 'FitTrackPro')
    cd /Users/p016324/.gemini/antigravity/scratch/FitTrackPro
    /Applications/Xcode.app/Contents/Developer/usr/bin/copypng -compress -strip-PNG-text /Users/p016324/.gemini/antigravity/scratch/FitTrackPro/LaunchLogoV3_raw.png /Users/p016324/Library/Developer/Xcode/DerivedData/FitTrackPro-dfuxzyqazqijhrdhlxwuokwbmmia/Build/Products/Debug-iphonesimulator/FitTrackPro.app/LaunchLogoV3_raw.png

CompileStoryboard /Users/p016324/.gemini/antigravity/scratch/FitTrackPro/LaunchScreen.storyboard (in target 'FitTrackPro' from project 'FitTrackPro')
    cd /Users/p016324/.gemini/antigravity/scratch/FitTrackPro
    /Applications/Xcode.app/Contents/Developer/usr/bin/ibtool --errors --warnings --notices --module FitTrackPro --output-partial-info-plist /Users/p016324/Library/Developer/Xcode/DerivedData/FitTrackPro-dfuxzyqazqijhrdhlxwuokwbmmia/Build/Intermediates.noindex/FitTrackPro.build/Debug-iphonesimulator/FitTrackPro.build/LaunchScreen-SBPartialInfo.plist --auto-activate-custom-fonts --target-device iphone --target-device ipad --minimum-deployment-target 26.5 --output-format human-readable-text /Users/p016324/.gemini/antigravity/scratch/FitTrackPro/LaunchScreen.storyboard --compilation-directory /Users/p016324/Library/Developer/Xcode/DerivedData/FitTrackPro-dfuxzyqazqijhrdhlxwuokwbmmia/Build/Intermediates.noindex/FitTrackPro.build/Debug-iphonesimulator/FitTrackPro.build

SwiftDriverJobDiscovery normal arm64 Compiling DailyLog.swift, Exercise.swift, SettingsView.swift, NotificationNames.swift, Logger+App.swift, TrainingPlan+Grouping.swift, ThemeManager.swift, ExerciseIconView.swift (in target 'FitTrackPro' from project 'FitTrackPro')

SwiftDriverJobDiscovery normal x86_64 Compiling ExerciseProgressChart.swift, PlanProgressView.swift, StatisticsView.swift, ShareSheet.swift, PDFExportService.swift, PDFEmptyPlanTemplate.swift, PDFHistoricalPlanTemplate.swift, SharedContainer.swift (in target 'FitTrackPro' from project 'FitTrackPro')

LinkStoryboards (in target 'FitTrackPro' from project 'FitTrackPro')
    cd /Users/p016324/.gemini/antigravity/scratch/FitTrackPro
    /Applications/Xcode.app/Contents/Developer/usr/bin/ibtool --errors --warnings --notices --module FitTrackPro --target-device iphone --target-device ipad --minimum-deployment-target 26.5 --output-format human-readable-text --link /Users/p016324/Library/Developer/Xcode/DerivedData/FitTrackPro-dfuxzyqazqijhrdhlxwuokwbmmia/Build/Products/Debug-iphonesimulator/FitTrackPro.app /Users/p016324/Library/Developer/Xcode/DerivedData/FitTrackPro-dfuxzyqazqijhrdhlxwuokwbmmia/Build/Intermediates.noindex/FitTrackPro.build/Debug-iphonesimulator/FitTrackPro.build/LaunchScreen.storyboardc

ProcessInfoPlistFile /Users/p016324/Library/Developer/Xcode/DerivedData/FitTrackPro-dfuxzyqazqijhrdhlxwuokwbmmia/Build/Products/Debug-iphonesimulator/FitTrackPro.app/Info.plist /Users/p016324/.gemini/antigravity/scratch/FitTrackPro/FitTrackPro-Info.plist (in target 'FitTrackPro' from project 'FitTrackPro')
    cd /Users/p016324/.gemini/antigravity/scratch/FitTrackPro
    builtin-infoPlistUtility /Users/p016324/.gemini/antigravity/scratch/FitTrackPro/FitTrackPro-Info.plist -producttype com.apple.product-type.application -genpkginfo /Users/p016324/Library/Developer/Xcode/DerivedData/FitTrackPro-dfuxzyqazqijhrdhlxwuokwbmmia/Build/Products/Debug-iphonesimulator/FitTrackPro.app/PkgInfo -expandbuildsettings -format binary -platform iphonesimulator -additionalcontentfile /Users/p016324/Library/Developer/Xcode/DerivedData/FitTrackPro-dfuxzyqazqijhrdhlxwuokwbmmia/Build/Intermediates.noindex/FitTrackPro.build/Debug-iphonesimulator/FitTrackPro.build/LaunchScreen-SBPartialInfo.plist -additionalcontentfile /Users/p016324/Library/Developer/Xcode/DerivedData/FitTrackPro-dfuxzyqazqijhrdhlxwuokwbmmia/Build/Intermediates.noindex/FitTrackPro.build/Debug-iphonesimulator/FitTrackPro.build/assetcatalog_generated_info.plist -o /Users/p016324/Library/Developer/Xcode/DerivedData/FitTrackPro-dfuxzyqazqijhrdhlxwuokwbmmia/Build/Products/Debug-iphonesimulator/FitTrackPro.app/Info.plist

SwiftDriverJobDiscovery normal arm64 Compiling NutritionDashboardView.swift, FoodEntryFormView.swift, BarcodeScannerView.swift, FoodSearchView.swift, MealDetailView.swift, FoodEntryDetailView.swift, DashboardView.swift, WeightTrackerView.swift (in target 'FitTrackPro' from project 'FitTrackPro')

SwiftDriverJobDiscovery normal x86_64 Compiling WeightEntryFormView.swift, OnboardingView.swift, OnboardingPages.swift, WorkoutHistoryView.swift, DashboardWidgets.swift, MediaStorageService.swift, ExerciseService.swift, StatisticsViewModel.swift (in target 'FitTrackPro' from project 'FitTrackPro')

SwiftDriverJobDiscovery normal x86_64 Compiling HealthKitService.swift, StepEntry.swift, StepTrackerView.swift, StepEntryFormView.swift, SavedFood.swift, Recipe.swift, FoodManagementView.swift, RecipeBuilderView.swift (in target 'FitTrackPro' from project 'FitTrackPro')

SwiftDriver\ Compilation FitTrackPro normal x86_64 com.apple.xcode.tools.swift.compiler (in target 'FitTrackPro' from project 'FitTrackPro')
    cd /Users/p016324/.gemini/antigravity/scratch/FitTrackPro
    builtin-Swift-Compilation -- /Applications/Xcode.app/Contents/Developer/Toolchains/XcodeDefault.xctoolchain/usr/bin/swiftc -module-name FitTrackPro -Onone @/Users/p016324/Library/Developer/Xcode/DerivedData/FitTrackPro-dfuxzyqazqijhrdhlxwuokwbmmia/Build/Intermediates.noindex/FitTrackPro.build/Debug-iphonesimulator/FitTrackPro.build/Objects-normal/x86_64/FitTrackPro.SwiftFileList -DDEBUG -default-isolation\=MainActor -enable-bare-slash-regex -enable-upcoming-feature DisableOutwardActorInference -enable-upcoming-feature InferSendableFromCaptures -enable-upcoming-feature GlobalActorIsolatedTypesUsability -enable-upcoming-feature MemberImportVisibility -enable-upcoming-feature InferIsolatedConformances -enable-upcoming-feature NonisolatedNonsendingByDefault -enable-experimental-feature DebugDescriptionMacro -sdk /Applications/Xcode.app/Contents/Developer/Platforms/iPhoneSimulator.platform/Developer/SDKs/iPhoneSimulator26.5.sdk -target x86_64-apple-ios26.5-simulator -g -module-cache-path /Users/p016324/Library/Developer/Xcode/DerivedData/ModuleCache.noindex -Xfrontend -serialize-debugging-options -enable-testing -index-store-path /Users/p016324/Library/Developer/Xcode/DerivedData/FitTrackPro-dfuxzyqazqijhrdhlxwuokwbmmia/Index.noindex/DataStore -Xcc -D_LIBCPP_HARDENING_MODE\=_LIBCPP_HARDENING_MODE_DEBUG -swift-version 5 -I /Users/p016324/Library/Developer/Xcode/DerivedData/FitTrackPro-dfuxzyqazqijhrdhlxwuokwbmmia/Build/Products/Debug-iphonesimulator -F /Users/p016324/Library/Developer/Xcode/DerivedData/FitTrackPro-dfuxzyqazqijhrdhlxwuokwbmmia/Build/Products/Debug-iphonesimulator -emit-localized-strings -emit-localized-strings-path /Users/p016324/Library/Developer/Xcode/DerivedData/FitTrackPro-dfuxzyqazqijhrdhlxwuokwbmmia/Build/Intermediates.noindex/FitTrackPro.build/Debug-iphonesimulator/FitTrackPro.build/Objects-normal/x86_64 -c -j12 -enable-batch-mode -incremental -Xcc -ivfsstatcache -Xcc /Users/p016324/Library/Developer/Xcode/DerivedData/SDKStatCaches.noindex/iphonesimulator26.5-23F81a-6cfe768891a92b912361537c460fe42b.sdkstatcache -output-file-map /Users/p016324/Library/Developer/Xcode/DerivedData/FitTrackPro-dfuxzyqazqijhrdhlxwuokwbmmia/Build/Intermediates.noindex/FitTrackPro.build/Debug-iphonesimulator/FitTrackPro.build/Objects-normal/x86_64/FitTrackPro-OutputFileMap.json -use-frontend-parseable-output -save-temps -no-color-diagnostics -explicit-module-build -module-cache-path /Users/p016324/Library/Developer/Xcode/DerivedData/FitTrackPro-dfuxzyqazqijhrdhlxwuokwbmmia/Build/Intermediates.noindex/SwiftExplicitPrecompiledModules -clang-scanner-module-cache-path /Users/p016324/Library/Developer/Xcode/DerivedData/ModuleCache.noindex -sdk-module-cache-path /Users/p016324/Library/Developer/Xcode/DerivedData/ModuleCache.noindex -serialize-diagnostics -emit-dependencies -emit-module -emit-module-path /Users/p016324/Library/Developer/Xcode/DerivedData/FitTrackPro-dfuxzyqazqijhrdhlxwuokwbmmia/Build/Intermediates.noindex/FitTrackPro.build/Debug-iphonesimulator/FitTrackPro.build/Objects-normal/x86_64/FitTrackPro.swiftmodule -validate-clang-modules-once -clang-build-session-file /Users/p016324/Library/Developer/Xcode/DerivedData/ModuleCache.noindex/Session.modulevalidation -Xcc -I/Users/p016324/Library/Developer/Xcode/DerivedData/FitTrackPro-dfuxzyqazqijhrdhlxwuokwbmmia/Build/Intermediates.noindex/FitTrackPro.build/Debug-iphonesimulator/FitTrackPro.build/swift-overrides.hmap -emit-const-values -Xfrontend -const-gather-protocols-file -Xfrontend /Users/p016324/Library/Developer/Xcode/DerivedData/FitTrackPro-dfuxzyqazqijhrdhlxwuokwbmmia/Build/Intermediates.noindex/FitTrackPro.build/Debug-iphonesimulator/FitTrackPro.build/Objects-normal/x86_64/FitTrackPro_const_extract_protocols.json -Xcc -iquote -Xcc /Users/p016324/Library/Developer/Xcode/DerivedData/FitTrackPro-dfuxzyqazqijhrdhlxwuokwbmmia/Build/Intermediates.noindex/FitTrackPro.build/Debug-iphonesimulator/FitTrackPro.build/FitTrackPro-generated-files.hmap -Xcc -I/Users/p016324/Library/Developer/Xcode/DerivedData/FitTrackPro-dfuxzyqazqijhrdhlxwuokwbmmia/Build/Intermediates.noindex/FitTrackPro.build/Debug-iphonesimulator/FitTrackPro.build/FitTrackPro-own-target-headers.hmap -Xcc -I/Users/p016324/Library/Developer/Xcode/DerivedData/FitTrackPro-dfuxzyqazqijhrdhlxwuokwbmmia/Build/Intermediates.noindex/FitTrackPro.build/Debug-iphonesimulator/FitTrackPro.build/FitTrackPro-all-target-headers.hmap -Xcc -iquote -Xcc /Users/p016324/Library/Developer/Xcode/DerivedData/FitTrackPro-dfuxzyqazqijhrdhlxwuokwbmmia/Build/Intermediates.noindex/FitTrackPro.build/Debug-iphonesimulator/FitTrackPro.build/FitTrackPro-project-headers.hmap -Xcc -I/Users/p016324/Library/Developer/Xcode/DerivedData/FitTrackPro-dfuxzyqazqijhrdhlxwuokwbmmia/Build/Products/Debug-iphonesimulator/include -Xcc -I/Users/p016324/Library/Developer/Xcode/DerivedData/FitTrackPro-dfuxzyqazqijhrdhlxwuokwbmmia/Build/Intermediates.noindex/FitTrackPro.build/Debug-iphonesimulator/FitTrackPro.build/DerivedSources-normal/x86_64 -Xcc -I/Users/p016324/Library/Developer/Xcode/DerivedData/FitTrackPro-dfuxzyqazqijhrdhlxwuokwbmmia/Build/Intermediates.noindex/FitTrackPro.build/Debug-iphonesimulator/FitTrackPro.build/DerivedSources/x86_64 -Xcc -I/Users/p016324/Library/Developer/Xcode/DerivedData/FitTrackPro-dfuxzyqazqijhrdhlxwuokwbmmia/Build/Intermediates.noindex/FitTrackPro.build/Debug-iphonesimulator/FitTrackPro.build/DerivedSources -Xcc -DDEBUG\=1 -emit-objc-header -emit-objc-header-path /Users/p016324/Library/Developer/Xcode/DerivedData/FitTrackPro-dfuxzyqazqijhrdhlxwuokwbmmia/Build/Intermediates.noindex/FitTrackPro.build/Debug-iphonesimulator/FitTrackPro.build/Objects-normal/x86_64/FitTrackPro-Swift.h -working-directory /Users/p016324/.gemini/antigravity/scratch/FitTrackPro -experimental-emit-module-separately -disable-cmo

Ld /Users/p016324/Library/Developer/Xcode/DerivedData/FitTrackPro-dfuxzyqazqijhrdhlxwuokwbmmia/Build/Intermediates.noindex/FitTrackPro.build/Debug-iphonesimulator/FitTrackPro.build/Objects-normal/x86_64/Binary/FitTrackPro.debug.dylib normal x86_64 (in target 'FitTrackPro' from project 'FitTrackPro')
    cd /Users/p016324/.gemini/antigravity/scratch/FitTrackPro
    /Applications/Xcode.app/Contents/Developer/Toolchains/XcodeDefault.xctoolchain/usr/bin/clang -Xlinker -reproducible -target x86_64-apple-ios26.5-simulator -dynamiclib -isysroot /Applications/Xcode.app/Contents/Developer/Platforms/iPhoneSimulator.platform/Developer/SDKs/iPhoneSimulator26.5.sdk -O0 -L/Users/p016324/Library/Developer/Xcode/DerivedData/FitTrackPro-dfuxzyqazqijhrdhlxwuokwbmmia/Build/Intermediates.noindex/EagerLinkingTBDs/Debug-iphonesimulator -L/Users/p016324/Library/Developer/Xcode/DerivedData/FitTrackPro-dfuxzyqazqijhrdhlxwuokwbmmia/Build/Products/Debug-iphonesimulator -F/Users/p016324/Library/Developer/Xcode/DerivedData/FitTrackPro-dfuxzyqazqijhrdhlxwuokwbmmia/Build/Intermediates.noindex/EagerLinkingTBDs/Debug-iphonesimulator -F/Users/p016324/Library/Developer/Xcode/DerivedData/FitTrackPro-dfuxzyqazqijhrdhlxwuokwbmmia/Build/Products/Debug-iphonesimulator -filelist /Users/p016324/Library/Developer/Xcode/DerivedData/FitTrackPro-dfuxzyqazqijhrdhlxwuokwbmmia/Build/Intermediates.noindex/FitTrackPro.build/Debug-iphonesimulator/FitTrackPro.build/Objects-normal/x86_64/FitTrackPro.LinkFileList -install_name @rpath/FitTrackPro.debug.dylib -Xlinker -rpath -Xlinker @executable_path/Frameworks -Xlinker -dead_strip -Xlinker -object_path_lto -Xlinker /Users/p016324/Library/Developer/Xcode/DerivedData/FitTrackPro-dfuxzyqazqijhrdhlxwuokwbmmia/Build/Intermediates.noindex/FitTrackPro.build/Debug-iphonesimulator/FitTrackPro.build/Objects-normal/x86_64/FitTrackPro_lto.o -rdynamic -Xlinker -no_deduplicate -Xlinker -objc_abi_version -Xlinker 2 -Xlinker -dependency_info -Xlinker /Users/p016324/Library/Developer/Xcode/DerivedData/FitTrackPro-dfuxzyqazqijhrdhlxwuokwbmmia/Build/Intermediates.noindex/FitTrackPro.build/Debug-iphonesimulator/FitTrackPro.build/Objects-normal/x86_64/FitTrackPro_dependency_info.dat -fobjc-link-runtime -L/Applications/Xcode.app/Contents/Developer/Toolchains/XcodeDefault.xctoolchain/usr/lib/swift/iphonesimulator -L/usr/lib/swift -Xlinker -add_ast_path -Xlinker /Users/p016324/Library/Developer/Xcode/DerivedData/FitTrackPro-dfuxzyqazqijhrdhlxwuokwbmmia/Build/Intermediates.noindex/FitTrackPro.build/Debug-iphonesimulator/FitTrackPro.build/Objects-normal/x86_64/FitTrackPro.swiftmodule @/Users/p016324/Library/Developer/Xcode/DerivedData/FitTrackPro-dfuxzyqazqijhrdhlxwuokwbmmia/Build/Intermediates.noindex/FitTrackPro.build/Debug-iphonesimulator/FitTrackPro.build/Objects-normal/x86_64/FitTrackPro-linker-args.resp -Xlinker -alias -Xlinker _main -Xlinker ___debug_main_executable_dylib_entry_point -Xlinker -no_adhoc_codesign -o /Users/p016324/Library/Developer/Xcode/DerivedData/FitTrackPro-dfuxzyqazqijhrdhlxwuokwbmmia/Build/Intermediates.noindex/FitTrackPro.build/Debug-iphonesimulator/FitTrackPro.build/Objects-normal/x86_64/Binary/FitTrackPro.debug.dylib

ConstructStubExecutorLinkFileList /Users/p016324/Library/Developer/Xcode/DerivedData/FitTrackPro-dfuxzyqazqijhrdhlxwuokwbmmia/Build/Intermediates.noindex/FitTrackPro.build/Debug-iphonesimulator/FitTrackPro.build/FitTrackPro-ExecutorLinkFileList-normal-x86_64.txt (in target 'FitTrackPro' from project 'FitTrackPro')
    cd /Users/p016324/.gemini/antigravity/scratch/FitTrackPro
    construct-stub-executor-link-file-list /Users/p016324/Library/Developer/Xcode/DerivedData/FitTrackPro-dfuxzyqazqijhrdhlxwuokwbmmia/Build/Intermediates.noindex/FitTrackPro.build/Debug-iphonesimulator/FitTrackPro.build/Objects-normal/x86_64/Binary/FitTrackPro.debug.dylib /Applications/Xcode.app/Contents/Developer/Platforms/iPhoneSimulator.platform/Developer/usr/lib/libPreviewsJITStubExecutor_no_swift_entry_point.a /Applications/Xcode.app/Contents/Developer/Platforms/iPhoneSimulator.platform/Developer/usr/lib/libPreviewsJITStubExecutor.a --output /Users/p016324/Library/Developer/Xcode/DerivedData/FitTrackPro-dfuxzyqazqijhrdhlxwuokwbmmia/Build/Intermediates.noindex/FitTrackPro.build/Debug-iphonesimulator/FitTrackPro.build/FitTrackPro-ExecutorLinkFileList-normal-x86_64.txt
note: Using stub executor library with Swift entry point. (in target 'FitTrackPro' from project 'FitTrackPro')

Ld /Users/p016324/Library/Developer/Xcode/DerivedData/FitTrackPro-dfuxzyqazqijhrdhlxwuokwbmmia/Build/Intermediates.noindex/FitTrackPro.build/Debug-iphonesimulator/FitTrackPro.build/Objects-normal/x86_64/Binary/FitTrackPro normal x86_64 (in target 'FitTrackPro' from project 'FitTrackPro')
    cd /Users/p016324/.gemini/antigravity/scratch/FitTrackPro
    /Applications/Xcode.app/Contents/Developer/Toolchains/XcodeDefault.xctoolchain/usr/bin/clang -Xlinker -reproducible -target x86_64-apple-ios26.5-simulator -isysroot /Applications/Xcode.app/Contents/Developer/Platforms/iPhoneSimulator.platform/Developer/SDKs/iPhoneSimulator26.5.sdk -O0 -L/Users/p016324/Library/Developer/Xcode/DerivedData/FitTrackPro-dfuxzyqazqijhrdhlxwuokwbmmia/Build/Products/Debug-iphonesimulator -F/Users/p016324/Library/Developer/Xcode/DerivedData/FitTrackPro-dfuxzyqazqijhrdhlxwuokwbmmia/Build/Products/Debug-iphonesimulator -Xlinker -rpath -Xlinker @executable_path -Xlinker -rpath -Xlinker @executable_path/Frameworks -rdynamic -Xlinker -no_deduplicate -Xlinker -objc_abi_version -Xlinker 2 -e ___debug_blank_executor_main -Xlinker -sectcreate -Xlinker __TEXT -Xlinker __debug_dylib -Xlinker /Users/p016324/Library/Developer/Xcode/DerivedData/FitTrackPro-dfuxzyqazqijhrdhlxwuokwbmmia/Build/Intermediates.noindex/FitTrackPro.build/Debug-iphonesimulator/FitTrackPro.build/FitTrackPro-DebugDylibPath-normal-x86_64.txt -Xlinker -sectcreate -Xlinker __TEXT -Xlinker __debug_instlnm -Xlinker /Users/p016324/Library/Developer/Xcode/DerivedData/FitTrackPro-dfuxzyqazqijhrdhlxwuokwbmmia/Build/Intermediates.noindex/FitTrackPro.build/Debug-iphonesimulator/FitTrackPro.build/FitTrackPro-DebugDylibInstallName-normal-x86_64.txt -Xlinker -filelist -Xlinker /Users/p016324/Library/Developer/Xcode/DerivedData/FitTrackPro-dfuxzyqazqijhrdhlxwuokwbmmia/Build/Intermediates.noindex/FitTrackPro.build/Debug-iphonesimulator/FitTrackPro.build/FitTrackPro-ExecutorLinkFileList-normal-x86_64.txt -Xlinker -sectcreate -Xlinker __TEXT -Xlinker __entitlements -Xlinker /Users/p016324/Library/Developer/Xcode/DerivedData/FitTrackPro-dfuxzyqazqijhrdhlxwuokwbmmia/Build/Intermediates.noindex/FitTrackPro.build/Debug-iphonesimulator/FitTrackPro.build/FitTrackPro.app-Simulated.xcent -Xlinker -sectcreate -Xlinker __TEXT -Xlinker __ents_der -Xlinker /Users/p016324/Library/Developer/Xcode/DerivedData/FitTrackPro-dfuxzyqazqijhrdhlxwuokwbmmia/Build/Intermediates.noindex/FitTrackPro.build/Debug-iphonesimulator/FitTrackPro.build/FitTrackPro.app-Simulated.xcent.der /Users/p016324/Library/Developer/Xcode/DerivedData/FitTrackPro-dfuxzyqazqijhrdhlxwuokwbmmia/Build/Intermediates.noindex/FitTrackPro.build/Debug-iphonesimulator/FitTrackPro.build/Objects-normal/x86_64/Binary/FitTrackPro.debug.dylib -Xlinker -no_adhoc_codesign -o /Users/p016324/Library/Developer/Xcode/DerivedData/FitTrackPro-dfuxzyqazqijhrdhlxwuokwbmmia/Build/Intermediates.noindex/FitTrackPro.build/Debug-iphonesimulator/FitTrackPro.build/Objects-normal/x86_64/Binary/FitTrackPro

SwiftDriverJobDiscovery normal arm64 Compiling ExerciseProgressChart.swift, PlanProgressView.swift, StatisticsView.swift, ShareSheet.swift, PDFExportService.swift, PDFEmptyPlanTemplate.swift, PDFHistoricalPlanTemplate.swift, SharedContainer.swift (in target 'FitTrackPro' from project 'FitTrackPro')

SwiftDriverJobDiscovery normal arm64 Compiling SleepTrackerView.swift, SleepEntryFormView.swift, RecoveryCalculator.swift, RecoveryView.swift, SleepDaySummary.swift, SleepDetailView.swift, RecoveryFactorDetailView.swift, DashboardLayoutConfig.swift (in target 'FitTrackPro' from project 'FitTrackPro')

SwiftDriverJobDiscovery normal arm64 Compiling PlanDetailView.swift, PlanExerciseRowView.swift, ExerciseSelectionView.swift, ExerciseHistoryView.swift, TrainingPlansView.swift, FoodEntry.swift, WeightEntry.swift, WorkoutSet.swift (in target 'FitTrackPro' from project 'FitTrackPro')

SwiftDriverJobDiscovery normal arm64 Compiling WeightEntryFormView.swift, OnboardingView.swift, OnboardingPages.swift, WorkoutHistoryView.swift, DashboardWidgets.swift, MediaStorageService.swift, ExerciseService.swift, StatisticsViewModel.swift (in target 'FitTrackPro' from project 'FitTrackPro')

SwiftDriver\ Compilation FitTrackPro normal arm64 com.apple.xcode.tools.swift.compiler (in target 'FitTrackPro' from project 'FitTrackPro')
    cd /Users/p016324/.gemini/antigravity/scratch/FitTrackPro
    builtin-Swift-Compilation -- /Applications/Xcode.app/Contents/Developer/Toolchains/XcodeDefault.xctoolchain/usr/bin/swiftc -module-name FitTrackPro -Onone @/Users/p016324/Library/Developer/Xcode/DerivedData/FitTrackPro-dfuxzyqazqijhrdhlxwuokwbmmia/Build/Intermediates.noindex/FitTrackPro.build/Debug-iphonesimulator/FitTrackPro.build/Objects-normal/arm64/FitTrackPro.SwiftFileList -DDEBUG -default-isolation\=MainActor -enable-bare-slash-regex -enable-upcoming-feature DisableOutwardActorInference -enable-upcoming-feature InferSendableFromCaptures -enable-upcoming-feature GlobalActorIsolatedTypesUsability -enable-upcoming-feature MemberImportVisibility -enable-upcoming-feature InferIsolatedConformances -enable-upcoming-feature NonisolatedNonsendingByDefault -enable-experimental-feature DebugDescriptionMacro -sdk /Applications/Xcode.app/Contents/Developer/Platforms/iPhoneSimulator.platform/Developer/SDKs/iPhoneSimulator26.5.sdk -target arm64-apple-ios26.5-simulator -g -module-cache-path /Users/p016324/Library/Developer/Xcode/DerivedData/ModuleCache.noindex -Xfrontend -serialize-debugging-options -enable-testing -index-store-path /Users/p016324/Library/Developer/Xcode/DerivedData/FitTrackPro-dfuxzyqazqijhrdhlxwuokwbmmia/Index.noindex/DataStore -Xcc -D_LIBCPP_HARDENING_MODE\=_LIBCPP_HARDENING_MODE_DEBUG -swift-version 5 -I /Users/p016324/Library/Developer/Xcode/DerivedData/FitTrackPro-dfuxzyqazqijhrdhlxwuokwbmmia/Build/Products/Debug-iphonesimulator -F /Users/p016324/Library/Developer/Xcode/DerivedData/FitTrackPro-dfuxzyqazqijhrdhlxwuokwbmmia/Build/Products/Debug-iphonesimulator -emit-localized-strings -emit-localized-strings-path /Users/p016324/Library/Developer/Xcode/DerivedData/FitTrackPro-dfuxzyqazqijhrdhlxwuokwbmmia/Build/Intermediates.noindex/FitTrackPro.build/Debug-iphonesimulator/FitTrackPro.build/Objects-normal/arm64 -c -j12 -enable-batch-mode -incremental -Xcc -ivfsstatcache -Xcc /Users/p016324/Library/Developer/Xcode/DerivedData/SDKStatCaches.noindex/iphonesimulator26.5-23F81a-6cfe768891a92b912361537c460fe42b.sdkstatcache -output-file-map /Users/p016324/Library/Developer/Xcode/DerivedData/FitTrackPro-dfuxzyqazqijhrdhlxwuokwbmmia/Build/Intermediates.noindex/FitTrackPro.build/Debug-iphonesimulator/FitTrackPro.build/Objects-normal/arm64/FitTrackPro-OutputFileMap.json -use-frontend-parseable-output -save-temps -no-color-diagnostics -explicit-module-build -module-cache-path /Users/p016324/Library/Developer/Xcode/DerivedData/FitTrackPro-dfuxzyqazqijhrdhlxwuokwbmmia/Build/Intermediates.noindex/SwiftExplicitPrecompiledModules -clang-scanner-module-cache-path /Users/p016324/Library/Developer/Xcode/DerivedData/ModuleCache.noindex -sdk-module-cache-path /Users/p016324/Library/Developer/Xcode/DerivedData/ModuleCache.noindex -serialize-diagnostics -emit-dependencies -emit-module -emit-module-path /Users/p016324/Library/Developer/Xcode/DerivedData/FitTrackPro-dfuxzyqazqijhrdhlxwuokwbmmia/Build/Intermediates.noindex/FitTrackPro.build/Debug-iphonesimulator/FitTrackPro.build/Objects-normal/arm64/FitTrackPro.swiftmodule -validate-clang-modules-once -clang-build-session-file /Users/p016324/Library/Developer/Xcode/DerivedData/ModuleCache.noindex/Session.modulevalidation -Xcc -I/Users/p016324/Library/Developer/Xcode/DerivedData/FitTrackPro-dfuxzyqazqijhrdhlxwuokwbmmia/Build/Intermediates.noindex/FitTrackPro.build/Debug-iphonesimulator/FitTrackPro.build/swift-overrides.hmap -emit-const-values -Xfrontend -const-gather-protocols-file -Xfrontend /Users/p016324/Library/Developer/Xcode/DerivedData/FitTrackPro-dfuxzyqazqijhrdhlxwuokwbmmia/Build/Intermediates.noindex/FitTrackPro.build/Debug-iphonesimulator/FitTrackPro.build/Objects-normal/arm64/FitTrackPro_const_extract_protocols.json -Xcc -iquote -Xcc /Users/p016324/Library/Developer/Xcode/DerivedData/FitTrackPro-dfuxzyqazqijhrdhlxwuokwbmmia/Build/Intermediates.noindex/FitTrackPro.build/Debug-iphonesimulator/FitTrackPro.build/FitTrackPro-generated-files.hmap -Xcc -I/Users/p016324/Library/Developer/Xcode/DerivedData/FitTrackPro-dfuxzyqazqijhrdhlxwuokwbmmia/Build/Intermediates.noindex/FitTrackPro.build/Debug-iphonesimulator/FitTrackPro.build/FitTrackPro-own-target-headers.hmap -Xcc -I/Users/p016324/Library/Developer/Xcode/DerivedData/FitTrackPro-dfuxzyqazqijhrdhlxwuokwbmmia/Build/Intermediates.noindex/FitTrackPro.build/Debug-iphonesimulator/FitTrackPro.build/FitTrackPro-all-target-headers.hmap -Xcc -iquote -Xcc /Users/p016324/Library/Developer/Xcode/DerivedData/FitTrackPro-dfuxzyqazqijhrdhlxwuokwbmmia/Build/Intermediates.noindex/FitTrackPro.build/Debug-iphonesimulator/FitTrackPro.build/FitTrackPro-project-headers.hmap -Xcc -I/Users/p016324/Library/Developer/Xcode/DerivedData/FitTrackPro-dfuxzyqazqijhrdhlxwuokwbmmia/Build/Products/Debug-iphonesimulator/include -Xcc -I/Users/p016324/Library/Developer/Xcode/DerivedData/FitTrackPro-dfuxzyqazqijhrdhlxwuokwbmmia/Build/Intermediates.noindex/FitTrackPro.build/Debug-iphonesimulator/FitTrackPro.build/DerivedSources-normal/arm64 -Xcc -I/Users/p016324/Library/Developer/Xcode/DerivedData/FitTrackPro-dfuxzyqazqijhrdhlxwuokwbmmia/Build/Intermediates.noindex/FitTrackPro.build/Debug-iphonesimulator/FitTrackPro.build/DerivedSources/arm64 -Xcc -I/Users/p016324/Library/Developer/Xcode/DerivedData/FitTrackPro-dfuxzyqazqijhrdhlxwuokwbmmia/Build/Intermediates.noindex/FitTrackPro.build/Debug-iphonesimulator/FitTrackPro.build/DerivedSources -Xcc -DDEBUG\=1 -emit-objc-header -emit-objc-header-path /Users/p016324/Library/Developer/Xcode/DerivedData/FitTrackPro-dfuxzyqazqijhrdhlxwuokwbmmia/Build/Intermediates.noindex/FitTrackPro.build/Debug-iphonesimulator/FitTrackPro.build/Objects-normal/arm64/FitTrackPro-Swift.h -working-directory /Users/p016324/.gemini/antigravity/scratch/FitTrackPro -experimental-emit-module-separately -disable-cmo

Ld /Users/p016324/Library/Developer/Xcode/DerivedData/FitTrackPro-dfuxzyqazqijhrdhlxwuokwbmmia/Build/Intermediates.noindex/FitTrackPro.build/Debug-iphonesimulator/FitTrackPro.build/Objects-normal/arm64/Binary/FitTrackPro.debug.dylib normal arm64 (in target 'FitTrackPro' from project 'FitTrackPro')
    cd /Users/p016324/.gemini/antigravity/scratch/FitTrackPro
    /Applications/Xcode.app/Contents/Developer/Toolchains/XcodeDefault.xctoolchain/usr/bin/clang -Xlinker -reproducible -target arm64-apple-ios26.5-simulator -dynamiclib -isysroot /Applications/Xcode.app/Contents/Developer/Platforms/iPhoneSimulator.platform/Developer/SDKs/iPhoneSimulator26.5.sdk -O0 -L/Users/p016324/Library/Developer/Xcode/DerivedData/FitTrackPro-dfuxzyqazqijhrdhlxwuokwbmmia/Build/Intermediates.noindex/EagerLinkingTBDs/Debug-iphonesimulator -L/Users/p016324/Library/Developer/Xcode/DerivedData/FitTrackPro-dfuxzyqazqijhrdhlxwuokwbmmia/Build/Products/Debug-iphonesimulator -F/Users/p016324/Library/Developer/Xcode/DerivedData/FitTrackPro-dfuxzyqazqijhrdhlxwuokwbmmia/Build/Intermediates.noindex/EagerLinkingTBDs/Debug-iphonesimulator -F/Users/p016324/Library/Developer/Xcode/DerivedData/FitTrackPro-dfuxzyqazqijhrdhlxwuokwbmmia/Build/Products/Debug-iphonesimulator -filelist /Users/p016324/Library/Developer/Xcode/DerivedData/FitTrackPro-dfuxzyqazqijhrdhlxwuokwbmmia/Build/Intermediates.noindex/FitTrackPro.build/Debug-iphonesimulator/FitTrackPro.build/Objects-normal/arm64/FitTrackPro.LinkFileList -install_name @rpath/FitTrackPro.debug.dylib -Xlinker -rpath -Xlinker @executable_path/Frameworks -Xlinker -dead_strip -Xlinker -object_path_lto -Xlinker /Users/p016324/Library/Developer/Xcode/DerivedData/FitTrackPro-dfuxzyqazqijhrdhlxwuokwbmmia/Build/Intermediates.noindex/FitTrackPro.build/Debug-iphonesimulator/FitTrackPro.build/Objects-normal/arm64/FitTrackPro_lto.o -rdynamic -Xlinker -no_deduplicate -Xlinker -objc_abi_version -Xlinker 2 -Xlinker -dependency_info -Xlinker /Users/p016324/Library/Developer/Xcode/DerivedData/FitTrackPro-dfuxzyqazqijhrdhlxwuokwbmmia/Build/Intermediates.noindex/FitTrackPro.build/Debug-iphonesimulator/FitTrackPro.build/Objects-normal/arm64/FitTrackPro_dependency_info.dat -fobjc-link-runtime -L/Applications/Xcode.app/Contents/Developer/Toolchains/XcodeDefault.xctoolchain/usr/lib/swift/iphonesimulator -L/usr/lib/swift -Xlinker -add_ast_path -Xlinker /Users/p016324/Library/Developer/Xcode/DerivedData/FitTrackPro-dfuxzyqazqijhrdhlxwuokwbmmia/Build/Intermediates.noindex/FitTrackPro.build/Debug-iphonesimulator/FitTrackPro.build/Objects-normal/arm64/FitTrackPro.swiftmodule @/Users/p016324/Library/Developer/Xcode/DerivedData/FitTrackPro-dfuxzyqazqijhrdhlxwuokwbmmia/Build/Intermediates.noindex/FitTrackPro.build/Debug-iphonesimulator/FitTrackPro.build/Objects-normal/arm64/FitTrackPro-linker-args.resp -Xlinker -alias -Xlinker _main -Xlinker ___debug_main_executable_dylib_entry_point -Xlinker -no_adhoc_codesign -o /Users/p016324/Library/Developer/Xcode/DerivedData/FitTrackPro-dfuxzyqazqijhrdhlxwuokwbmmia/Build/Intermediates.noindex/FitTrackPro.build/Debug-iphonesimulator/FitTrackPro.build/Objects-normal/arm64/Binary/FitTrackPro.debug.dylib

CreateUniversalBinary /Users/p016324/Library/Developer/Xcode/DerivedData/FitTrackPro-dfuxzyqazqijhrdhlxwuokwbmmia/Build/Products/Debug-iphonesimulator/FitTrackPro.app/FitTrackPro.debug.dylib normal arm64\ x86_64 (in target 'FitTrackPro' from project 'FitTrackPro')
    cd /Users/p016324/.gemini/antigravity/scratch/FitTrackPro
    /Applications/Xcode.app/Contents/Developer/Toolchains/XcodeDefault.xctoolchain/usr/bin/lipo -create /Users/p016324/Library/Developer/Xcode/DerivedData/FitTrackPro-dfuxzyqazqijhrdhlxwuokwbmmia/Build/Intermediates.noindex/FitTrackPro.build/Debug-iphonesimulator/FitTrackPro.build/Objects-normal/arm64/Binary/FitTrackPro.debug.dylib /Users/p016324/Library/Developer/Xcode/DerivedData/FitTrackPro-dfuxzyqazqijhrdhlxwuokwbmmia/Build/Intermediates.noindex/FitTrackPro.build/Debug-iphonesimulator/FitTrackPro.build/Objects-normal/x86_64/Binary/FitTrackPro.debug.dylib -output /Users/p016324/Library/Developer/Xcode/DerivedData/FitTrackPro-dfuxzyqazqijhrdhlxwuokwbmmia/Build/Products/Debug-iphonesimulator/FitTrackPro.app/FitTrackPro.debug.dylib

ConstructStubExecutorLinkFileList /Users/p016324/Library/Developer/Xcode/DerivedData/FitTrackPro-dfuxzyqazqijhrdhlxwuokwbmmia/Build/Intermediates.noindex/FitTrackPro.build/Debug-iphonesimulator/FitTrackPro.build/FitTrackPro-ExecutorLinkFileList-normal-arm64.txt (in target 'FitTrackPro' from project 'FitTrackPro')
    cd /Users/p016324/.gemini/antigravity/scratch/FitTrackPro
    construct-stub-executor-link-file-list /Users/p016324/Library/Developer/Xcode/DerivedData/FitTrackPro-dfuxzyqazqijhrdhlxwuokwbmmia/Build/Intermediates.noindex/FitTrackPro.build/Debug-iphonesimulator/FitTrackPro.build/Objects-normal/arm64/Binary/FitTrackPro.debug.dylib /Applications/Xcode.app/Contents/Developer/Platforms/iPhoneSimulator.platform/Developer/usr/lib/libPreviewsJITStubExecutor_no_swift_entry_point.a /Applications/Xcode.app/Contents/Developer/Platforms/iPhoneSimulator.platform/Developer/usr/lib/libPreviewsJITStubExecutor.a --output /Users/p016324/Library/Developer/Xcode/DerivedData/FitTrackPro-dfuxzyqazqijhrdhlxwuokwbmmia/Build/Intermediates.noindex/FitTrackPro.build/Debug-iphonesimulator/FitTrackPro.build/FitTrackPro-ExecutorLinkFileList-normal-arm64.txt
note: Using stub executor library with Swift entry point. (in target 'FitTrackPro' from project 'FitTrackPro')

Ld /Users/p016324/Library/Developer/Xcode/DerivedData/FitTrackPro-dfuxzyqazqijhrdhlxwuokwbmmia/Build/Intermediates.noindex/FitTrackPro.build/Debug-iphonesimulator/FitTrackPro.build/Objects-normal/arm64/Binary/FitTrackPro normal arm64 (in target 'FitTrackPro' from project 'FitTrackPro')
    cd /Users/p016324/.gemini/antigravity/scratch/FitTrackPro
    /Applications/Xcode.app/Contents/Developer/Toolchains/XcodeDefault.xctoolchain/usr/bin/clang -Xlinker -reproducible -target arm64-apple-ios26.5-simulator -isysroot /Applications/Xcode.app/Contents/Developer/Platforms/iPhoneSimulator.platform/Developer/SDKs/iPhoneSimulator26.5.sdk -O0 -L/Users/p016324/Library/Developer/Xcode/DerivedData/FitTrackPro-dfuxzyqazqijhrdhlxwuokwbmmia/Build/Products/Debug-iphonesimulator -F/Users/p016324/Library/Developer/Xcode/DerivedData/FitTrackPro-dfuxzyqazqijhrdhlxwuokwbmmia/Build/Products/Debug-iphonesimulator -Xlinker -rpath -Xlinker @executable_path -Xlinker -rpath -Xlinker @executable_path/Frameworks -rdynamic -Xlinker -no_deduplicate -Xlinker -objc_abi_version -Xlinker 2 -e ___debug_blank_executor_main -Xlinker -sectcreate -Xlinker __TEXT -Xlinker __debug_dylib -Xlinker /Users/p016324/Library/Developer/Xcode/DerivedData/FitTrackPro-dfuxzyqazqijhrdhlxwuokwbmmia/Build/Intermediates.noindex/FitTrackPro.build/Debug-iphonesimulator/FitTrackPro.build/FitTrackPro-DebugDylibPath-normal-arm64.txt -Xlinker -sectcreate -Xlinker __TEXT -Xlinker __debug_instlnm -Xlinker /Users/p016324/Library/Developer/Xcode/DerivedData/FitTrackPro-dfuxzyqazqijhrdhlxwuokwbmmia/Build/Intermediates.noindex/FitTrackPro.build/Debug-iphonesimulator/FitTrackPro.build/FitTrackPro-DebugDylibInstallName-normal-arm64.txt -Xlinker -filelist -Xlinker /Users/p016324/Library/Developer/Xcode/DerivedData/FitTrackPro-dfuxzyqazqijhrdhlxwuokwbmmia/Build/Intermediates.noindex/FitTrackPro.build/Debug-iphonesimulator/FitTrackPro.build/FitTrackPro-ExecutorLinkFileList-normal-arm64.txt -Xlinker -sectcreate -Xlinker __TEXT -Xlinker __entitlements -Xlinker /Users/p016324/Library/Developer/Xcode/DerivedData/FitTrackPro-dfuxzyqazqijhrdhlxwuokwbmmia/Build/Intermediates.noindex/FitTrackPro.build/Debug-iphonesimulator/FitTrackPro.build/FitTrackPro.app-Simulated.xcent -Xlinker -sectcreate -Xlinker __TEXT -Xlinker __ents_der -Xlinker /Users/p016324/Library/Developer/Xcode/DerivedData/FitTrackPro-dfuxzyqazqijhrdhlxwuokwbmmia/Build/Intermediates.noindex/FitTrackPro.build/Debug-iphonesimulator/FitTrackPro.build/FitTrackPro.app-Simulated.xcent.der /Users/p016324/Library/Developer/Xcode/DerivedData/FitTrackPro-dfuxzyqazqijhrdhlxwuokwbmmia/Build/Intermediates.noindex/FitTrackPro.build/Debug-iphonesimulator/FitTrackPro.build/Objects-normal/arm64/Binary/FitTrackPro.debug.dylib -Xlinker -no_adhoc_codesign -o /Users/p016324/Library/Developer/Xcode/DerivedData/FitTrackPro-dfuxzyqazqijhrdhlxwuokwbmmia/Build/Intermediates.noindex/FitTrackPro.build/Debug-iphonesimulator/FitTrackPro.build/Objects-normal/arm64/Binary/FitTrackPro

CreateUniversalBinary /Users/p016324/Library/Developer/Xcode/DerivedData/FitTrackPro-dfuxzyqazqijhrdhlxwuokwbmmia/Build/Products/Debug-iphonesimulator/FitTrackPro.app/FitTrackPro normal arm64\ x86_64 (in target 'FitTrackPro' from project 'FitTrackPro')
    cd /Users/p016324/.gemini/antigravity/scratch/FitTrackPro
    /Applications/Xcode.app/Contents/Developer/Toolchains/XcodeDefault.xctoolchain/usr/bin/lipo -create /Users/p016324/Library/Developer/Xcode/DerivedData/FitTrackPro-dfuxzyqazqijhrdhlxwuokwbmmia/Build/Intermediates.noindex/FitTrackPro.build/Debug-iphonesimulator/FitTrackPro.build/Objects-normal/arm64/Binary/FitTrackPro /Users/p016324/Library/Developer/Xcode/DerivedData/FitTrackPro-dfuxzyqazqijhrdhlxwuokwbmmia/Build/Intermediates.noindex/FitTrackPro.build/Debug-iphonesimulator/FitTrackPro.build/Objects-normal/x86_64/Binary/FitTrackPro -output /Users/p016324/Library/Developer/Xcode/DerivedData/FitTrackPro-dfuxzyqazqijhrdhlxwuokwbmmia/Build/Products/Debug-iphonesimulator/FitTrackPro.app/FitTrackPro

CopySwiftLibs /Users/p016324/Library/Developer/Xcode/DerivedData/FitTrackPro-dfuxzyqazqijhrdhlxwuokwbmmia/Build/Products/Debug-iphonesimulator/FitTrackPro.app (in target 'FitTrackPro' from project 'FitTrackPro')
    cd /Users/p016324/.gemini/antigravity/scratch/FitTrackPro
    builtin-swiftStdLibTool --copy --verbose --sign - --scan-executable /Users/p016324/Library/Developer/Xcode/DerivedData/FitTrackPro-dfuxzyqazqijhrdhlxwuokwbmmia/Build/Products/Debug-iphonesimulator/FitTrackPro.app/FitTrackPro.debug.dylib --scan-folder /Users/p016324/Library/Developer/Xcode/DerivedData/FitTrackPro-dfuxzyqazqijhrdhlxwuokwbmmia/Build/Products/Debug-iphonesimulator/FitTrackPro.app/Frameworks --scan-folder /Users/p016324/Library/Developer/Xcode/DerivedData/FitTrackPro-dfuxzyqazqijhrdhlxwuokwbmmia/Build/Products/Debug-iphonesimulator/FitTrackPro.app/PlugIns --scan-folder /Users/p016324/Library/Developer/Xcode/DerivedData/FitTrackPro-dfuxzyqazqijhrdhlxwuokwbmmia/Build/Products/Debug-iphonesimulator/FitTrackPro.app/SystemExtensions --scan-folder /Users/p016324/Library/Developer/Xcode/DerivedData/FitTrackPro-dfuxzyqazqijhrdhlxwuokwbmmia/Build/Products/Debug-iphonesimulator/FitTrackPro.app/Extensions --platform iphonesimulator --toolchain /Applications/Xcode.app/Contents/Developer/Toolchains/XcodeDefault.xctoolchain --destination /Users/p016324/Library/Developer/Xcode/DerivedData/FitTrackPro-dfuxzyqazqijhrdhlxwuokwbmmia/Build/Products/Debug-iphonesimulator/FitTrackPro.app/Frameworks --strip-bitcode --strip-bitcode-tool /Applications/Xcode.app/Contents/Developer/Toolchains/XcodeDefault.xctoolchain/usr/bin/bitcode_strip --emit-dependency-info /Users/p016324/Library/Developer/Xcode/DerivedData/FitTrackPro-dfuxzyqazqijhrdhlxwuokwbmmia/Build/Intermediates.noindex/FitTrackPro.build/Debug-iphonesimulator/FitTrackPro.build/SwiftStdLibToolInputDependencies.dep --filter-for-swift-os

ExtractAppIntentsMetadata (in target 'FitTrackPro' from project 'FitTrackPro')
    cd /Users/p016324/.gemini/antigravity/scratch/FitTrackPro
    /Applications/Xcode.app/Contents/Developer/Toolchains/XcodeDefault.xctoolchain/usr/bin/appintentsmetadataprocessor --toolchain-dir /Applications/Xcode.app/Contents/Developer/Toolchains/XcodeDefault.xctoolchain --module-name FitTrackPro --sdk-root /Applications/Xcode.app/Contents/Developer/Platforms/iPhoneSimulator.platform/Developer/SDKs/iPhoneSimulator26.5.sdk --xcode-version 17F113 --platform-family iOS --deployment-target 26.5 --bundle-identifier com.riccardopfeiler.FitTrackPro --output /Users/p016324/Library/Developer/Xcode/DerivedData/FitTrackPro-dfuxzyqazqijhrdhlxwuokwbmmia/Build/Products/Debug-iphonesimulator/FitTrackPro.app --target-triple arm64-apple-ios26.5-simulator --target-triple x86_64-apple-ios26.5-simulator --binary-file /Users/p016324/Library/Developer/Xcode/DerivedData/FitTrackPro-dfuxzyqazqijhrdhlxwuokwbmmia/Build/Products/Debug-iphonesimulator/FitTrackPro.app/FitTrackPro --dependency-file /Users/p016324/Library/Developer/Xcode/DerivedData/FitTrackPro-dfuxzyqazqijhrdhlxwuokwbmmia/Build/Intermediates.noindex/FitTrackPro.build/Debug-iphonesimulator/FitTrackPro.build/Objects-normal/arm64/FitTrackPro_dependency_info.dat --dependency-file /Users/p016324/Library/Developer/Xcode/DerivedData/FitTrackPro-dfuxzyqazqijhrdhlxwuokwbmmia/Build/Intermediates.noindex/FitTrackPro.build/Debug-iphonesimulator/FitTrackPro.build/Objects-normal/x86_64/FitTrackPro_dependency_info.dat --stringsdata-file /Users/p016324/Library/Developer/Xcode/DerivedData/FitTrackPro-dfuxzyqazqijhrdhlxwuokwbmmia/Build/Intermediates.noindex/FitTrackPro.build/Debug-iphonesimulator/FitTrackPro.build/Objects-normal/arm64/ExtractedAppShortcutsMetadata.stringsdata --stringsdata-file /Users/p016324/Library/Developer/Xcode/DerivedData/FitTrackPro-dfuxzyqazqijhrdhlxwuokwbmmia/Build/Intermediates.noindex/FitTrackPro.build/Debug-iphonesimulator/FitTrackPro.build/Objects-normal/x86_64/ExtractedAppShortcutsMetadata.stringsdata --source-file-list /Users/p016324/Library/Developer/Xcode/DerivedData/FitTrackPro-dfuxzyqazqijhrdhlxwuokwbmmia/Build/Intermediates.noindex/FitTrackPro.build/Debug-iphonesimulator/FitTrackPro.build/Objects-normal/arm64/FitTrackPro.SwiftFileList --source-file-list /Users/p016324/Library/Developer/Xcode/DerivedData/FitTrackPro-dfuxzyqazqijhrdhlxwuokwbmmia/Build/Intermediates.noindex/FitTrackPro.build/Debug-iphonesimulator/FitTrackPro.build/Objects-normal/x86_64/FitTrackPro.SwiftFileList --metadata-file-list /Users/p016324/Library/Developer/Xcode/DerivedData/FitTrackPro-dfuxzyqazqijhrdhlxwuokwbmmia/Build/Intermediates.noindex/FitTrackPro.build/Debug-iphonesimulator/FitTrackPro.build/FitTrackPro.DependencyMetadataFileList --static-metadata-file-list /Users/p016324/Library/Developer/Xcode/DerivedData/FitTrackPro-dfuxzyqazqijhrdhlxwuokwbmmia/Build/Intermediates.noindex/FitTrackPro.build/Debug-iphonesimulator/FitTrackPro.build/FitTrackPro.DependencyStaticMetadataFileList --swift-const-vals-list /Users/p016324/Library/Developer/Xcode/DerivedData/FitTrackPro-dfuxzyqazqijhrdhlxwuokwbmmia/Build/Intermediates.noindex/FitTrackPro.build/Debug-iphonesimulator/FitTrackPro.build/Objects-normal/arm64/FitTrackPro.SwiftConstValuesFileList --swift-const-vals-list /Users/p016324/Library/Developer/Xcode/DerivedData/FitTrackPro-dfuxzyqazqijhrdhlxwuokwbmmia/Build/Intermediates.noindex/FitTrackPro.build/Debug-iphonesimulator/FitTrackPro.build/Objects-normal/x86_64/FitTrackPro.SwiftConstValuesFileList --compile-time-extraction --deployment-aware-processing --validate-assistant-intents --no-app-shortcuts-localization
2026-07-05 15:35:43.291 appintentsmetadataprocessor[39499:1101411] Starting appintentsmetadataprocessor export
2026-07-05 15:35:43.321 appintentsmetadataprocessor[39499:1101411] Extracted no relevant App Intents symbols, skipping writing output

AppIntentsSSUTraining (in target 'FitTrackPro' from project 'FitTrackPro')
    cd /Users/p016324/.gemini/antigravity/scratch/FitTrackPro
    /Applications/Xcode.app/Contents/Developer/Toolchains/XcodeDefault.xctoolchain/usr/bin/appintentsnltrainingprocessor --infoplist-path /Users/p016324/Library/Developer/Xcode/DerivedData/FitTrackPro-dfuxzyqazqijhrdhlxwuokwbmmia/Build/Products/Debug-iphonesimulator/FitTrackPro.app/Info.plist --temp-dir-path /Users/p016324/Library/Developer/Xcode/DerivedData/FitTrackPro-dfuxzyqazqijhrdhlxwuokwbmmia/Build/Intermediates.noindex/FitTrackPro.build/Debug-iphonesimulator/FitTrackPro.build/ssu --bundle-id com.riccardopfeiler.FitTrackPro --product-path /Users/p016324/Library/Developer/Xcode/DerivedData/FitTrackPro-dfuxzyqazqijhrdhlxwuokwbmmia/Build/Products/Debug-iphonesimulator/FitTrackPro.app --extracted-metadata-path /Users/p016324/Library/Developer/Xcode/DerivedData/FitTrackPro-dfuxzyqazqijhrdhlxwuokwbmmia/Build/Products/Debug-iphonesimulator/FitTrackPro.app/Metadata.appintents --metadata-file-list /Users/p016324/Library/Developer/Xcode/DerivedData/FitTrackPro-dfuxzyqazqijhrdhlxwuokwbmmia/Build/Intermediates.noindex/FitTrackPro.build/Debug-iphonesimulator/FitTrackPro.build/FitTrackPro.DependencyMetadataFileList --source-file /Users/p016324/Library/Developer/Xcode/DerivedData/FitTrackPro-dfuxzyqazqijhrdhlxwuokwbmmia/Build/Products/Debug-iphonesimulator/FitTrackPro.app/Info.plist --archive-ssu-assets
2026-07-05 15:35:43.342 appintentsnltrainingprocessor[39500:1101414] Parsing options for appintentsnltrainingprocessor
2026-07-05 15:35:43.343 appintentsnltrainingprocessor[39500:1101414] Starting AppIntents SSU YAML Generation
2026-07-05 15:35:43.343 appintentsnltrainingprocessor[39500:1101414] No AppShortcuts found - Skipping.

CodeSign /Users/p016324/Library/Developer/Xcode/DerivedData/FitTrackPro-dfuxzyqazqijhrdhlxwuokwbmmia/Build/Products/Debug-iphonesimulator/FitTrackPro.app/FitTrackPro.debug.dylib (in target 'FitTrackPro' from project 'FitTrackPro')
    cd /Users/p016324/.gemini/antigravity/scratch/FitTrackPro
    
    Signing Identity:     "Sign to Run Locally"
    
    /usr/bin/codesign --force --sign - --timestamp\=none --generate-entitlement-der /Users/p016324/Library/Developer/Xcode/DerivedData/FitTrackPro-dfuxzyqazqijhrdhlxwuokwbmmia/Build/Products/Debug-iphonesimulator/FitTrackPro.app/FitTrackPro.debug.dylib

CodeSign /Users/p016324/Library/Developer/Xcode/DerivedData/FitTrackPro-dfuxzyqazqijhrdhlxwuokwbmmia/Build/Products/Debug-iphonesimulator/FitTrackPro.app/__preview.dylib (in target 'FitTrackPro' from project 'FitTrackPro')
    cd /Users/p016324/.gemini/antigravity/scratch/FitTrackPro
    
    Signing Identity:     "Sign to Run Locally"
    
    /usr/bin/codesign --force --sign - --timestamp\=none --generate-entitlement-der /Users/p016324/Library/Developer/Xcode/DerivedData/FitTrackPro-dfuxzyqazqijhrdhlxwuokwbmmia/Build/Products/Debug-iphonesimulator/FitTrackPro.app/__preview.dylib

CodeSign /Users/p016324/Library/Developer/Xcode/DerivedData/FitTrackPro-dfuxzyqazqijhrdhlxwuokwbmmia/Build/Products/Debug-iphonesimulator/FitTrackPro.app (in target 'FitTrackPro' from project 'FitTrackPro')
    cd /Users/p016324/.gemini/antigravity/scratch/FitTrackPro
    
    Signing Identity:     "Sign to Run Locally"
    
    /usr/bin/codesign --force --sign - --entitlements /Users/p016324/Library/Developer/Xcode/DerivedData/FitTrackPro-dfuxzyqazqijhrdhlxwuokwbmmia/Build/Intermediates.noindex/FitTrackPro.build/Debug-iphonesimulator/FitTrackPro.build/FitTrackPro.app.xcent --timestamp\=none --generate-entitlement-der /Users/p016324/Library/Developer/Xcode/DerivedData/FitTrackPro-dfuxzyqazqijhrdhlxwuokwbmmia/Build/Products/Debug-iphonesimulator/FitTrackPro.app

RegisterExecutionPolicyException /Users/p016324/Library/Developer/Xcode/DerivedData/FitTrackPro-dfuxzyqazqijhrdhlxwuokwbmmia/Build/Products/Debug-iphonesimulator/FitTrackPro.app (in target 'FitTrackPro' from project 'FitTrackPro')
    cd /Users/p016324/.gemini/antigravity/scratch/FitTrackPro
    builtin-RegisterExecutionPolicyException /Users/p016324/Library/Developer/Xcode/DerivedData/FitTrackPro-dfuxzyqazqijhrdhlxwuokwbmmia/Build/Products/Debug-iphonesimulator/FitTrackPro.app

Validate /Users/p016324/Library/Developer/Xcode/DerivedData/FitTrackPro-dfuxzyqazqijhrdhlxwuokwbmmia/Build/Products/Debug-iphonesimulator/FitTrackPro.app (in target 'FitTrackPro' from project 'FitTrackPro')
    cd /Users/p016324/.gemini/antigravity/scratch/FitTrackPro
    builtin-validationUtility /Users/p016324/Library/Developer/Xcode/DerivedData/FitTrackPro-dfuxzyqazqijhrdhlxwuokwbmmia/Build/Products/Debug-iphonesimulator/FitTrackPro.app -shallow-bundle -infoplist-subpath Info.plist

Touch /Users/p016324/Library/Developer/Xcode/DerivedData/FitTrackPro-dfuxzyqazqijhrdhlxwuokwbmmia/Build/Products/Debug-iphonesimulator/FitTrackPro.app (in target 'FitTrackPro' from project 'FitTrackPro')
    cd /Users/p016324/.gemini/antigravity/scratch/FitTrackPro
    /usr/bin/touch -c /Users/p016324/Library/Developer/Xcode/DerivedData/FitTrackPro-dfuxzyqazqijhrdhlxwuokwbmmia/Build/Products/Debug-iphonesimulator/FitTrackPro.app

** BUILD SUCCEEDED **

